Archive member included to satisfy reference by file (symbol)

C:/devkitPro/libctru/lib\libcitro2d.a(base.o)
                              main.o (C2D_Init)
C:/devkitPro/libctru/lib\libcitro2d.a(text.o)
                              main.o (C2D_TextBufNew)
C:/devkitPro/libctru/lib\libcitro2d.a(font.o)
                              main.o (C2D_FontLoad)
C:/devkitPro/libctru/lib\libcitro2d.a(render2d.shbin.o)
                              C:/devkitPro/libctru/lib\libcitro2d.a(base.o) (render2d_shbin)
C:/devkitPro/libctru/lib\libcitro3d.a(attribs.o)
                              C:/devkitPro/libctru/lib\libcitro2d.a(base.o) (AttrInfo_Init)
C:/devkitPro/libctru/lib\libcitro3d.a(base.o)
                              C:/devkitPro/libctru/lib\libcitro3d.a(attribs.o) (__C3D_Context)
C:/devkitPro/libctru/lib\libcitro3d.a(buffers.o)
                              C:/devkitPro/libctru/lib\libcitro2d.a(base.o) (BufInfo_Init)
C:/devkitPro/libctru/lib\libcitro3d.a(drawElements.o)
                              C:/devkitPro/libctru/lib\libcitro2d.a(base.o) (C3D_DrawElements)
C:/devkitPro/libctru/lib\libcitro3d.a(effect.o)
                              C:/devkitPro/libctru/lib\libcitro3d.a(base.o) (C3D_DepthMap)
C:/devkitPro/libctru/lib\libcitro3d.a(framebuffer.o)
                              C:/devkitPro/libctru/lib\libcitro3d.a(base.o) (C3Di_FrameBufBind)
C:/devkitPro/libctru/lib\libcitro3d.a(immediate.o)
                              C:/devkitPro/libctru/lib\libcitro3d.a(base.o) (C3D_ImmSendAttrib)
C:/devkitPro/libctru/lib\libcitro3d.a(proctex.o)
                              C:/devkitPro/libctru/lib\libcitro2d.a(base.o) (C3D_ProcTexInit)
C:/devkitPro/libctru/lib\libcitro3d.a(renderqueue.o)
                              C:/devkitPro/libctru/lib\libcitro3d.a(base.o) (C3Di_RenderQueueEnableVBlank)
C:/devkitPro/libctru/lib\libcitro3d.a(texenv.o)
                              C:/devkitPro/libctru/lib\libcitro2d.a(base.o) (C3D_GetTexEnv)
C:/devkitPro/libctru/lib\libcitro3d.a(texture.o)
                              C:/devkitPro/libctru/lib\libcitro2d.a(base.o) (C3D_TexBind)
C:/devkitPro/libctru/lib\libcitro3d.a(uniforms.o)
                              C:/devkitPro/libctru/lib\libcitro3d.a(base.o) (C3D_UpdateUniforms)
C:/devkitPro/libctru/lib\libcitro3d.a(mtx_multiply.o)
                              C:/devkitPro/libctru/lib\libcitro2d.a(base.o) (Mtx_Multiply)
C:/devkitPro/libctru/lib\libcitro3d.a(mtx_ortho.o)
                              C:/devkitPro/libctru/lib\libcitro2d.a(base.o) (Mtx_Ortho)
C:/devkitPro/libctru/lib\libcitro3d.a(mtx_orthotilt.o)
                              C:/devkitPro/libctru/lib\libcitro2d.a(base.o) (Mtx_OrthoTilt)
C:/devkitPro/libctru/lib\libcitro3d.a(mtx_rotatez.o)
                              C:/devkitPro/libctru/lib\libcitro2d.a(base.o) (Mtx_RotateZ)
C:/devkitPro/libctru/lib\libcitro3d.a(mtx_scale.o)
                              C:/devkitPro/libctru/lib\libcitro2d.a(base.o) (Mtx_Scale)
C:/devkitPro/libctru/lib\libcitro3d.a(mtx_translate.o)
                              C:/devkitPro/libctru/lib\libcitro2d.a(base.o) (Mtx_Translate)
C:/devkitPro/libctru/lib\libctru.a(linear.o)
                              C:/devkitPro/libctru/lib\libcitro2d.a(base.o) (linearAlloc)
C:/devkitPro/libctru/lib\libctru.a(mem_pool.o)
                              C:/devkitPro/libctru/lib\libctru.a(linear.o) (MemPool::Allocate(MemChunk&, unsigned long, int))
C:/devkitPro/libctru/lib\libctru.a(vram.o)
                              C:/devkitPro/libctru/lib\libcitro3d.a(renderqueue.o) (vramAlloc)
C:/devkitPro/libctru/lib\libctru.a(font.o)
                              C:/devkitPro/libctru/lib\libcitro2d.a(text.o) (fontEnsureMapped)
C:/devkitPro/libctru/lib\libctru.a(gfx.o)
                              C:/devkitPro/libctru/lib\libcitro2d.a(base.o) (gfxIsWide)
C:/devkitPro/libctru/lib\libctru.a(os.o)
                              C:/devkitPro/libctru/lib\libcitro3d.a(buffers.o) (osConvertVirtToPhys)
C:/devkitPro/libctru/lib\libctru.a(romfs_dev.o)
                              C:/devkitPro/libctru/lib\libcitro2d.a(font.o) (romfsMountFromTitle)
C:/devkitPro/libctru/lib\libctru.a(gpu.o)
                              C:/devkitPro/libctru/lib\libcitro3d.a(base.o) (gpuCmdBufOffset)
C:/devkitPro/libctru/lib\libctru.a(gx.o)
                              C:/devkitPro/libctru/lib\libcitro3d.a(renderqueue.o) (GX_BindQueue)
C:/devkitPro/libctru/lib\libctru.a(gxqueue.o)
                              C:/devkitPro/libctru/lib\libcitro3d.a(renderqueue.o) (gxCmdQueueClear)
C:/devkitPro/libctru/lib\libctru.a(shaderProgram.o)
                              C:/devkitPro/libctru/lib\libcitro2d.a(base.o) (shaderInstanceGetUniformLocation)
C:/devkitPro/libctru/lib\libctru.a(shbin.o)
                              C:/devkitPro/libctru/lib\libcitro2d.a(base.o) (DVLB_ParseFile)
C:/devkitPro/libctru/lib\libctru.a(apt.o)
                              C:/devkitPro/libctru/lib\libcitro3d.a(base.o) (aptHook)
C:/devkitPro/libctru/lib\libctru.a(cfgu.o)
[...]
Memory Configuration

Name             Origin             Length             Attributes
*default*        0x00000000         0xffffffff

Linker script and memory map

                0x00100000                        PROVIDE (__start__ = 0x100000)
                0x00100000                        . = __start__

.text           0x00100000    0x14c24
 *(.crt0)
 .crt0          0x00100000       0x94 C:/devkitPro/devkitARM/bin/../lib/gcc/arm-none-eabi/13.2.0/../../../../arm-none-eabi/lib/armv6k/fpu/3dsx_crt0.o
                0x00100000                _start
                0x00100008                __service_ptr
                0x0010000c                __apt_appid
                0x00100010                __heap_size
                0x00100014                __linear_heap_size
                0x00100018                __system_arglist
                0x0010001c                __system_runflags
 *(.init)
 .init          0x00100094        0xc C:/devkitPro/devkitARM/bin/../lib/gcc/arm-none-eabi/13.2.0/armv6k/fpu/crti.o
                0x00100094                _init
 .init          0x001000a0        0xc C:/devkitPro/devkitARM/bin/../lib/gcc/arm-none-eabi/13.2.0/armv6k/fpu/crtn.o
                0x001000ac                        . = ALIGN (0x4)
 *(.text)
 .text          0x001000ac      0x20c C:/devkitPro/devkitARM/bin/../lib/gcc/arm-none-eabi/13.2.0/armv6k/fpu\libgcc.a(_udivsi3.o)
                0x001000ac                __aeabi_uidiv
                0x001000ac                __udivsi3
                0x00100298                __aeabi_uidivmod
 .text          0x001002b8      0x240 C:/devkitPro/devkitARM/bin/../lib/gcc/arm-none-eabi/13.2.0/armv6k/fpu\libgcc.a(_divsi3.o)
                0x001002b8                __divsi3
                0x001002b8                __aeabi_idiv
                0x001004d8                __aeabi_idivmod
 .text          0x001004f8        0x4 C:/devkitPro/devkitARM/bin/../lib/gcc/arm-none-eabi/13.2.0/armv6k/fpu\libgcc.a(_dvmd_tls.o)
                0x001004f8                __aeabi_idiv0
                0x001004f8                __aeabi_ldiv0
 *fill*         0x001004fc        0x4 
 .text          0x00100500      0x390 C:/devkitPro/devkitARM/bin/../lib/gcc/arm-none-eabi/13.2.0/../../../../arm-none-eabi/lib/armv6k/fpu\libg.a(libc_a-strcmp.o)
                0x00100508                strcmp
 *(.text.*)
 .text.__do_global_dtors_aux
                0x00100890       0x40 C:/devkitPro/devkitARM/bin/../lib/gcc/arm-none-eabi/13.2.0/armv6k/fpu/crtbegin.o
 .text.frame_dummy
                0x001008d0       0x2c C:/devkitPro/devkitARM/bin/../lib/gcc/arm-none-eabi/13.2.0/armv6k/fpu/crtbegin.o
 .text.renderBlock.constprop.0
                0x001008fc      0x28c main.o
 .text.startup.main
                0x00100b88      0x148 main.o
                0x00100b88                main
 .text.C2Di_FrameEndHook
                0x00100cd0       0x44 C:/devkitPro/libctru/lib\libcitro2d.a(base.o)
 *fill*         0x00100d14        0x4 
 .text.C2D_Init
                0x00100d18      0x36c C:/devkitPro/libctru/lib\libcitro2d.a(base.o)
                0x00100d18                C2D_Init
 .text.C2D_Fini
                0x00101084       0x4c C:/devkitPro/libctru/lib\libcitro2d.a(base.o)
                0x00101084                C2D_Fini
 .text.C2D_Prepare
                0x001010d0       0xb8 C:/devkitPro/libctru/lib\libcitro2d.a(base.o)
                0x001010d0                C2D_Prepare
 .text.C2D_Flush
                0x00101188       0x48 C:/devkitPro/libctru/lib\libcitro2d.a(base.o)
                0x00101188                C2D_Flush
 .text.C2D_SceneSize
                0x001011d0      0x104 C:/devkitPro/libctru/lib\libcitro2d.a(base.o)
                0x001011d0                C2D_SceneSize
 .text.C2D_CreateScreenTarget
                0x001012d4       0x58 C:/devkitPro/libctru/lib\libcitro2d.a(base.o)
                0x001012d4                C2D_CreateScreenTarget
 .text.C2D_TargetClear
                0x0010132c       0x64 C:/devkitPro/libctru/lib\libcitro2d.a(base.o)
                0x0010132c                C2D_TargetClear
 .text.C2Di_AppendQuad
                0x00101390       0x58 C:/devkitPro/libctru/lib\libcitro2d.a(base.o)
                0x00101390                C2Di_AppendQuad
 .text.C2Di_AppendVtx
                0x001013e8       0x40 C:/devkitPro/libctru/lib\libcitro2d.a(base.o)
                0x001013e8                C2Di_AppendVtx
 .text.C2Di_Update
                0x00101428      0x550 C:/devkitPro/libctru/lib\libcitro2d.a(base.o)
                0x00101428                C2Di_Update
 .text.C2D_DrawTriangle
                0x00101978      0x15c C:/devkitPro/libctru/lib\libcitro2d.a(base.o)
                0x00101978                C2D_DrawTriangle
 .text.C2D_DrawRectangle
                0x00101ad4      0x158 C:/devkitPro/libctru/lib\libcitro2d.a(base.o)
                0x00101ad4                C2D_DrawRectangle
 .text.C2Di_GlyphComp
                0x00101c2c       0x18 C:/devkitPro/libctru/lib\libcitro2d.a(text.o)
 .text.C2Di_CalcLineWidths
                0x00101c44      0x140 C:/devkitPro/libctru/lib\libcitro2d.a(text.o)
 .text.C2D_TextBufNew
                0x00101d84      0x1dc C:/devkitPro/libctru/lib\libcitro2d.a(text.o)
                0x00101d84                C2D_TextBufNew
 .text.C2D_TextBufClear
                0x00101f60        0xc C:/devkitPro/libctru/lib\libcitro2d.a(text.o)
                0x00101f60                C2D_TextBufClear
 .text.C2D_TextFontParseLine
                0x00101f6c      0x1c8 C:/devkitPro/libctru/lib\libcitro2d.a(text.o)
                0x00101f6c                C2D_TextFontParseLine
 .text.C2D_TextFontParse
                0x00102134       0xa8 C:/devkitPro/libctru/lib\libcitro2d.a(text.o)
                0x00102134                C2D_TextFontParse
 .text.C2D_TextOptimize
                0x001021dc       0x30 C:/devkitPro/libctru/lib\libcitro2d.a(text.o)
                0x001021dc                C2D_TextOptimize
 .text.C2D_TextGetDimensions
                0x0010220c       0xc0 C:/devkitPro/libctru/lib\libcitro2d.a(text.o)
                0x0010220c                C2D_TextGetDimensions
 .text.C2D_DrawText
                0x001022cc      0xf6c C:/devkitPro/libctru/lib\libcitro2d.a(text.o)
                0x001022cc                C2D_DrawText
 .text.C2D_FontFree
                0x00103238       0x28 C:/devkitPro/libctru/lib\libcitro2d.a(font.o)
                0x00103238                C2D_FontFree
 .text.C2Di_PostLoadFont
                0x00103260       0xe8 C:/devkitPro/libctru/lib\libcitro2d.a(font.o)
 .text.C2D_FontLoadFromHandle
                0x00103348       0xb4 C:/devkitPro/libctru/lib\libcitro2d.a(font.o)
                0x00103348                C2D_FontLoadFromHandle
 .text.C2D_FontLoad
                0x001033fc       0x34 C:/devkitPro/libctru/lib\libcitro2d.a(font.o)
                0x001033fc                C2D_FontLoad
 .text.C2D_FontGlyphIndexFromCodePoint
                0x00103430       0x44 C:/devkitPro/libctru/lib\libcitro2d.a(font.o)
                0x00103430                C2D_FontGlyphIndexFromCodePoint
 .text.C2D_FontCalcGlyphPos
                0x00103474       0x78 C:/devkitPro/libctru/lib\libcitro2d.a(font.o)
                0x00103474                C2D_FontCalcGlyphPos
 .text.AttrInfo_Init
                0x001034ec       0x28 C:/devkitPro/libctru/lib\libcitro3d.a(attribs.o)
                0x001034ec                AttrInfo_Init
 .text.AttrInfo_AddLoader
                0x00103514       0x94 C:/devkitPro/libctru/lib\libcitro3d.a(attribs.o)
                0x00103514                AttrInfo_AddLoader
 .text.C3D_SetAttrInfo
                0x001035a8       0x54 C:/devkitPro/libctru/lib\libcitro3d.a(attribs.o)
                0x001035a8                C3D_SetAttrInfo
 .text.C3Di_AttrInfoBind
                0x001035fc       0x80 C:/devkitPro/libctru/lib\libcitro3d.a(attribs.o)
                0x001035fc                C3Di_AttrInfoBind
 .text.C3Di_LightEnvUpdate
                0x0010367c        0x4 C:/devkitPro/libctru/lib\libcitro3d.a(base.o)
                0x0010367c                C3Di_LightEnvUpdate
 .text.C3Di_LightEnvDirty
                0x00103680        0x4 C:/devkitPro/libctru/lib\libcitro3d.a(base.o)
                0x00103680                C3Di_LightEnvDirty
 .text.C3Di_AptEventHook
                0x00103684       0xb4 C:/devkitPro/libctru/lib\libcitro3d.a(base.o)
 .text.C3Di_GasUpdate
                0x00103738        0x4 C:/devkitPro/libctru/lib\libcitro3d.a(base.o)
                0x00103738                C3Di_GasUpdate
 .text.C3D_Init
                0x0010373c      0x1d0 C:/devkitPro/libctru/lib\libcitro3d.a(base.o)
                0x0010373c                C3D_Init
 .text.C3D_SetViewport
                0x0010390c       0x98 C:/devkitPro/libctru/lib\libcitro3d.a(base.o)
                0x0010390c                C3D_SetViewport
 .text.C3Di_UpdateContext
                0x001039a4      0x4e8 C:/devkitPro/libctru/lib\libcitro3d.a(base.o)
                0x001039a4                C3Di_UpdateContext
 .text.C3Di_SplitFrame
                0x00103e8c       0xe0 C:/devkitPro/libctru/lib\libcitro3d.a(base.o)
                0x00103e8c                C3Di_SplitFrame
 .text.C3D_Fini
                0x00103f6c       0x44 C:/devkitPro/libctru/lib\libcitro3d.a(base.o)
                0x00103f6c                C3D_Fini
 .text.C3D_BindProgram
                0x00103fb0      0x194 C:/devkitPro/libctru/lib\libcitro3d.a(base.o)
                0x00103fb0                C3D_BindProgram
 .text.BufInfo_Init
                0x00104144       0x24 C:/devkitPro/libctru/lib\libcitro3d.a(buffers.o)
                0x00104144                BufInfo_Init
 .text.BufInfo_Add
                0x00104168       0x80 C:/devkitPro/libctru/lib\libcitro3d.a(buffers.o)
                0x00104168                BufInfo_Add
 .text.C3D_SetBufInfo
                0x001041e8       0x3c C:/devkitPro/libctru/lib\libcitro3d.a(buffers.o)
                0x001041e8                C3D_SetBufInfo
 .text.C3Di_BufInfoBind
                0x00104224       0x48 C:/devkitPro/libctru/lib\libcitro3d.a(buffers.o)
                0x00104224                C3Di_BufInfoBind
 .text.C3D_DrawElements
                0x0010426c      0x21c C:/devkitPro/libctru/lib\libcitro3d.a(drawElements.o)
                0x0010426c                C3D_DrawElements
 .text.C3D_DepthMap
                0x00104488       0x40 C:/devkitPro/libctru/lib\libcitro3d.a(effect.o)
                0x00104488                C3D_DepthMap
 .text.C3D_CullFace
                0x001044c8       0x1c C:/devkitPro/libctru/lib\libcitro3d.a(effect.o)
                0x001044c8                C3D_CullFace
 .text.C3D_StencilTest
                0x001044e4       0x40 C:/devkitPro/libctru/lib\libcitro3d.a(effect.o)
                0x001044e4                C3D_StencilTest
 .text.C3D_StencilOp
                0x00104524       0x24 C:/devkitPro/libctru/lib\libcitro3d.a(effect.o)
                0x00104524                C3D_StencilOp
 .text.C3D_BlendingColor
                0x00104548       0x1c C:/devkitPro/libctru/lib\libcitro3d.a(effect.o)
                0x00104548                C3D_BlendingColor
 .text.C3D_EarlyDepthTest
                0x00104564       0x24 C:/devkitPro/libctru/lib\libcitro3d.a(effect.o)
                0x00104564                C3D_EarlyDepthTest
 .text.C3D_DepthTest
                0x00104588       0x2c C:/devkitPro/libctru/lib\libcitro3d.a(effect.o)
                0x00104588                C3D_DepthTest
 .text.C3D_AlphaTest
                0x001045b4       0x2c C:/devkitPro/libctru/lib\libcitro3d.a(effect.o)
                0x001045b4                C3D_AlphaTest
 .text.C3D_AlphaBlend
                0x001045e0       0x50 C:/devkitPro/libctru/lib\libcitro3d.a(effect.o)
                0x001045e0                C3D_AlphaBlend
 .text.C3D_FragOpMode
                0x00104630       0x30 C:/devkitPro/libctru/lib\libcitro3d.a(effect.o)
                0x00104630                C3D_FragOpMode
 .text.C3D_FragOpShadow
                0x00104660       0x44 C:/devkitPro/libctru/lib\libcitro3d.a(effect.o)
                0x00104660                C3D_FragOpShadow
 .text.C3Di_EffectBind
                0x001046a4      0x1ac C:/devkitPro/libctru/lib\libcitro3d.a(effect.o)
                0x001046a4                C3Di_EffectBind
 .text.C3D_CalcColorBufSize
                0x00104850       0x1c C:/devkitPro/libctru/lib\libcitro3d.a(framebuffer.o)
                0x00104850                C3D_CalcColorBufSize
 .text.C3D_CalcDepthBufSize
                0x0010486c       0x1c C:/devkitPro/libctru/lib\libcitro3d.a(framebuffer.o)
                0x0010486c                C3D_CalcDepthBufSize
 .text.C3D_SetFrameBuf
                0x00104888       0x44 C:/devkitPro/libctru/lib\libcitro3d.a(framebuffer.o)
                0x00104888                C3D_SetFrameBuf
 .text.C3Di_FrameBufBind
                0x001048cc      0x16c C:/devkitPro/libctru/lib\libcitro3d.a(framebuffer.o)
                0x001048cc                C3Di_FrameBufBind
 .text.C3D_FrameBufClear
                0x00104a38       0xc8 C:/devkitPro/libctru/lib\libcitro3d.a(framebuffer.o)
                0x00104a38                C3D_FrameBufClear
 .text.C3D_FrameBufTransfer
                0x00104b00       0x44 C:/devkitPro/libctru/lib\libcitro3d.a(framebuffer.o)
                0x00104b00                C3D_FrameBufTransfer
 .text.C3D_ImmSendAttrib
                0x00104b44       0xa8 C:/devkitPro/libctru/lib\libcitro3d.a(immediate.o)
                0x00104b44                C3D_ImmSendAttrib
 .text.C3D_ProcTexInit
                0x00104bec       0x70 C:/devkitPro/libctru/lib\libcitro3d.a(proctex.o)
                0x00104bec                C3D_ProcTexInit
 .text.C3D_ProcTexBind
                0x00104c5c       0x54 C:/devkitPro/libctru/lib\libcitro3d.a(proctex.o)
                0x00104c5c                C3D_ProcTexBind
 .text.C3D_ProcTexLutBind
                0x00104cb0       0x5c C:/devkitPro/libctru/lib\libcitro3d.a(proctex.o)
                0x00104cb0                C3D_ProcTexLutBind
 .text.ProcTexLut_FromArray
                0x00104d0c       0xa4 C:/devkitPro/libctru/lib\libcitro3d.a(proctex.o)
                0x00104d0c                ProcTexLut_FromArray
 .text.C3Di_ProcTexUpdate
                0x00104db0      0x178 C:/devkitPro/libctru/lib\libcitro3d.a(proctex.o)
                0x00104db0                C3Di_ProcTexUpdate
 .text.C3Di_ProcTexDirty
                0x00104f28       0x68 C:/devkitPro/libctru/lib\libcitro3d.a(proctex.o)
                0x00104f28                C3Di_ProcTexDirty
 .text.onVBlank0
                0x00104f90       0x4c C:/devkitPro/libctru/lib\libcitro3d.a(renderqueue.o)
 .text.onVBlank1
                0x00104fdc       0x4c C:/devkitPro/libctru/lib\libcitro3d.a(renderqueue.o)
 .text.C3Di_RenderTargetDestroy
                0x00105028       0x80 C:/devkitPro/libctru/lib\libcitro3d.a(renderqueue.o)
 .text.onQueueFinish
                0x001050a8       0xf4 C:/devkitPro/libctru/lib\libcitro3d.a(renderqueue.o)
 .text.C3Di_RenderQueueEnableVBlank
                0x0010519c       0x38 C:/devkitPro/libctru/lib\libcitro3d.a(renderqueue.o)
                0x0010519c                C3Di_RenderQueueEnableVBlank
 .text.C3Di_RenderQueueDisableVBlank
                0x001051d4       0x30 C:/devkitPro/libctru/lib\libcitro3d.a(renderqueue.o)
                0x001051d4                C3Di_RenderQueueDisableVBlank
 .text.C3Di_RenderQueueInit
                0x00105204       0x60 C:/devkitPro/libctru/lib\libcitro3d.a(renderqueue.o)
                0x00105204                C3Di_RenderQueueInit
 .text.C3Di_RenderQueueExit
                0x00105264       0xb4 C:/devkitPro/libctru/lib\libcitro3d.a(renderqueue.o)
                0x00105264                C3Di_RenderQueueExit
 .text.C3Di_RenderQueueWaitDone
                0x00105318       0x34 C:/devkitPro/libctru/lib\libcitro3d.a(renderqueue.o)
                0x00105318                C3Di_RenderQueueWaitDone
 .text.C3D_FrameBegin
                0x0010534c       0xe8 C:/devkitPro/libctru/lib\libcitro3d.a(renderqueue.o)
                0x0010534c                C3D_FrameBegin
 .text.C3D_FrameDrawOn
                0x00105434       0x48 C:/devkitPro/libctru/lib\libcitro3d.a(renderqueue.o)
                0x00105434                C3D_FrameDrawOn
 .text.C3D_FrameSplit
                0x0010547c       0x58 C:/devkitPro/libctru/lib\libcitro3d.a(renderqueue.o)
                0x0010547c                C3D_FrameSplit
 .text.C3D_FrameEnd
                0x001054d4      0x1d0 C:/devkitPro/libctru/lib\libcitro3d.a(renderqueue.o)
                0x001054d4                C3D_FrameEnd
 .text.C3D_FrameEndHook
                0x001056a4       0x1c C:/devkitPro/libctru/lib\libcitro3d.a(renderqueue.o)
                0x001056a4                C3D_FrameEndHook
 .text.C3D_RenderTargetCreate
                0x001056c0      0x170 C:/devkitPro/libctru/lib\libcitro3d.a(renderqueue.o)
                0x001056c0                C3D_RenderTargetCreate
 .text.C3D_RenderTargetSetOutput
                0x00105830       0xa8 C:/devkitPro/libctru/lib\libcitro3d.a(renderqueue.o)
                0x00105830                C3D_RenderTargetSetOutput
 .text.C3D_GetTexEnv
                0x001058d8       0x34 C:/devkitPro/libctru/lib\libcitro3d.a(texenv.o)
                0x001058d8                C3D_GetTexEnv
 .text.C3Di_TexEnvBind
                0x0010590c       0x24 C:/devkitPro/libctru/lib\libcitro3d.a(texenv.o)
                0x0010590c                C3Di_TexEnvBind
 .text.C3D_TexBind
                0x00105930       0x44 C:/devkitPro/libctru/lib\libcitro3d.a(texture.o)
                0x00105930                C3D_TexBind
 .text.C3Di_SetTex
                0x00105974      0x14c C:/devkitPro/libctru/lib\libcitro3d.a(texture.o)
                0x00105974                C3Di_SetTex
 .text.C3D_UpdateUniforms
                0x00105ac0      0x290 C:/devkitPro/libctru/lib\libcitro3d.a(uniforms.o)
                0x00105ac0                C3D_UpdateUniforms
 .text.C3Di_DirtyUniforms
                0x00105d50       0xc0 C:/devkitPro/libctru/lib\libcitro3d.a(uniforms.o)
                0x00105d50                C3Di_DirtyUniforms
 .text.C3Di_LoadShaderUniforms
                0x00105e10       0xd8 C:/devkitPro/libctru/lib\libcitro3d.a(uniforms.o)
                0x00105e10                C3Di_LoadShaderUniforms
 .text.C3Di_ClearShaderUniforms
                0x00105ee8       0x28 C:/devkitPro/libctru/lib\libcitro3d.a(uniforms.o)
                0x00105ee8                C3Di_ClearShaderUniforms
 .text.Mtx_Ortho
                0x00105f10       0xcc C:/devkitPro/libctru/lib\libcitro3d.a(mtx_ortho.o)
                0x00105f10                Mtx_Ortho
 .text.Mtx_OrthoTilt
                0x00105fdc       0xcc C:/devkitPro/libctru/lib\libcitro3d.a(mtx_orthotilt.o)
                0x00105fdc                Mtx_OrthoTilt
 .text._ZL21addrMapNodeComparatorPK11rbtree_nodeS1_
                0x001060a8       0x24 C:/devkitPro/libctru/lib\libctru.a(linear.o)
 .text._ZL21addrMapNodeDestructorP11rbtree_node
                0x001060cc        0x4 C:/devkitPro/libctru/lib\libctru.a(linear.o)
 .text.linearMemAlign
                0x001060d0      0x120 C:/devkitPro/libctru/lib\libctru.a(linear.o)
                0x001060d0                linearMemAlign
 .text.linearAlloc
                0x001061f0        0x8 C:/devkitPro/libctru/lib\libctru.a(linear.o)
                0x001061f0                linearAlloc
 .text.linearFree
                0x001061f8       0x5c C:/devkitPro/libctru/lib\libctru.a(linear.o)
                0x001061f8                linearFree
 .text._ZN7MemPool13CoalesceRightEP8MemBlock
                0x00106254       0x80 C:/devkitPro/libctru/lib\libctru.a(mem_pool.o)
                0x00106254                MemPool::CoalesceRight(MemBlock*)
 .text._ZN7MemPool8AllocateER8MemChunkmi
                0x001062d4      0x16c C:/devkitPro/libctru/lib\libctru.a(mem_pool.o)
                0x001062d4                MemPool::Allocate(MemChunk&, unsigned long, int)
 .text._ZN7MemPool10DeallocateERK8MemChunk
                0x00106440       0xfc C:/devkitPro/libctru/lib\libctru.a(mem_pool.o)
                0x00106440                MemPool::Deallocate(MemChunk const&)
 .text._ZN7MemPool12GetFreeSpaceEv
                0x0010653c       0x30 C:/devkitPro/libctru/lib\libctru.a(mem_pool.o)
                0x0010653c                MemPool::GetFreeSpace()
 .text._ZL21addrMapNodeComparatorPK11rbtree_nodeS1_
                0x0010656c       0x24 C:/devkitPro/libctru/lib\libctru.a(vram.o)
 .text._ZL21addrMapNodeDestructorP11rbtree_node
                0x00106590        0x4 C:/devkitPro/libctru/lib\libctru.a(vram.o)
 .text.vramMemAlignAt
                0x00106594      0x24c C:/devkitPro/libctru/lib\libctru.a(vram.o)
                0x00106594                vramMemAlignAt
 .text.vramAlloc
                0x001067e0        0xc C:/devkitPro/libctru/lib\libctru.a(vram.o)
                0x001067e0                vramAlloc
 .text.vramAllocAt
                0x001067ec        0xc C:/devkitPro/libctru/lib\libctru.a(vram.o)
                0x001067ec                vramAllocAt
 .text.vramFree
                0x001067f8       0x90 C:/devkitPro/libctru/lib\libctru.a(vram.o)
                0x001067f8                vramFree
 .text.fontEnsureMapped
                0x00106888       0x94 C:/devkitPro/libctru/lib\libctru.a(font.o)
                0x00106888                fontEnsureMapped
 .text.fontFixPointers
                0x0010691c       0x7c C:/devkitPro/libctru/lib\libctru.a(font.o)
                0x0010691c                fontFixPointers
 .text.fontGlyphIndexFromCodePoint
                0x00106998      0x100 C:/devkitPro/libctru/lib\libctru.a(font.o)
                0x00106998                fontGlyphIndexFromCodePoint
 .text.fontCalcGlyphPos
                0x00106a98      0x1ec C:/devkitPro/libctru/lib\libctru.a(font.o)
                0x00106a98                fontCalcGlyphPos
 .text.gfxPresentFramebuffer
                0x00106c84       0xd0 C:/devkitPro/libctru/lib\libctru.a(gfx.o)
 .text.gfxIsWide
                0x00106d54       0x1c C:/devkitPro/libctru/lib\libctru.a(gfx.o)
                0x00106d54                gfxIsWide
 .text.gfxSetScreenFormat
                0x00106d70       0xec C:/devkitPro/libctru/lib\libctru.a(gfx.o)
                0x00106d70                gfxSetScreenFormat
 .text.gfxInit  0x00106e5c       0xe0 C:/devkitPro/libctru/lib\libctru.a(gfx.o)
                0x00106e5c                gfxInit
 .text.gfxInitDefault
                0x00106f3c       0x10 C:/devkitPro/libctru/lib\libctru.a(gfx.o)
                0x00106f3c                gfxInitDefault
 .text.gfxExit  0x00106f4c       0xb4 C:/devkitPro/libctru/lib\libctru.a(gfx.o)
                0x00106f4c                gfxExit
 .text.gfxGetFramebuffer
                0x00107000       0xa0 C:/devkitPro/libctru/lib\libctru.a(gfx.o)
                0x00107000                gfxGetFramebuffer
 .text.gfxScreenSwapBuffers
                0x001070a0       0x30 C:/devkitPro/libctru/lib\libctru.a(gfx.o)
                0x001070a0                gfxScreenSwapBuffers
 .text.osConvertVirtToPhys
                0x001070d0       0x74 C:/devkitPro/libctru/lib\libctru.a(os.o)
                0x001070d0                osConvertVirtToPhys
 .text.__ctru_speedup_config
                0x00107144       0x34 C:/devkitPro/libctru/lib\libctru.a(os.o)
                0x00107144                __ctru_speedup_config
 .text.GPUCMD_Add
                0x00107178      0x13c C:/devkitPro/libctru/lib\libctru.a(gpu.o)
                0x00107178                GPUCMD_Add
 .text.GPUCMD_Split
                0x001072b4       0xb0 C:/devkitPro/libctru/lib\libctru.a(gpu.o)
                0x001072b4                GPUCMD_Split
 .text.f32tof16
                0x00107364       0x34 C:/devkitPro/libctru/lib\libctru.a(gpu.o)
                0x00107364                f32tof16
 .text.f32tof24
                0x00107398       0x34 C:/devkitPro/libctru/lib\libctru.a(gpu.o)
                0x00107398                f32tof24
 .text.f32tof31
                0x001073cc       0x38 C:/devkitPro/libctru/lib\libctru.a(gpu.o)
                0x001073cc                f32tof31
 .text.GX_BindQueue
                0x00107404       0x10 C:/devkitPro/libctru/lib\libctru.a(gx.o)
                0x00107404                GX_BindQueue
 .text.GX_ProcessCommandList
                0x00107414       0x78 C:/devkitPro/libctru/lib\libctru.a(gx.o)
                0x00107414                GX_ProcessCommandList
 .text.GX_MemoryFill
                0x0010748c       0x74 C:/devkitPro/libctru/lib\libctru.a(gx.o)
                0x0010748c                GX_MemoryFill
 .text.GX_DisplayTransfer
                0x00107500       0x70 C:/devkitPro/libctru/lib\libctru.a(gx.o)
                0x00107500                GX_DisplayTransfer
 .text.gxCmdQueueDoCommands.part.0
                0x00107570       0x68 C:/devkitPro/libctru/lib\libctru.a(gxqueue.o)
 .text.gxCmdQueueInterrupt
                0x001075d8       0xc8 C:/devkitPro/libctru/lib\libctru.a(gxqueue.o)
                0x001075d8                gxCmdQueueInterrupt
 .text.gxCmdQueueClear
                0x001076a0       0x4c C:/devkitPro/libctru/lib\libctru.a(gxqueue.o)
                0x001076a0                gxCmdQueueClear
 .text.gxCmdQueueAdd
                0x001076ec       0xf8 C:/devkitPro/libctru/lib\libctru.a(gxqueue.o)
                0x001076ec                gxCmdQueueAdd
 .text.gxCmdQueueRun
                0x001077e4       0x80 C:/devkitPro/libctru/lib\libctru.a(gxqueue.o)
                0x001077e4                gxCmdQueueRun
 .text.gxCmdQueueStop
                0x00107864       0x60 C:/devkitPro/libctru/lib\libctru.a(gxqueue.o)
                0x00107864                gxCmdQueueStop
 .text.gxCmdQueueWait
                0x001078c4       0x8c C:/devkitPro/libctru/lib\libctru.a(gxqueue.o)
                0x001078c4                gxCmdQueueWait
 .text.shaderInstanceInit
                0x00107950      0x1d0 C:/devkitPro/libctru/lib\libctru.a(shaderProgram.o)
                0x00107950                shaderInstanceInit
 .text.shaderInstanceGetUniformLocation
                0x00107b20       0x18 C:/devkitPro/libctru/lib\libctru.a(shaderProgram.o)
                0x00107b20                shaderInstanceGetUniformLocation
 .text.shaderProgramInit
                0x00107b38       0x1c C:/devkitPro/libctru/lib\libctru.a(shaderProgram.o)
                0x00107b38                shaderProgramInit
 .text.shaderProgramFree
                0x00107b54       0x64 C:/devkitPro/libctru/lib\libctru.a(shaderProgram.o)
                0x00107b54                shaderProgramFree
 .text.shaderProgramSetVsh
                0x00107bb8       0x80 C:/devkitPro/libctru/lib\libctru.a(shaderProgram.o)
                0x00107bb8                shaderProgramSetVsh
 .text.shaderProgramConfigure
                0x00107c38      0x8e0 C:/devkitPro/libctru/lib\libctru.a(shaderProgram.o)
                0x00107c38                shaderProgramConfigure
 .text.DVLE_GenerateOutmap.part.0
                0x00108518      0x1cc C:/devkitPro/libctru/lib\libctru.a(shbin.o)
 .text.DVLB_ParseFile
                0x001086e4      0x1b4 C:/devkitPro/libctru/lib\libctru.a(shbin.o)
                0x001086e4                DVLB_ParseFile
 .text.DVLB_Free
                0x00108898       0x38 C:/devkitPro/libctru/lib\libctru.a(shbin.o)
                0x00108898                DVLB_Free
 .text.DVLE_GetUniformRegister
                0x001088d0       0x74 C:/devkitPro/libctru/lib\libctru.a(shbin.o)
                0x001088d0                DVLE_GetUniformRegister
 .text.aptConvertScreenForCapture
                0x00108944      0x1ac C:/devkitPro/libctru/lib\libctru.a(apt.o)
 .text.aptDspSleep
                0x00108af0        0x8 C:/devkitPro/libctru/lib\libctru.a(apt.o)
                0x00108af0                aptDspSleep
 .text.aptDspWakeup
                0x00108af8        0x4 C:/devkitPro/libctru/lib\libctru.a(apt.o)
                0x00108af8                aptDspWakeup
 .text.aptDspCancel
                0x00108afc        0x4 C:/devkitPro/libctru/lib\libctru.a(apt.o)
                0x00108afc                aptDspCancel
 .text.aptSendCommand
                0x00108b00      0x158 C:/devkitPro/libctru/lib\libctru.a(apt.o)
                0x00108b00                aptSendCommand
 .text.aptExitProcess
                0x00108c58       0x44 C:/devkitPro/libctru/lib\libctru.a(apt.o)
 .text.aptExit  0x00108c9c      0x38c C:/devkitPro/libctru/lib\libctru.a(apt.o)
                0x00108c9c                aptExit
 .text.aptHandleSleep
                0x00109028       0xe0 C:/devkitPro/libctru/lib\libctru.a(apt.o)
                0x00109028                aptHandleSleep
 .text.aptHook  0x00109108       0x30 C:/devkitPro/libctru/lib\libctru.a(apt.o)
                0x00109108                aptHook
 .text.aptUnhook
                0x00109138       0x30 C:/devkitPro/libctru/lib\libctru.a(apt.o)
                0x00109138                aptUnhook
 .text.APT_SleepIfShellClosed
                0x00109168       0x84 C:/devkitPro/libctru/lib\libctru.a(apt.o)
                0x00109168                APT_SleepIfShellClosed
 .text.aptSetSleepAllowed
                0x001091ec       0x84 C:/devkitPro/libctru/lib\libctru.a(apt.o)
                0x001091ec                aptSetSleepAllowed
 .text.APT_UnlockTransition
                0x00109270       0x84 C:/devkitPro/libctru/lib\libctru.a(apt.o)
                0x00109270                APT_UnlockTransition
 *fill*         0x001092f4        0x4 
 .text.aptEventHandler
                0x001092f8      0x4a4 C:/devkitPro/libctru/lib\libctru.a(apt.o)
 .text.APT_ReceiveParameter
                0x0010979c       0xb0 C:/devkitPro/libctru/lib\libctru.a(apt.o)
                0x0010979c                APT_ReceiveParameter
 .text.aptReceiveParameter.constprop.0
                0x0010984c       0xac C:/devkitPro/libctru/lib\libctru.a(apt.o)
 .text.aptScreenTransfer
                0x001098f8      0x2ac C:/devkitPro/libctru/lib\libctru.a(apt.o)
 .text.aptWaitForWakeUp.isra.0
                0x00109ba4      0x320 C:/devkitPro/libctru/lib\libctru.a(apt.o)
 .text.aptJumpToHomeMenu
                0x00109ec4       0xf8 C:/devkitPro/libctru/lib\libctru.a(apt.o)
                0x00109ec4                aptJumpToHomeMenu
 .text.aptMainLoop
                0x00109fbc       0x48 C:/devkitPro/libctru/lib\libctru.a(apt.o)
                0x00109fbc                aptMainLoop
 .text.aptInit  0x0010a004      0x22c C:/devkitPro/libctru/lib\libctru.a(apt.o)
                0x0010a004                aptInit
 .text.APT_CheckNew3DS
                0x0010a230       0x7c C:/devkitPro/libctru/lib\libctru.a(apt.o)
                0x0010a230                APT_CheckNew3DS
 .text.APT_GetSharedFont
                0x0010a2ac       0x48 C:/devkitPro/libctru/lib\libctru.a(apt.o)
                0x0010a2ac                APT_GetSharedFont
 .text.fsInit   0x0010a2f4       0xcc C:/devkitPro/libctru/lib\libctru.a(fs.o)
                0x0010a2f4                fsInit
 .text.fsExit   0x0010a3c0       0x3c C:/devkitPro/libctru/lib\libctru.a(fs.o)
                0x0010a3c0                fsExit
 .text.fsExemptFromSession
                0x0010a3fc       0x60 C:/devkitPro/libctru/lib\libctru.a(fs.o)
                0x0010a3fc                fsExemptFromSession
 .text.fsUnexemptFromSession
                0x0010a45c       0x50 C:/devkitPro/libctru/lib\libctru.a(fs.o)
                0x0010a45c                fsUnexemptFromSession
 .text.FSUSER_OpenFile
                0x0010a4ac       0xcc C:/devkitPro/libctru/lib\libctru.a(fs.o)
                0x0010a4ac                FSUSER_OpenFile
 .text.FSUSER_DeleteFile
                0x0010a578       0xbc C:/devkitPro/libctru/lib\libctru.a(fs.o)
                0x0010a578                FSUSER_DeleteFile
 .text.FSUSER_RenameFile
                0x0010a634       0xf8 C:/devkitPro/libctru/lib\libctru.a(fs.o)
                0x0010a634                FSUSER_RenameFile
 .text.FSUSER_DeleteDirectory
                0x0010a72c       0xbc C:/devkitPro/libctru/lib\libctru.a(fs.o)
                0x0010a72c                FSUSER_DeleteDirectory
 .text.FSUSER_CreateFile
                0x0010a7e8       0xd4 C:/devkitPro/libctru/lib\libctru.a(fs.o)
                0x0010a7e8                FSUSER_CreateFile
 .text.FSUSER_CreateDirectory
                0x0010a8bc       0xc4 C:/devkitPro/libctru/lib\libctru.a(fs.o)
                0x0010a8bc                FSUSER_CreateDirectory
 .text.FSUSER_RenameDirectory
                0x0010a980       0xf8 C:/devkitPro/libctru/lib\libctru.a(fs.o)
                0x0010a980                FSUSER_RenameDirectory
 .text.FSUSER_OpenDirectory
                0x0010aa78       0xb4 C:/devkitPro/libctru/lib\libctru.a(fs.o)
                0x0010aa78                FSUSER_OpenDirectory
 .text.FSUSER_OpenArchive
                0x0010ab2c       0x94 C:/devkitPro/libctru/lib\libctru.a(fs.o)
                0x0010ab2c                FSUSER_OpenArchive
 .text.FSUSER_CloseArchive
                0x0010abc0       0x8c C:/devkitPro/libctru/lib\libctru.a(fs.o)
                0x0010abc0                FSUSER_CloseArchive
 .text.FSUSER_GetSdmcArchiveResource
                0x0010ac4c       0x74 C:/devkitPro/libctru/lib\libctru.a(fs.o)
                0x0010ac4c                FSUSER_GetSdmcArchiveResource
 .text.FSUSER_IsSdmcWritable
                0x0010acc0       0x64 C:/devkitPro/libctru/lib\libctru.a(fs.o)
                0x0010acc0                FSUSER_IsSdmcWritable
 .text.FSFILE_Read
                0x0010ad24       0x58 C:/devkitPro/libctru/lib\libctru.a(fs.o)
                0x0010ad24                FSFILE_Read
 .text.FSFILE_Write
                0x0010ad7c       0x60 C:/devkitPro/libctru/lib\libctru.a(fs.o)
                0x0010ad7c                FSFILE_Write
 .text.FSFILE_GetSize
                0x0010addc       0x38 C:/devkitPro/libctru/lib\libctru.a(fs.o)
                0x0010addc                FSFILE_GetSize
 .text.FSFILE_SetSize
                0x0010ae14       0x28 C:/devkitPro/libctru/lib\libctru.a(fs.o)
                0x0010ae14                FSFILE_SetSize
 .text.FSFILE_Close
                0x0010ae3c       0x3c C:/devkitPro/libctru/lib\libctru.a(fs.o)
                0x0010ae3c                FSFILE_Close
 .text.FSFILE_Flush
                0x0010ae78       0x24 C:/devkitPro/libctru/lib\libctru.a(fs.o)
                0x0010ae78                FSFILE_Flush
 .text.FSDIR_Read
                0x0010ae9c       0x50 C:/devkitPro/libctru/lib\libctru.a(fs.o)
                0x0010ae9c                FSDIR_Read
 .text.FSDIR_Close
                0x0010aeec       0x3c C:/devkitPro/libctru/lib\libctru.a(fs.o)
                0x0010aeec                FSDIR_Close
 .text.gspHardwareInit
                0x0010af28      0xc64 C:/devkitPro/libctru/lib\libctru.a(gspgpu.o)
 .text.gspInit  0x0010bb8c      0x248 C:/devkitPro/libctru/lib\libctru.a(gspgpu.o)
                0x0010bb8c                gspInit
 .text.gspExit  0x0010bdd4       0xf0 C:/devkitPro/libctru/lib\libctru.a(gspgpu.o)
                0x0010bdd4                gspExit
 .text.gspHasGpuRight
                0x0010bec4       0x10 C:/devkitPro/libctru/lib\libctru.a(gspgpu.o)
                0x0010bec4                gspHasGpuRight
 .text.gspPresentBuffer
                0x0010bed4       0xa0 C:/devkitPro/libctru/lib\libctru.a(gspgpu.o)
                0x0010bed4                gspPresentBuffer
 .text.gspSetEventCallback
                0x0010bf74       0x30 C:/devkitPro/libctru/lib\libctru.a(gspgpu.o)
                0x0010bf74                gspSetEventCallback
 .text.gspWaitForEvent
                0x0010bfa4       0x44 C:/devkitPro/libctru/lib\libctru.a(gspgpu.o)
                0x0010bfa4                gspWaitForEvent
 .text.gspWaitForAnyEvent
                0x0010bfe8       0x4c C:/devkitPro/libctru/lib\libctru.a(gspgpu.o)
                0x0010bfe8                gspWaitForAnyEvent
 .text.gspEventThreadMain
                0x0010c034      0x158 C:/devkitPro/libctru/lib\libctru.a(gspgpu.o)
 .text.gspSubmitGxCommand
                0x0010c18c      0x130 C:/devkitPro/libctru/lib\libctru.a(gspgpu.o)
                0x0010c18c                gspSubmitGxCommand
 .text.GSPGPU_FlushDataCache
                0x0010c2bc       0x50 C:/devkitPro/libctru/lib\libctru.a(gspgpu.o)
                0x0010c2bc                GSPGPU_FlushDataCache
 .text.GSPGPU_SetLcdForceBlack
                0x0010c30c       0x34 C:/devkitPro/libctru/lib\libctru.a(gspgpu.o)
                0x0010c30c                GSPGPU_SetLcdForceBlack
 .text.GSPGPU_AcquireRight
                0x0010c340       0x68 C:/devkitPro/libctru/lib\libctru.a(gspgpu.o)
                0x0010c340                GSPGPU_AcquireRight
 .text.GSPGPU_ReleaseRight
                0x0010c3a8       0x48 C:/devkitPro/libctru/lib\libctru.a(gspgpu.o)
                0x0010c3a8                GSPGPU_ReleaseRight
 .text.GSPGPU_ImportDisplayCaptureInfo
                0x0010c3f0       0x7c C:/devkitPro/libctru/lib\libctru.a(gspgpu.o)
                0x0010c3f0                GSPGPU_ImportDisplayCaptureInfo
 .text.GSPGPU_SaveVramSysArea
                0x0010c46c       0x2c C:/devkitPro/libctru/lib\libctru.a(gspgpu.o)
                0x0010c46c                GSPGPU_SaveVramSysArea
 .text.GSPGPU_RestoreVramSysArea
                0x0010c498       0x2c C:/devkitPro/libctru/lib\libctru.a(gspgpu.o)
                0x0010c498                GSPGPU_RestoreVramSysArea
 .text.hidShouldUseIrrst
                0x0010c4c4       0x24 C:/devkitPro/libctru/lib\libctru.a(hid.o)
                0x0010c4c4                hidShouldUseIrrst
 .text.hidInit  0x0010c4e8      0x18c C:/devkitPro/libctru/lib\libctru.a(hid.o)
                0x0010c4e8                hidInit
 .text.hidExit  0x0010c674       0xe8 C:/devkitPro/libctru/lib\libctru.a(hid.o)
                0x0010c674                hidExit
 .text.hidScanInput
                0x0010c75c      0x2a4 C:/devkitPro/libctru/lib\libctru.a(hid.o)
                0x0010c75c                hidScanInput
 .text.hidKeysDown
                0x0010ca00       0x10 C:/devkitPro/libctru/lib\libctru.a(hid.o)
                0x0010ca00                hidKeysDown
 .text.irrstInit
                0x0010ca10      0x160 C:/devkitPro/libctru/lib\libctru.a(irrst.o)
                0x0010ca10                irrstInit
 .text.irrstExit
                0x0010cb70       0xcc C:/devkitPro/libctru/lib\libctru.a(irrst.o)
                0x0010cb70                irrstExit
 .text.irrstScanInput
                0x0010cc3c       0xb4 C:/devkitPro/libctru/lib\libctru.a(irrst.o)
                0x0010cc3c                irrstScanInput
 .text.irrstKeysHeld
                0x0010ccf0       0x24 C:/devkitPro/libctru/lib\libctru.a(irrst.o)
                0x0010ccf0                irrstKeysHeld
 .text.ptmSysmInit
                0x0010cd14       0x74 C:/devkitPro/libctru/lib\libctru.a(ptmsysm.o)
                0x0010cd14                ptmSysmInit
 .text.ptmSysmExit
                0x0010cd88       0x3c C:/devkitPro/libctru/lib\libctru.a(ptmsysm.o)
                0x0010cd88                ptmSysmExit
 .text.PTMSYSM_ConfigureNew3DSCPU
                0x0010cdc4       0x34 C:/devkitPro/libctru/lib\libctru.a(ptmsysm.o)
                0x0010cdc4                PTMSYSM_ConfigureNew3DSCPU
 .text.rbtree_find
                0x0010cdf8       0x74 C:/devkitPro/libctru/lib\libctru.a(rbtree_find.o)
                0x0010cdf8                rbtree_find
 .text.rbtree_init
                0x0010ce6c       0x10 C:/devkitPro/libctru/lib\libctru.a(rbtree_init.o)
                0x0010ce6c                rbtree_init
 .text.do_insert
                0x0010ce7c      0x1b0 C:/devkitPro/libctru/lib\libctru.a(rbtree_insert.o)
 .text.rbtree_insert
                0x0010d02c        0x8 C:/devkitPro/libctru/lib\libctru.a(rbtree_insert.o)
                0x0010d02c                rbtree_insert
 .text.rbtree_remove
                0x0010d034      0x318 C:/devkitPro/libctru/lib\libctru.a(rbtree_remove.o)
                0x0010d034                rbtree_remove
 .text.rbtree_rotate
                0x0010d34c       0x90 C:/devkitPro/libctru/lib\libctru.a(rbtree_rotate.o)
                0x0010d34c                rbtree_rotate
 .text.decode_utf8
                0x0010d3dc      0x13c C:/devkitPro/libctru/lib\libctru.a(decode_utf8.o)
                0x0010d3dc                decode_utf8
 .text.utf16_to_utf8
                0x0010d518       0xe8 C:/devkitPro/libctru/lib\libctru.a(utf16_to_utf8.o)
                0x0010d518                utf16_to_utf8
 .text.utf8_to_utf16
                0x0010d600       0xc0 C:/devkitPro/libctru/lib\libctru.a(utf8_to_utf16.o)
                0x0010d600                utf8_to_utf16
 .text.__system_allocateHeaps
                0x0010d6c0      0x1e0 C:/devkitPro/libctru/lib\libctru.a(allocateHeaps.o)
                0x0010d6c0                __system_allocateHeaps
 .text.__libctru_init
                0x0010d8a0       0x38 C:/devkitPro/libctru/lib\libctru.a(ctru_init.o)
                0x0010d8a0                __libctru_init
 .text.__system_initArgv
                0x0010d8d8      0x170 C:/devkitPro/libctru/lib\libctru.a(initArgv.o)
                0x0010d8d8                __system_initArgv
 .text.__syscall_getreent
                0x0010da48       0x30 C:/devkitPro/libctru/lib\libctru.a(syscalls.o)
                0x0010da48                __syscall_getreent
 .text.__syscall_lock_acquire
                0x0010da78        0x4 C:/devkitPro/libctru/lib\libctru.a(syscalls.o)
                0x0010da78                __syscall_lock_acquire
 .text.__syscall_lock_release
                0x0010da7c        0x4 C:/devkitPro/libctru/lib\libctru.a(syscalls.o)
                0x0010da7c                __syscall_lock_release
 .text.__syscall_lock_acquire_recursive
                0x0010da80        0x4 C:/devkitPro/libctru/lib\libctru.a(syscalls.o)
                0x0010da80                __syscall_lock_acquire_recursive
 .text.__syscall_lock_release_recursive
                0x0010da84        0x4 C:/devkitPro/libctru/lib\libctru.a(syscalls.o)
                0x0010da84                __syscall_lock_release_recursive
 .text.__syscall_exit
                0x0010da88        0x4 C:/devkitPro/libctru/lib\libctru.a(syscalls.o)
                0x0010da88                __syscall_exit
 .text.initThreadVars
                0x0010da8c       0x50 C:/devkitPro/libctru/lib\libctru.a(syscalls.o)
                0x0010da8c                initThreadVars
 .text.__system_initSyscalls
                0x0010dadc       0x80 C:/devkitPro/libctru/lib\libctru.a(syscalls.o)
                0x0010dadc                __system_initSyscalls
 .text.svcControlMemory
                0x0010db5c       0x20 C:/devkitPro/libctru/lib\libctru.a(svc.o)
                0x0010db5c                svcControlMemory
 .text.svcQueryMemory
                0x0010db7c       0x30 C:/devkitPro/libctru/lib\libctru.a(svc.o)
                0x0010db7c                svcQueryMemory
 .text.svcExitProcess
                0x0010dbac        0x8 C:/devkitPro/libctru/lib\libctru.a(svc.o)
                0x0010dbac                svcExitProcess
 .text.svcCreateThread
                0x0010dbb4       0x20 C:/devkitPro/libctru/lib\libctru.a(svc.o)
                0x0010dbb4                svcCreateThread
 .text.svcExitThread
                0x0010dbd4        0x8 C:/devkitPro/libctru/lib\libctru.a(svc.o)
                0x0010dbd4                svcExitThread
 .text.svcSleepThread
                0x0010dbdc        0x8 C:/devkitPro/libctru/lib\libctru.a(svc.o)
                0x0010dbdc                svcSleepThread
 .text.svcReleaseMutex
                0x0010dbe4        0x8 C:/devkitPro/libctru/lib\libctru.a(svc.o)
                0x0010dbe4                svcReleaseMutex
 .text.svcCreateEvent
                0x0010dbec       0x14 C:/devkitPro/libctru/lib\libctru.a(svc.o)
                0x0010dbec                svcCreateEvent
 .text.svcSignalEvent
                0x0010dc00        0x8 C:/devkitPro/libctru/lib\libctru.a(svc.o)
                0x0010dc00                svcSignalEvent
 .text.svcClearEvent
                0x0010dc08        0x8 C:/devkitPro/libctru/lib\libctru.a(svc.o)
                0x0010dc08                svcClearEvent
 .text.svcMapMemoryBlock
                0x0010dc10        0x8 C:/devkitPro/libctru/lib\libctru.a(svc.o)
                0x0010dc10                svcMapMemoryBlock
 .text.svcUnmapMemoryBlock
                0x0010dc18        0x8 C:/devkitPro/libctru/lib\libctru.a(svc.o)
                0x0010dc18                svcUnmapMemoryBlock
 .text.svcCreateAddressArbiter
                0x0010dc20       0x14 C:/devkitPro/libctru/lib\libctru.a(svc.o)
                0x0010dc20                svcCreateAddressArbiter
 .text.svcArbitrateAddressNoTimeout
                0x0010dc34        0x8 C:/devkitPro/libctru/lib\libctru.a(svc.o)
                0x0010dc34                svcArbitrateAddressNoTimeout
 .text.svcCloseHandle
                0x0010dc3c        0x8 C:/devkitPro/libctru/lib\libctru.a(svc.o)
                0x0010dc3c                svcCloseHandle
 .text.svcWaitSynchronization
                0x0010dc44        0x8 C:/devkitPro/libctru/lib\libctru.a(svc.o)
                0x0010dc44                svcWaitSynchronization
 .text.svcWaitSynchronizationN
                0x0010dc4c       0x28 C:/devkitPro/libctru/lib\libctru.a(svc.o)
                0x0010dc4c                svcWaitSynchronizationN
 .text.svcDuplicateHandle
                0x0010dc74       0x14 C:/devkitPro/libctru/lib\libctru.a(svc.o)
                0x0010dc74                svcDuplicateHandle
 .text.svcGetSystemTick
                0x0010dc88        0x8 C:/devkitPro/libctru/lib\libctru.a(svc.o)
                0x0010dc88                svcGetSystemTick
 .text.svcConnectToPort
                0x0010dc90       0x14 C:/devkitPro/libctru/lib\libctru.a(svc.o)
                0x0010dc90                svcConnectToPort
 .text.svcSendSyncRequest
                0x0010dca4        0x8 C:/devkitPro/libctru/lib\libctru.a(svc.o)
                0x0010dca4                svcSendSyncRequest
 .text.svcGetResourceLimit
                0x0010dcac       0x14 C:/devkitPro/libctru/lib\libctru.a(svc.o)
                0x0010dcac                svcGetResourceLimit
 .text.svcGetResourceLimitLimitValues
                0x0010dcc0        0x8 C:/devkitPro/libctru/lib\libctru.a(svc.o)
                0x0010dcc0                svcGetResourceLimitLimitValues
 .text.svcGetResourceLimitCurrentValues
                0x0010dcc8        0x8 C:/devkitPro/libctru/lib\libctru.a(svc.o)
                0x0010dcc8                svcGetResourceLimitCurrentValues
 .text.svcBreak
                0x0010dcd0        0x8 C:/devkitPro/libctru/lib\libctru.a(svc.o)
                0x0010dcd0                svcBreak
 .text.__aeabi_read_tp
                0x0010dcd8        0xc C:/devkitPro/libctru/lib\libctru.a(readtp.o)
                0x0010dcd8                __aeabi_read_tp
 .text.initSystem
                0x0010dce4       0x50 C:/devkitPro/libctru/lib\libctru.a(stack_adjust.o)
                0x0010dce4                initSystem
 .text.__ctru_exit
                0x0010dd34       0x14 C:/devkitPro/libctru/lib\libctru.a(stack_adjust.o)
                0x0010dd34                __ctru_exit
 .text.envGetHandle
                0x0010dd48       0x84 C:/devkitPro/libctru/lib\libctru.a(env.o)
                0x0010dd48                envGetHandle
 .text.envDestroyHandles
                0x0010ddcc       0x50 C:/devkitPro/libctru/lib\libctru.a(env.o)
                0x0010ddcc                envDestroyHandles
 .text.srvInit  0x0010de1c      0x12c C:/devkitPro/libctru/lib\libctru.a(srv.o)
                0x0010de1c                srvInit
 .text.srvExit  0x0010df48       0x58 C:/devkitPro/libctru/lib\libctru.a(srv.o)
                0x0010df48                srvExit
 .text.srvEnableNotification
                0x0010dfa0       0x60 C:/devkitPro/libctru/lib\libctru.a(srv.o)
                0x0010dfa0                srvEnableNotification
 .text.srvGetServiceHandleDirect
                0x0010e000       0xa0 C:/devkitPro/libctru/lib\libctru.a(srv.o)
                0x0010e000                srvGetServiceHandleDirect
 .text.srvGetServiceHandle
                0x0010e0a0       0x38 C:/devkitPro/libctru/lib\libctru.a(srv.o)
                0x0010e0a0                srvGetServiceHandle
 .text.srvSubscribe
                0x0010e0d8       0x34 C:/devkitPro/libctru/lib\libctru.a(srv.o)
                0x0010e0d8                srvSubscribe
 .text.srvReceiveNotification
                0x0010e10c       0x60 C:/devkitPro/libctru/lib\libctru.a(srv.o)
                0x0010e10c                srvReceiveNotification
 .text.srvPublishToSubscriber
                0x0010e16c       0x38 C:/devkitPro/libctru/lib\libctru.a(srv.o)
                0x0010e16c                srvPublishToSubscriber
 .text.__sync_init
                0x0010e1a4        0xc C:/devkitPro/libctru/lib\libctru.a(synchronization.o)
                0x0010e1a4                __sync_init
 .text.__sync_fini
                0x0010e1b0       0x18 C:/devkitPro/libctru/lib\libctru.a(synchronization.o)
                0x0010e1b0                __sync_fini
 .text.syncArbitrateAddress
                0x0010e1c8       0x2c C:/devkitPro/libctru/lib\libctru.a(synchronization.o)
                0x0010e1c8                syncArbitrateAddress
 .text.LightLock_Lock
                0x0010e1f4       0xac C:/devkitPro/libctru/lib\libctru.a(synchronization.o)
                0x0010e1f4                LightLock_Lock
 .text.LightLock_Unlock
                0x0010e2a0       0x40 C:/devkitPro/libctru/lib\libctru.a(synchronization.o)
                0x0010e2a0                LightLock_Unlock
 .text.RecursiveLock_Lock
                0x0010e2e0       0x30 C:/devkitPro/libctru/lib\libctru.a(synchronization.o)
                0x0010e2e0                RecursiveLock_Lock
 .text.RecursiveLock_Unlock
                0x0010e310       0x54 C:/devkitPro/libctru/lib\libctru.a(synchronization.o)
                0x0010e310                RecursiveLock_Unlock
 .text.LightEvent_Init
                0x0010e364       0x40 C:/devkitPro/libctru/lib\libctru.a(synchronization.o)
                0x0010e364                LightEvent_Init
 .text.LightEvent_Clear
                0x0010e3a4       0xa4 C:/devkitPro/libctru/lib\libctru.a(synchronization.o)
                0x0010e3a4                LightEvent_Clear
 .text.LightEvent_Signal
                0x0010e448       0xc8 C:/devkitPro/libctru/lib\libctru.a(synchronization.o)
                0x0010e448                LightEvent_Signal
 .text.LightEvent_TryWait
                0x0010e510       0x50 C:/devkitPro/libctru/lib\libctru.a(synchronization.o)
                0x0010e510                LightEvent_TryWait
 .text.LightEvent_Wait
                0x0010e560       0xa0 C:/devkitPro/libctru/lib\libctru.a(synchronization.o)
                0x0010e560                LightEvent_Wait
 .text.threadCreate
                0x0010e600      0x1d8 C:/devkitPro/libctru/lib\libctru.a(thread.o)
                0x0010e600                threadCreate
 .text.threadFree
                0x0010e7d8       0x2c C:/devkitPro/libctru/lib\libctru.a(thread.o)
                0x0010e7d8                threadFree
 .text.threadJoin
                0x0010e804       0x24 C:/devkitPro/libctru/lib\libctru.a(thread.o)
                0x0010e804                threadJoin
 .text.threadGetCurrent
                0x0010e828       0x30 C:/devkitPro/libctru/lib\libctru.a(thread.o)
                0x0010e828                threadGetCurrent
 .text.threadExit
                0x0010e858       0x40 C:/devkitPro/libctru/lib\libctru.a(thread.o)
                0x0010e858                threadExit
 .text._thread_begin
                0x0010e898       0x20 C:/devkitPro/libctru/lib\libctru.a(thread.o)
 .text.mappableFindAddressWithin
                0x0010e8b8       0xb4 C:/devkitPro/libctru/lib\libctru.a(mappable.o)
 .text.mappableInit
                0x0010e96c       0x28 C:/devkitPro/libctru/lib\libctru.a(mappable.o)
                0x0010e96c                mappableInit
 .text.mappableAlloc
                0x0010e994       0x80 C:/devkitPro/libctru/lib\libctru.a(mappable.o)
                0x0010e994                mappableAlloc
 .text.mappableFree
                0x0010ea14        0x4 C:/devkitPro/libctru/lib\libctru.a(mappable.o)
                0x0010ea14                mappableFree
 .text.srvPmGetSessionHandle
                0x0010ea18        0xc C:/devkitPro/libctru/lib\libctru.a(srvpm.o)
                0x0010ea18                srvPmGetSessionHandle
 .text.rbtree_node_next
                0x0010ea24       0x5c C:/devkitPro/libctru/lib\libctru.a(rbtree_iterator.o)
                0x0010ea24                rbtree_node_next
 .text.decode_utf16
                0x0010ea80       0x64 C:/devkitPro/libctru/lib\libctru.a(decode_utf16.o)
                0x0010ea80                decode_utf16
 .text.encode_utf16
                0x0010eae4       0x54 C:/devkitPro/libctru/lib\libctru.a(encode_utf16.o)
                0x0010eae4                encode_utf16
 .text.encode_utf8
                0x0010eb38       0xe0 C:/devkitPro/libctru/lib\libctru.a(encode_utf8.o)
                0x0010eb38                encode_utf8
 .text.__appExit
                0x0010ec18       0x30 C:/devkitPro/libctru/lib\libctru.a(appExit.o)
                0x0010ec18                __appExit
 .text.__appInit
                0x0010ec48       0x30 C:/devkitPro/libctru/lib\libctru.a(appInit.o)
                0x0010ec48                __appInit
 .text.__libctru_exit
                0x0010ec78       0x90 C:/devkitPro/libctru/lib\libctru.a(ctru_exit.o)
                0x0010ec78                __libctru_exit
 .text.archive_link
                0x0010ed08       0x14 C:/devkitPro/libctru/lib\libctru.a(archive_dev.o)
 .text.archive_dirreset
                0x0010ed1c       0x14 C:/devkitPro/libctru/lib\libctru.a(archive_dev.o)
 .text.archive_chmod
                0x0010ed30       0x14 C:/devkitPro/libctru/lib\libctru.a(archive_dev.o)
 .text.error_cmp
                0x0010ed44       0x24 C:/devkitPro/libctru/lib\libctru.a(archive_dev.o)
 .text.archive_translate_error
                0x0010ed68       0x50 C:/devkitPro/libctru/lib\libctru.a(archive_dev.o)
 .text.archive_seek
                0x0010edb8       0xc8 C:/devkitPro/libctru/lib\libctru.a(archive_dev.o)
 .text._archiveInit.part.0
                0x0010ee80       0x7c C:/devkitPro/libctru/lib\libctru.a(archive_dev.o)
 .text.archiveFindDevice.part.0
                0x0010eefc       0xc4 C:/devkitPro/libctru/lib\libctru.a(archive_dev.o)
 .text.archive_utf16path
                0x0010efc0      0x280 C:/devkitPro/libctru/lib\libctru.a(archive_dev.o)
 .text._archiveUnmountDeviceStruct.part.0
                0x0010f240       0x9c C:/devkitPro/libctru/lib\libctru.a(archive_dev.o)
 .text.archive_fchmod
                0x0010f2dc       0x14 C:/devkitPro/libctru/lib\libctru.a(archive_dev.o)
 .text.archive_statvfs
                0x0010f2f0       0x14 C:/devkitPro/libctru/lib\libctru.a(archive_dev.o)
 .text._archiveMountDevice
                0x0010f304      0x164 C:/devkitPro/libctru/lib\libctru.a(archive_dev.o)
 .text.archive_diropen
                0x0010f468       0xe8 C:/devkitPro/libctru/lib\libctru.a(archive_dev.o)
 .text.archive_fstat
                0x0010f550       0xa4 C:/devkitPro/libctru/lib\libctru.a(archive_dev.o)
 .text.archive_fsync
                0x0010f5f4       0x6c C:/devkitPro/libctru/lib\libctru.a(archive_dev.o)
 .text.archive_close
                0x0010f660       0x6c C:/devkitPro/libctru/lib\libctru.a(archive_dev.o)
 .text.archive_dirclose
                0x0010f6cc       0x70 C:/devkitPro/libctru/lib\libctru.a(archive_dev.o)
 .text.sdmc_statvfs
                0x0010f73c       0xe8 C:/devkitPro/libctru/lib\libctru.a(archive_dev.o)
 .text.archive_chdir
                0x0010f824       0xec C:/devkitPro/libctru/lib\libctru.a(archive_dev.o)
 .text.archive_ftruncate
                0x0010f910       0x7c C:/devkitPro/libctru/lib\libctru.a(archive_dev.o)
 .text.archive_read
                0x0010f98c       0xac C:/devkitPro/libctru/lib\libctru.a(archive_dev.o)
 .text.archive_unlink
                0x0010fa38       0xa4 C:/devkitPro/libctru/lib\libctru.a(archive_dev.o)
 .text.archive_rmdir
                0x0010fadc       0xbc C:/devkitPro/libctru/lib\libctru.a(archive_dev.o)
 .text.archive_mkdir
                0x0010fb98       0xdc C:/devkitPro/libctru/lib\libctru.a(archive_dev.o)
 .text.archive_stat
                0x0010fc74      0x194 C:/devkitPro/libctru/lib\libctru.a(archive_dev.o)
 .text.archive_dirnext
                0x0010fe08      0x160 C:/devkitPro/libctru/lib\libctru.a(archive_dev.o)
 .text.archive_write
                0x0010ff68      0x124 C:/devkitPro/libctru/lib\libctru.a(archive_dev.o)
 .text.archive_open
                0x0011008c      0x20c C:/devkitPro/libctru/lib\libctru.a(archive_dev.o)
 .text.archive_rename
                0x00110298      0x278 C:/devkitPro/libctru/lib\libctru.a(archive_dev.o)
 .text.archiveMountSdmc
                0x00110510      0x19c C:/devkitPro/libctru/lib\libctru.a(archive_dev.o)
                0x00110510                archiveMountSdmc
 .text.archiveUnmountAll
                0x001106ac       0x54 C:/devkitPro/libctru/lib\libctru.a(archive_dev.o)
                0x001106ac                archiveUnmountAll
 .text.ceilf    0x00110700       0xc0 C:/devkitPro/devkitARM/bin/../lib/gcc/arm-none-eabi/13.2.0/../../../../arm-none-eabi/lib/armv6k/fpu\libm.a(libm_a-sf_ceil.o)
                0x00110700                ceilf
 .text.qsort    0x001107c0      0x974 C:/devkitPro/devkitARM/bin/../lib/gcc/arm-none-eabi/13.2.0/../../../../arm-none-eabi/lib/armv6k/fpu\libg.a(libc_a-qsort.o)
                0x001107c0                qsort
 .text.memalign
                0x00111134       0x20 C:/devkitPro/devkitARM/bin/../lib/gcc/arm-none-eabi/13.2.0/../../../../arm-none-eabi/lib/armv6k/fpu\libg.a(libc_a-malign.o)
                0x00111134                memalign
 .text._memalign_r
                0x00111154      0x14c C:/devkitPro/devkitARM/bin/../lib/gcc/arm-none-eabi/13.2.0/../../../../arm-none-eabi/lib/armv6k/fpu\libg.a(libc_a-malignr.o)
                0x00111154                _memalign_r
 .text.bsearch  0x001112a0       0x78 C:/devkitPro/devkitARM/bin/../lib/gcc/arm-none-eabi/13.2.0/../../../../arm-none-eabi/lib/armv6k/fpu\libg.a(libc_a-bsearch.o)
                0x001112a0                bsearch
 .text.calloc   0x00111318       0x20 C:/devkitPro/devkitARM/bin/../lib/gcc/arm-none-eabi/13.2.0/../../../../arm-none-eabi/lib/armv6k/fpu\libg.a(libc_a-calloc.o)
                0x00111318                calloc
 .text._calloc_r
                0x00111338       0xc0 C:/devkitPro/devkitARM/bin/../lib/gcc/arm-none-eabi/13.2.0/../../../../arm-none-eabi/lib/armv6k/fpu\libg.a(libc_a-callocr.o)
                0x00111338                _calloc_r
 .text.__call_exitprocs
                0x001113f8        0x4 C:/devkitPro/devkitARM/bin/../lib/gcc/arm-none-eabi/13.2.0/../../../../arm-none-eabi/lib/armv6k/fpu\libg.a(libc_a-exit.o)
                0x001113f8                __call_exitprocs
 .text.exit     0x001113fc       0x30 C:/devkitPro/devkitARM/bin/../lib/gcc/arm-none-eabi/13.2.0/../../../../arm-none-eabi/lib/armv6k/fpu\libg.a(libc_a-exit.o)
                0x001113fc                exit
 .text._malloc_trim_r
                0x0011142c       0xf8 C:/devkitPro/devkitARM/bin/../lib/gcc/arm-none-eabi/13.2.0/../../../../arm-none-eabi/lib/armv6k/fpu\libg.a(libc_a-freer.o)
                0x0011142c                _malloc_trim_r
 .text._free_r  0x00111524      0x2e8 C:/devkitPro/devkitARM/bin/../lib/gcc/arm-none-eabi/13.2.0/../../../../arm-none-eabi/lib/armv6k/fpu\libg.a(libc_a-freer.o)
                0x00111524                _free_r
 .text.strchr   0x0011180c      0x130 C:/devkitPro/devkitARM/bin/../lib/gcc/arm-none-eabi/13.2.0/../../../../arm-none-eabi/lib/armv6k/fpu\libg.a(libc_a-strchr.o)
                0x0011180c                strchr
 .text._fclose_r
                0x0011193c      0x148 C:/devkitPro/devkitARM/bin/../lib/gcc/arm-none-eabi/13.2.0/../../../../arm-none-eabi/lib/armv6k/fpu\libg.a(libc_a-fclose.o)
                0x0011193c                _fclose_r
 .text.fclose   0x00111a84       0x18 C:/devkitPro/devkitARM/bin/../lib/gcc/arm-none-eabi/13.2.0/../../../../arm-none-eabi/lib/armv6k/fpu\libg.a(libc_a-fclose.o)
                0x00111a84                fclose
 .text.malloc   0x00111a9c       0x18 C:/devkitPro/devkitARM/bin/../lib/gcc/arm-none-eabi/13.2.0/../../../../arm-none-eabi/lib/armv6k/fpu\libg.a(libc_a-malloc.o)
                0x00111a9c                malloc
 .text.free     0x00111ab4       0x18 C:/devkitPro/devkitARM/bin/../lib/gcc/arm-none-eabi/13.2.0/../../../../arm-none-eabi/lib/armv6k/fpu\libg.a(libc_a-malloc.o)
                0x00111ab4                free
 .text._malloc_r
                0x00111acc      0x79c C:/devkitPro/devkitARM/bin/../lib/gcc/arm-none-eabi/13.2.0/../../../../arm-none-eabi/lib/armv6k/fpu\libg.a(libc_a-mallocr.o)
                0x00111acc                _malloc_r
 .text.memset   0x00112268       0xf4 C:/devkitPro/devkitARM/bin/../lib/gcc/arm-none-eabi/13.2.0/../../../../arm-none-eabi/lib/armv6k/fpu\libg.a(libc_a-memset.o)
                0x00112268                memset
 .text.__malloc_lock
                0x0011235c        0xc C:/devkitPro/devkitARM/bin/../lib/gcc/arm-none-eabi/13.2.0/../../../../arm-none-eabi/lib/armv6k/fpu\libg.a(libc_a-mlock.o)
                0x0011235c                __malloc_lock
 .text.__malloc_unlock
                0x00112368        0xc C:/devkitPro/devkitARM/bin/../lib/gcc/arm-none-eabi/13.2.0/../../../../arm-none-eabi/lib/armv6k/fpu\libg.a(libc_a-mlock.o)
                0x00112368                __malloc_unlock
 .text.strlen   0x00112374       0x90 C:/devkitPro/devkitARM/bin/../lib/gcc/arm-none-eabi/13.2.0/../../../../arm-none-eabi/lib/armv6k/fpu\libg.a(libc_a-strlen.o)
                0x00112374                strlen
 .text._fopen_r
                0x00112404      0x12c C:/devkitPro/devkitARM/bin/../lib/gcc/arm-none-eabi/13.2.0/../../../../arm-none-eabi/lib/armv6k/fpu\libg.a(libc_a-fopen.o)
                0x00112404                _fopen_r
 .text.fopen    0x00112530       0x20 C:/devkitPro/devkitARM/bin/../lib/gcc/arm-none-eabi/13.2.0/../../../../arm-none-eabi/lib/armv6k/fpu\libg.a(libc_a-fopen.o)
                0x00112530                fopen
 .text.__sflush_r
                0x00112550      0x22c C:/devkitPro/devkitARM/bin/../lib/gcc/arm-none-eabi/13.2.0/../../../../arm-none-eabi/lib/armv6k/fpu\libg.a(libc_a-fflush.o)
                0x00112550                __sflush_r
 .text._fflush_r
                0x0011277c       0x94 C:/devkitPro/devkitARM/bin/../lib/gcc/arm-none-eabi/13.2.0/../../../../arm-none-eabi/lib/armv6k/fpu\libg.a(libc_a-fflush.o)
                0x0011277c                _fflush_r
 .text.strncat  0x00112810       0xe4 C:/devkitPro/devkitARM/bin/../lib/gcc/arm-none-eabi/13.2.0/../../../../arm-none-eabi/lib/armv6k/fpu\libg.a(libc_a-strncat.o)
                0x00112810                strncat
 .text.strncmp  0x001128f4       0xe4 C:/devkitPro/devkitARM/bin/../lib/gcc/arm-none-eabi/13.2.0/../../../../arm-none-eabi/lib/armv6k/fpu\libg.a(libc_a-strncmp.o)
                0x001128f4                strncmp
 .text._fwalk_sglue
                0x001129d8       0x70 C:/devkitPro/devkitARM/bin/../lib/gcc/arm-none-eabi/13.2.0/../../../../arm-none-eabi/lib/armv6k/fpu\libg.a(libc_a-fwalk.o)
                0x001129d8                _fwalk_sglue
 .text._fread_r
                0x00112a48      0x344 C:/devkitPro/devkitARM/bin/../lib/gcc/arm-none-eabi/13.2.0/../../../../arm-none-eabi/lib/armv6k/fpu\libg.a(libc_a-fread.o)
                0x00112a48                _fread_r
 .text.fread    0x00112d8c       0x38 C:/devkitPro/devkitARM/bin/../lib/gcc/arm-none-eabi/13.2.0/../../../../arm-none-eabi/lib/armv6k/fpu\libg.a(libc_a-fread.o)
                0x00112d8c                fread
 .text.strncpy  0x00112dc4       0xc4 C:/devkitPro/devkitARM/bin/../lib/gcc/arm-none-eabi/13.2.0/../../../../arm-none-eabi/lib/armv6k/fpu\libg.a(libc_a-strncpy.o)
                0x00112dc4                strncpy
 .text.stdio_exit_handler
                0x00112e88       0x1c C:/devkitPro/devkitARM/bin/../lib/gcc/arm-none-eabi/13.2.0/../../../../arm-none-eabi/lib/armv6k/fpu\libg.a(libc_a-findfp.o)
 .text.cleanup_stdio
                0x00112ea4       0x5c C:/devkitPro/devkitARM/bin/../lib/gcc/arm-none-eabi/13.2.0/../../../../arm-none-eabi/lib/armv6k/fpu\libg.a(libc_a-findfp.o)
 .text.global_stdio_init.part.0
                0x00112f00      0x154 C:/devkitPro/devkitARM/bin/../lib/gcc/arm-none-eabi/13.2.0/../../../../arm-none-eabi/lib/armv6k/fpu\libg.a(libc_a-findfp.o)
 .text.__sfp    0x00113054      0x134 C:/devkitPro/devkitARM/bin/../lib/gcc/arm-none-eabi/13.2.0/../../../../arm-none-eabi/lib/armv6k/fpu\libg.a(libc_a-findfp.o)
                0x00113054                __sfp
 .text.__sinit  0x00113188       0x5c C:/devkitPro/devkitARM/bin/../lib/gcc/arm-none-eabi/13.2.0/../../../../arm-none-eabi/lib/armv6k/fpu\libg.a(libc_a-findfp.o)
                0x00113188                __sinit
 .text.__sfp_lock_acquire
                0x001131e4        0xc C:/devkitPro/devkitARM/bin/../lib/gcc/arm-none-eabi/13.2.0/../../../../arm-none-eabi/lib/armv6k/fpu\libg.a(libc_a-findfp.o)
                0x001131e4                __sfp_lock_acquire
 .text.__sfp_lock_release
                0x001131f0        0xc C:/devkitPro/devkitARM/bin/../lib/gcc/arm-none-eabi/13.2.0/../../../../arm-none-eabi/lib/armv6k/fpu\libg.a(libc_a-findfp.o)
                0x001131f0                __sfp_lock_release
 .text.strnlen  0x001131fc       0x48 C:/devkitPro/devkitARM/bin/../lib/gcc/arm-none-eabi/13.2.0/../../../../arm-none-eabi/lib/armv6k/fpu\libg.a(libc_a-strnlen.o)
                0x001131fc                strnlen
 .text._fseek_r
                0x00113244       0x1c C:/devkitPro/devkitARM/bin/../lib/gcc/arm-none-eabi/13.2.0/../../../../arm-none-eabi/lib/armv6k/fpu\libg.a(libc_a-fseek.o)
                0x00113244                _fseek_r
 .text._strtoul_l.isra.0
                0x00113260      0x1d8 C:/devkitPro/devkitARM/bin/../lib/gcc/arm-none-eabi/13.2.0/../../../../arm-none-eabi/lib/armv6k/fpu\libg.a(libc_a-strtoul.o)
 .text.strtoul  0x00113438       0x34 C:/devkitPro/devkitARM/bin/../lib/gcc/arm-none-eabi/13.2.0/../../../../arm-none-eabi/lib/armv6k/fpu\libg.a(libc_a-strtoul.o)
                0x00113438                strtoul
 .text.memcpy   0x0011346c      0x11c C:/devkitPro/devkitARM/bin/../lib/gcc/arm-none-eabi/13.2.0/../../../../arm-none-eabi/lib/armv6k/fpu\libg.a(libc_a-memcpy-stub.o)
                0x0011346c                memcpy
 .text.__libc_init_array
                0x00113588       0x84 C:/devkitPro/devkitARM/bin/../lib/gcc/arm-none-eabi/13.2.0/../../../../arm-none-eabi/lib/armv6k/fpu\libg.a(libc_a-init.o)
                0x00113588                __libc_init_array
 .text.__libc_fini_array
                0x0011360c       0x3c C:/devkitPro/devkitARM/bin/../lib/gcc/arm-none-eabi/13.2.0/../../../../arm-none-eabi/lib/armv6k/fpu\libg.a(libc_a-fini.o)
                0x0011360c                __libc_fini_array
 .text.__errno  0x00113648        0xc C:/devkitPro/devkitARM/bin/../lib/gcc/arm-none-eabi/13.2.0/../../../../arm-none-eabi/lib/armv6k/fpu\libg.a(libc_a-errno.o)
                0x00113648                __errno
 .text.__smakebuf_r
                0x00113654      0x12c C:/devkitPro/devkitARM/bin/../lib/gcc/arm-none-eabi/13.2.0/../../../../arm-none-eabi/lib/armv6k/fpu\libg.a(libc_a-makebuf.o)
                0x00113654                __smakebuf_r
 .text.lflush   0x00113780       0x38 C:/devkitPro/devkitARM/bin/../lib/gcc/arm-none-eabi/13.2.0/../../../../arm-none-eabi/lib/armv6k/fpu\libg.a(libc_a-refill.o)
 .text.__srefill_r
                0x001137b8      0x19c C:/devkitPro/devkitARM/bin/../lib/gcc/arm-none-eabi/13.2.0/../../../../arm-none-eabi/lib/armv6k/fpu\libg.a(libc_a-refill.o)
                0x001137b8                __srefill_r
 .text.__sread  0x00113954       0x44 C:/devkitPro/devkitARM/bin/../lib/gcc/arm-none-eabi/13.2.0/../../../../arm-none-eabi/lib/armv6k/fpu\libg.a(libc_a-stdio.o)
                0x00113954                __sread
 .text.__swrite
                0x00113998       0x68 C:/devkitPro/devkitARM/bin/../lib/gcc/arm-none-eabi/13.2.0/../../../../arm-none-eabi/lib/armv6k/fpu\libg.a(libc_a-stdio.o)
                0x00113998                __swrite
 .text.__sseek  0x00113a00       0x44 C:/devkitPro/devkitARM/bin/../lib/gcc/arm-none-eabi/13.2.0/../../../../arm-none-eabi/lib/armv6k/fpu\libg.a(libc_a-stdio.o)
                0x00113a00                __sseek
 .text.__sclose
                0x00113a44        0x8 C:/devkitPro/devkitARM/bin/../lib/gcc/arm-none-eabi/13.2.0/../../../../arm-none-eabi/lib/armv6k/fpu\libg.a(libc_a-stdio.o)
                0x00113a44                __sclose
 .text._fseeko_r
                0x00113a4c      0x590 C:/devkitPro/devkitARM/bin/../lib/gcc/arm-none-eabi/13.2.0/../../../../arm-none-eabi/lib/armv6k/fpu\libg.a(libc_a-fseeko.o)
                0x00113a4c                _fseeko_r
 .text.__sflags
                0x00113fdc       0xb4 C:/devkitPro/devkitARM/bin/../lib/gcc/arm-none-eabi/13.2.0/../../../../arm-none-eabi/lib/armv6k/fpu\libg.a(libc_a-flags.o)
                0x00113fdc                __sflags
 .text._exit    0x00114090       0x20 C:/devkitPro/devkitARM/bin/../lib/gcc/arm-none-eabi/13.2.0/../../../../arm-none-eabi/lib/armv6k/fpu\libsysbase.a(libsysbase_libsysbase_a-_exit.o)
                0x00114090                _exit
 .text.chdir    0x001140b0      0x13c C:/devkitPro/devkitARM/bin/../lib/gcc/arm-none-eabi/13.2.0/../../../../arm-none-eabi/lib/armv6k/fpu\libsysbase.a(libsysbase_libsysbase_a-chdir.o)
                0x001140b0                chdir
 .text._concatenate_path
                0x001141ec      0x1cc C:/devkitPro/devkitARM/bin/../lib/gcc/arm-none-eabi/13.2.0/../../../../arm-none-eabi/lib/armv6k/fpu\libsysbase.a(libsysbase_libsysbase_a-concatenate.o)
                0x001141ec                _concatenate_path
 .text._fstat_r
                0x001143b8       0x78 C:/devkitPro/devkitARM/bin/../lib/gcc/arm-none-eabi/13.2.0/../../../../arm-none-eabi/lib/armv6k/fpu\libsysbase.a(libsysbase_libsysbase_a-fstat.o)
                0x001143b8                _fstat_r
 .text.__getreent
                0x00114430       0x2c C:/devkitPro/devkitARM/bin/../lib/gcc/arm-none-eabi/13.2.0/../../../../arm-none-eabi/lib/armv6k/fpu\libsysbase.a(libsysbase_libsysbase_a-getreent.o)
                0x00114430                __getreent
 .text.__release_handle
                0x0011445c       0x8c C:/devkitPro/devkitARM/bin/../lib/gcc/arm-none-eabi/13.2.0/../../../../arm-none-eabi/lib/armv6k/fpu\libsysbase.a(libsysbase_libsysbase_a-handle_manager.o)
                0x0011445c                __release_handle
 .text.__alloc_handle
                0x001144e8       0xb0 C:/devkitPro/devkitARM/bin/../lib/gcc/arm-none-eabi/13.2.0/../../../../arm-none-eabi/lib/armv6k/fpu\libsysbase.a(libsysbase_libsysbase_a-handle_manager.o)
                0x001144e8                __alloc_handle
 .text.__get_handle
                0x00114598       0x3c C:/devkitPro/devkitARM/bin/../lib/gcc/arm-none-eabi/13.2.0/../../../../arm-none-eabi/lib/armv6k/fpu\libsysbase.a(libsysbase_libsysbase_a-handle_manager.o)
                0x00114598                __get_handle
 .text._close_r
                0x001145d4       0xf4 C:/devkitPro/devkitARM/bin/../lib/gcc/arm-none-eabi/13.2.0/../../../../arm-none-eabi/lib/armv6k/fpu\libsysbase.a(libsysbase_libsysbase_a-handle_manager.o)
                0x001145d4                _close_r
 .text.null_write
                0x001146c8        0x8 C:/devkitPro/devkitARM/bin/../lib/gcc/arm-none-eabi/13.2.0/../../../../arm-none-eabi/lib/armv6k/fpu\libsysbase.a(libsysbase_libsysbase_a-iosupport.o)
 .text.setDefaultDevice
                0x001146d0       0x18 C:/devkitPro/devkitARM/bin/../lib/gcc/arm-none-eabi/13.2.0/../../../../arm-none-eabi/lib/armv6k/fpu\libsysbase.a(libsysbase_libsysbase_a-iosupport.o)
                0x001146d0                setDefaultDevice
 .text.FindDevice
                0x001146e8       0xc8 C:/devkitPro/devkitARM/bin/../lib/gcc/arm-none-eabi/13.2.0/../../../../arm-none-eabi/lib/armv6k/fpu\libsysbase.a(libsysbase_libsysbase_a-iosupport.o)
                0x001146e8                FindDevice
 .text.RemoveDevice
                0x001147b0       0x28 C:/devkitPro/devkitARM/bin/../lib/gcc/arm-none-eabi/13.2.0/../../../../arm-none-eabi/lib/armv6k/fpu\libsysbase.a(libsysbase_libsysbase_a-iosupport.o)
                0x001147b0                RemoveDevice
 .text.AddDevice
                0x001147d8       0x9c C:/devkitPro/devkitARM/bin/../lib/gcc/arm-none-eabi/13.2.0/../../../../arm-none-eabi/lib/armv6k/fpu\libsysbase.a(libsysbase_libsysbase_a-iosupport.o)
                0x001147d8                AddDevice
 .text.GetDeviceOpTab
                0x00114874       0x20 C:/devkitPro/devkitARM/bin/../lib/gcc/arm-none-eabi/13.2.0/../../../../arm-none-eabi/lib/armv6k/fpu\libsysbase.a(libsysbase_libsysbase_a-iosupport.o)
                0x00114874                GetDeviceOpTab
 .text._isatty_r
                0x00114894        0x8 C:/devkitPro/devkitARM/bin/../lib/gcc/arm-none-eabi/13.2.0/../../../../arm-none-eabi/lib/armv6k/fpu\libsysbase.a(libsysbase_libsysbase_a-isatty.o)
                0x00114894                _isatty_r
 .text._lseek_r
                0x0011489c       0x84 C:/devkitPro/devkitARM/bin/../lib/gcc/arm-none-eabi/13.2.0/../../../../arm-none-eabi/lib/armv6k/fpu\libsysbase.a(libsysbase_libsysbase_a-lseek.o)
                0x0011489c                _lseek_r
 .text._open_r  0x00114920       0xbc C:/devkitPro/devkitARM/bin/../lib/gcc/arm-none-eabi/13.2.0/../../../../arm-none-eabi/lib/armv6k/fpu\libsysbase.a(libsysbase_libsysbase_a-open.o)
                0x00114920                _open_r
 .text._read_r  0x001149dc       0x80 C:/devkitPro/devkitARM/bin/../lib/gcc/arm-none-eabi/13.2.0/../../../../arm-none-eabi/lib/armv6k/fpu\libsysbase.a(libsysbase_libsysbase_a-read.o)
                0x001149dc                _read_r
 .text._sbrk_r  0x00114a5c       0x78 C:/devkitPro/devkitARM/bin/../lib/gcc/arm-none-eabi/13.2.0/../../../../arm-none-eabi/lib/armv6k/fpu\libsysbase.a(libsysbase_libsysbase_a-sbrk.o)
                0x00114a5c                _sbrk_r
 .text.__libc_lock_acquire
                0x00114ad4       0x1c C:/devkitPro/devkitARM/bin/../lib/gcc/arm-none-eabi/13.2.0/../../../../arm-none-eabi/lib/armv6k/fpu\libsysbase.a(libsysbase_libsysbase_a-syscall_support.o)
                0x00114ad4                __libc_lock_acquire
 .text.__libc_lock_release
                0x00114af0       0x1c C:/devkitPro/devkitARM/bin/../lib/gcc/arm-none-eabi/13.2.0/../../../../arm-none-eabi/lib/armv6k/fpu\libsysbase.a(libsysbase_libsysbase_a-syscall_support.o)
                0x00114af0                __libc_lock_release
 .text.__libc_lock_acquire_recursive
                0x00114b0c       0x1c C:/devkitPro/devkitARM/bin/../lib/gcc/arm-none-eabi/13.2.0/../../../../arm-none-eabi/lib/armv6k/fpu\libsysbase.a(libsysbase_libsysbase_a-syscall_support.o)
                0x00114b0c                __libc_lock_acquire_recursive
 .text.__libc_lock_release_recursive
                0x00114b28       0x1c C:/devkitPro/devkitARM/bin/../lib/gcc/arm-none-eabi/13.2.0/../../../../arm-none-eabi/lib/armv6k/fpu\libsysbase.a(libsysbase_libsysbase_a-syscall_support.o)
                0x00114b28                __libc_lock_release_recursive
 .text._write_r
                0x00114b44       0x80 C:/devkitPro/devkitARM/bin/../lib/gcc/arm-none-eabi/13.2.0/../../../../arm-none-eabi/lib/armv6k/fpu\libsysbase.a(libsysbase_libsysbase_a-write.o)
                0x00114b44                _write_r
 .text.strrchr  0x00114bc4       0x48 C:/devkitPro/devkitARM/bin/../lib/gcc/arm-none-eabi/13.2.0/../../../../arm-none-eabi/lib/armv6k/fpu\libg.a(libc_a-strrchr.o)
                0x00114bc4                strrchr
 *(.glue_7)
 .glue_7        0x00114c0c        0x0 linker stubs
 *(.glue_7t)
 .glue_7t       0x00114c0c        0x0 linker stubs
 *(.stub)
 *(.gnu.warning)
 *(.gnu.linkonce.t*)
                0x00114c0c                        . = ALIGN (0x4)
 *(.fini)
 .fini          0x00114c0c        0xc C:/devkitPro/devkitARM/bin/../lib/gcc/arm-none-eabi/13.2.0/armv6k/fpu/crti.o
                0x00114c0c                _fini
 .fini          0x00114c18        0xc C:/devkitPro/devkitARM/bin/../lib/gcc/arm-none-eabi/13.2.0/armv6k/fpu/crtn.o
                0x00114c24                        . = ALIGN (0x4)

.vfp11_veneer   0x00114c24        0x0
 .vfp11_veneer  0x00114c24        0x0 linker stubs

.v4_bx          0x00114c24        0x0
 .v4_bx         0x00114c24        0x0 linker stubs

.iplt           0x00114c24        0x0
 .iplt          0x00114c24        0x0 C:/devkitPro/devkitARM/bin/../lib/gcc/arm-none-eabi/13.2.0/../../../../arm-none-eabi/lib/armv6k/fpu/3dsx_crt0.o
                0x00115000                        . = ALIGN (0x1000)

.rodata         0x00115000      0x4d4
 *(.rodata)
 .rodata        0x00115000        0xc C:/devkitPro/libctru/lib\libctru.a(archive_dev.o)
 *(.roda)
 *(.rodata.*)
 .rodata.str1.4
                0x0011500c       0xcc main.o
                                 0x2a (size before relaxing)
 .rodata.C2D_Init.str1.4
                0x001150d8       0x10 C:/devkitPro/libctru/lib\libcitro2d.a(base.o)
 .rodata.C2D_FontLoad.str1.4
                0x001150d8        0x3 C:/devkitPro/libctru/lib\libcitro2d.a(font.o)
 .rodata.render2d_shbin
                0x001150d8      0x190 C:/devkitPro/libctru/lib\libcitro2d.a(render2d.shbin.o)
                0x001150d8                render2d_shbin
                0x00115264                render2d_shbin_end
                0x00115264                render2d_shbin_size
 .rodata.depthFmtSizes
                0x00115268        0x4 C:/devkitPro/libctru/lib\libcitro3d.a(framebuffer.o)
 .rodata.colorFmtSizes
                0x0011526c        0x5 C:/devkitPro/libctru/lib\libcitro3d.a(framebuffer.o)
 *fill*         0x00115271        0x3 
 .rodata.CSWTCH.11
                0x00115274       0x10 C:/devkitPro/libctru/lib\libcitro3d.a(proctex.o)
 .rodata.aptSendCommand.str1.4
                0x00115284       0x16 C:/devkitPro/libctru/lib\libctru.a(apt.o)
 .rodata.morton_y.2
                0x00115284        0x8 C:/devkitPro/libctru/lib\libctru.a(apt.o)
 .rodata.morton_x.3
                0x0011528c        0x8 C:/devkitPro/libctru/lib\libctru.a(apt.o)
 .rodata.s_sleepWakeEvents.4
                0x00115294        0x8 C:/devkitPro/libctru/lib\libctru.a(apt.o)
 .rodata.fsInit.str1.4
                0x0011529c        0x8 C:/devkitPro/libctru/lib\libctru.a(fs.o)
 .rodata.gspInit.str1.4
                0x0011529c        0x9 C:/devkitPro/libctru/lib\libctru.a(gspgpu.o)
 .rodata.hidInit.str1.4
                0x0011529c       0x15 C:/devkitPro/libctru/lib\libctru.a(hid.o)
 .rodata.irrstInit.str1.4
                0x0011529c        0x7 C:/devkitPro/libctru/lib\libctru.a(irrst.o)
 .rodata.ptmSysmInit.str1.4
                0x0011529c        0x9 C:/devkitPro/libctru/lib\libctru.a(ptmsysm.o)
 .rodata.__system_initArgv.str1.4
                0x0011529c        0xa C:/devkitPro/libctru/lib\libctru.a(initArgv.o)
 .rodata.srvInit.str1.4
                0x0011529c        0x5 C:/devkitPro/libctru/lib\libctru.a(srv.o)
 .rodata.archive_utf16path.str1.4
                0x0011529c        0x2 C:/devkitPro/libctru/lib\libctru.a(archive_dev.o)
 .rodata._archiveUnmountDeviceStruct.part.0.str1.4
                0x0011529c        0x2 C:/devkitPro/libctru/lib\libctru.a(archive_dev.o)
 .rodata._archiveMountDevice.str1.4
                0x0011529c        0xc C:/devkitPro/libctru/lib\libctru.a(archive_dev.o)
 .rodata.archiveMountSdmc.str1.4
                0x0011529c        0x5 C:/devkitPro/libctru/lib\libctru.a(archive_dev.o)
 .rodata.error_table
                0x0011529c       0x30 C:/devkitPro/libctru/lib\libctru.a(archive_dev.o)
 .rodata.str1.4
                0x001152cc        0x8 C:/devkitPro/libctru/lib\libctru.a(archive_dev.o)
 .rodata.archive_devoptab
                0x001152cc       0x80 C:/devkitPro/libctru/lib\libctru.a(archive_dev.o)
 .rodata._ctype_
                0x0011534c      0x101 C:/devkitPro/devkitARM/bin/../lib/gcc/arm-none-eabi/13.2.0/../../../../arm-none-eabi/lib/armv6k/fpu\libg.a(libc_a-ctype_.o)
                0x0011534c                _ctype_
 .rodata.AddDevice.str1.4
                0x0011544d        0x8 C:/devkitPro/devkitARM/bin/../lib/gcc/arm-none-eabi/13.2.0/../../../../arm-none-eabi/lib/armv6k/fpu\libsysbase.a(libsysbase_libsysbase_a-iosupport.o)
 *fill*         0x0011544d        0x3 
 .rodata.dotab_stdnull
                0x00115450       0x80 C:/devkitPro/devkitARM/bin/../lib/gcc/arm-none-eabi/13.2.0/../../../../arm-none-eabi/lib/armv6k/fpu\libsysbase.a(libsysbase_libsysbase_a-iosupport.o)
                0x00115450                dotab_stdnull
 *all.rodata*(*)
 *(.gnu.linkonce.r*)
                0x001154d0                        . = ALIGN (0x4)
                0x001154d0                        __tdata_align = .
                0x001154d0        0x4 LONG 0x4 ALIGNOF (.tdata)
                0x001154d4                        . = ALIGN (0x4)

.eh_frame       0x001154d4        0x0
 .eh_frame      0x001154d4        0x0 C:/devkitPro/devkitARM/bin/../lib/gcc/arm-none-eabi/13.2.0/armv6k/fpu/crtbegin.o

.rel.dyn        0x001154d4        0x0
 .rel.iplt      0x001154d4        0x0 C:/devkitPro/devkitARM/bin/../lib/gcc/arm-none-eabi/13.2.0/../../../../arm-none-eabi/lib/armv6k/fpu/3dsx_crt0.o
 .rel.got       0x001154d4        0x0 C:/devkitPro/devkitARM/bin/../lib/gcc/arm-none-eabi/13.2.0/../../../../arm-none-eabi/lib/armv6k/fpu/3dsx_crt0.o

.ARM.extab
 *(.ARM.extab* .gnu.linkonce.armextab.*)
                0x001154d4                        __exidx_start = .

.ARM.exidx
 *(.ARM.exidx* .gnu.linkonce.armexidx.*)
                0x001154d4                        __exidx_end = .
                0x00116000                        . = ALIGN (0x1000)

.data           0x00116000     0x1a1c
 *(.data)
 *(.data.*)
 .data.framerateCounter
                0x00116000        0x8 C:/devkitPro/libctru/lib\libcitro3d.a(renderqueue.o)
 .data.framerate
                0x00116008        0x4 C:/devkitPro/libctru/lib\libcitro3d.a(renderqueue.o)
 .data.queueLock
                0x0011600c        0x4 C:/devkitPro/libctru/lib\libctru.a(gxqueue.o)
 .data.aptChainloadDeliverArgSize
                0x00116010        0x4 C:/devkitPro/libctru/lib\libctru.a(apt.o)
 .data.kCount   0x00116014        0x4 C:/devkitPro/libctru/lib\libctru.a(hid.o)
 .data.kInterval
                0x00116018        0x4 C:/devkitPro/libctru/lib\libctru.a(hid.o)
 .data.kDelay   0x0011601c        0x4 C:/devkitPro/libctru/lib\libctru.a(hid.o)
 .data.__stacksize__
                0x00116020        0x4 C:/devkitPro/libctru/lib\libctru.a(stack_adjust.o)
                0x00116020                __stacksize__
 .data.__malloc_sbrk_base
                0x00116024        0x4 C:/devkitPro/devkitARM/bin/../lib/gcc/arm-none-eabi/13.2.0/../../../../arm-none-eabi/lib/armv6k/fpu\libg.a(libc_a-mallocr.o)
                0x00116024                __malloc_sbrk_base
 .data.__malloc_trim_threshold
                0x00116028        0x4 C:/devkitPro/devkitARM/bin/../lib/gcc/arm-none-eabi/13.2.0/../../../../arm-none-eabi/lib/armv6k/fpu\libg.a(libc_a-mallocr.o)
                0x00116028                __malloc_trim_threshold
 *fill*         0x0011602c        0x4 
 .data.__malloc_av_
                0x00116030      0x408 C:/devkitPro/devkitARM/bin/../lib/gcc/arm-none-eabi/13.2.0/../../../../arm-none-eabi/lib/armv6k/fpu\libg.a(libc_a-mallocr.o)
                0x00116030                __malloc_av_
 .data.__sglue  0x00116438        0xc C:/devkitPro/devkitARM/bin/../lib/gcc/arm-none-eabi/13.2.0/../../../../arm-none-eabi/lib/armv6k/fpu\libg.a(libc_a-findfp.o)
                0x00116438                __sglue
 .data._impure_ptr
                0x00116444        0x4 C:/devkitPro/devkitARM/bin/../lib/gcc/arm-none-eabi/13.2.0/../../../../arm-none-eabi/lib/armv6k/fpu\libg.a(libc_a-impure.o)
                0x00116444                _impure_ptr
 .data._impure_data
                0x00116448      0x120 C:/devkitPro/devkitARM/bin/../lib/gcc/arm-none-eabi/13.2.0/../../../../arm-none-eabi/lib/armv6k/fpu\libg.a(libc_a-impure.o)
                0x00116448                _impure_data
 .data._current_working_directory
                0x00116568      0x400 C:/devkitPro/devkitARM/bin/../lib/gcc/arm-none-eabi/13.2.0/../../../../arm-none-eabi/lib/armv6k/fpu\libsysbase.a(libsysbase_libsysbase_a-chdir.o)
 .data.handles  0x00116968     0x1000 C:/devkitPro/devkitARM/bin/../lib/gcc/arm-none-eabi/13.2.0/../../../../arm-none-eabi/lib/armv6k/fpu\libsysbase.a(libsysbase_libsysbase_a-handle_manager.o)
 .data.__stderr_handle
                0x00117968        0xc C:/devkitPro/devkitARM/bin/../lib/gcc/arm-none-eabi/13.2.0/../../../../arm-none-eabi/lib/armv6k/fpu\libsysbase.a(libsysbase_libsysbase_a-handle_manager.o)
 .data.__stdout_handle
                0x00117974        0xc C:/devkitPro/devkitARM/bin/../lib/gcc/arm-none-eabi/13.2.0/../../../../arm-none-eabi/lib/armv6k/fpu\libsysbase.a(libsysbase_libsysbase_a-handle_manager.o)
 .data.__stdin_handle
                0x00117980        0xc C:/devkitPro/devkitARM/bin/../lib/gcc/arm-none-eabi/13.2.0/../../../../arm-none-eabi/lib/armv6k/fpu\libsysbase.a(libsysbase_libsysbase_a-handle_manager.o)
 .data.devoptab_list
                0x0011798c       0x8c C:/devkitPro/devkitARM/bin/../lib/gcc/arm-none-eabi/13.2.0/../../../../arm-none-eabi/lib/armv6k/fpu\libsysbase.a(libsysbase_libsysbase_a-iosupport.o)
                0x0011798c                devoptab_list
 .data.defaultDevice
                0x00117a18        0x4 C:/devkitPro/devkitARM/bin/../lib/gcc/arm-none-eabi/13.2.0/../../../../arm-none-eabi/lib/armv6k/fpu\libsysbase.a(libsysbase_libsysbase_a-iosupport.o)
 *(.gnu.linkonce.d*)
                0x00117a1c                        . = ALIGN (0x4)

.igot.plt       0x00117a1c        0x0
 .igot.plt      0x00117a1c        0x0 C:/devkitPro/devkitARM/bin/../lib/gcc/arm-none-eabi/13.2.0/../../../../arm-none-eabi/lib/armv6k/fpu/3dsx_crt0.o

.got            0x00117a1c        0x8
 .got           0x00117a1c        0x8 C:/devkitPro/devkitARM/bin/../lib/gcc/arm-none-eabi/13.2.0/../../../../arm-none-eabi/lib/armv6k/fpu/3dsx_crt0.o

.got.plt        0x00117a24        0xc
 .got.plt       0x00117a24        0xc C:/devkitPro/devkitARM/bin/../lib/gcc/arm-none-eabi/13.2.0/../../../../arm-none-eabi/lib/armv6k/fpu/3dsx_crt0.o
                0x00117a24                _GLOBAL_OFFSET_TABLE_

.tdata          0x00117a30        0x0
                0x00117a30                        __tdata_lma = .
 *(.tdata)
 *(.tdata.*)
 *(.gnu.linkonce.td.*)
                0x00117a30                        . = ALIGN (0x4)
                0x00117a30                        __tdata_lma_end = .

.tbss           0x00117a30      0xc08
 *(.tbss)
 *(.tbss.*)
 .tbss.__ctru_dev_utf16_buf
                0x00117a30      0x802 C:/devkitPro/libctru/lib\libctru.a(path_buf.o)
                0x00117a30                __ctru_dev_utf16_buf
 *fill*         0x00118232        0x2 
 .tbss.__ctru_dev_path_buf
                0x00118234      0x401 C:/devkitPro/libctru/lib\libctru.a(path_buf.o)
                0x00118234                __ctru_dev_path_buf
 *(.gnu.linkonce.tb.*)
 *(.tcommon)
                0x00118638                        . = ALIGN (0x4)
 *fill*         0x00118635        0x3 

.preinit_array  0x00117a30        0x0
                0x00117a30                        PROVIDE (__preinit_array_start = .)
 *(.preinit_array)
                0x00117a30                        PROVIDE (__preinit_array_end = .)

.init_array     0x00117a30        0x4
                0x00117a30                        PROVIDE (__init_array_start = .)
 *(SORT_BY_NAME(.init_array.*))
 *(.init_array)
 .init_array    0x00117a30        0x4 C:/devkitPro/devkitARM/bin/../lib/gcc/arm-none-eabi/13.2.0/armv6k/fpu/crtbegin.o
                0x00117a34                        PROVIDE (__init_array_end = .)

.fini_array     0x00117a34        0x4
                0x00117a34                        PROVIDE (__fini_array_start = .)
 *(.fini_array)
 .fini_array    0x00117a34        0x4 C:/devkitPro/devkitARM/bin/../lib/gcc/arm-none-eabi/13.2.0/armv6k/fpu/crtbegin.o
 *(SORT_BY_NAME(.fini_array.*))
                0x00117a38                        PROVIDE (__fini_array_end = .)

.ctors
 *crtbegin.o(.ctors)
 *(EXCLUDE_FILE(*crtend.o) .ctors)
 *(SORT_BY_NAME(.ctors.*))
 *(.ctors)

.dtors
 *crtbegin.o(.dtors)
 *(EXCLUDE_FILE(*crtend.o) .dtors)
 *(SORT_BY_NAME(.dtors.*))
 *(.dtors)
                0x00117a38                        __bss_start__ = .

.bss            0x00117a38     0x44f4
 *(.dynbss)
 *(.bss)
 .bss           0x00117a38       0x24 main.o
 *(.bss.*)
 .bss.completed.1
                0x00117a5c        0x1 C:/devkitPro/devkitARM/bin/../lib/gcc/arm-none-eabi/13.2.0/armv6k/fpu/crtbegin.o
 *fill*         0x00117a5d        0x3 
 .bss.object.0  0x00117a60       0x18 C:/devkitPro/devkitARM/bin/../lib/gcc/arm-none-eabi/13.2.0/armv6k/fpu/crtbegin.o
 .bss.__C2Di_Context
                0x00117a78      0x5a8 C:/devkitPro/libctru/lib\libcitro2d.a(base.o)
                0x00117a78                __C2Di_Context
 .bss.s_projBot
                0x00118020       0x40 C:/devkitPro/libctru/lib\libcitro2d.a(base.o)
 .bss.s_projTop
                0x00118060       0x40 C:/devkitPro/libctru/lib\libcitro2d.a(base.o)
 .bss.uLoc_mdlvMtx
                0x001180a0        0x4 C:/devkitPro/libctru/lib\libcitro2d.a(base.o)
 .bss.uLoc_projMtx
                0x001180a4        0x4 C:/devkitPro/libctru/lib\libcitro2d.a(base.o)
 .bss.s_glyphSheets
                0x001180a8        0x4 C:/devkitPro/libctru/lib\libcitro2d.a(text.o)
 .bss.s_textScale
                0x001180ac        0x4 C:/devkitPro/libctru/lib\libcitro2d.a(text.o)
 .bss.hookCookie
                0x001180b0        0xc C:/devkitPro/libctru/lib\libcitro3d.a(base.o)
 *fill*         0x001180bc        0x4 
 .bss.__C3D_Context
                0x001180c0      0x2d0 C:/devkitPro/libctru/lib\libcitro3d.a(base.o)
                0x001180c0                __C3D_Context
 .bss.frameEndCbData
                0x00118390        0x4 C:/devkitPro/libctru/lib\libcitro3d.a(renderqueue.o)
 .bss.frameEndCb
                0x00118394        0x4 C:/devkitPro/libctru/lib\libcitro3d.a(renderqueue.o)
 .bss.frameCounter
                0x00118398        0x8 C:/devkitPro/libctru/lib\libcitro3d.a(renderqueue.o)
 .bss.isTopStereo
                0x001183a0        0x1 C:/devkitPro/libctru/lib\libcitro3d.a(renderqueue.o)
 .bss.needSwapBot
                0x001183a1        0x1 C:/devkitPro/libctru/lib\libcitro3d.a(renderqueue.o)
 .bss.needSwapTop
                0x001183a2        0x1 C:/devkitPro/libctru/lib\libcitro3d.a(renderqueue.o)
 .bss.measureGpuTime
                0x001183a3        0x1 C:/devkitPro/libctru/lib\libcitro3d.a(renderqueue.o)
 .bss.inSafeTransfer
                0x001183a4        0x1 C:/devkitPro/libctru/lib\libcitro3d.a(renderqueue.o)
 .bss.inFrame   0x001183a5        0x1 C:/devkitPro/libctru/lib\libcitro3d.a(renderqueue.o)
 *fill*         0x001183a6        0x2 
 .bss.cpuTime   0x001183a8       0x10 C:/devkitPro/libctru/lib\libcitro3d.a(renderqueue.o)
 .bss.gpuTime   0x001183b8       0x10 C:/devkitPro/libctru/lib\libcitro3d.a(renderqueue.o)
 .bss.linkedTarget
                0x001183c8        0xc C:/devkitPro/libctru/lib\libcitro3d.a(renderqueue.o)
 .bss.lastTarget
                0x001183d4        0x4 C:/devkitPro/libctru/lib\libcitro3d.a(renderqueue.o)
 .bss.firstTarget
                0x001183d8        0x4 C:/devkitPro/libctru/lib\libcitro3d.a(renderqueue.o)
 .bss.C3Di_IVUnifEverDirty
                0x001183dc        0x8 C:/devkitPro/libctru/lib\libcitro3d.a(uniforms.o)
 .bss.C3Di_FVUnifEverDirty
                0x001183e4       0xc0 C:/devkitPro/libctru/lib\libcitro3d.a(uniforms.o)
 .bss.C3Di_ShaderFVecData
                0x001184a4       0x18 C:/devkitPro/libctru/lib\libcitro3d.a(uniforms.o)
 .bss.C3D_BoolUnifsDirty
                0x001184bc        0x2 C:/devkitPro/libctru/lib\libcitro3d.a(uniforms.o)
                0x001184bc                C3D_BoolUnifsDirty
 *fill*         0x001184be        0x2 
 .bss.C3D_IVUnifDirty
                0x001184c0        0x8 C:/devkitPro/libctru/lib\libcitro3d.a(uniforms.o)
                0x001184c0                C3D_IVUnifDirty
 .bss.C3D_FVUnifDirty
                0x001184c8       0xc0 C:/devkitPro/libctru/lib\libcitro3d.a(uniforms.o)
                0x001184c8                C3D_FVUnifDirty
 .bss.C3D_BoolUnifs
                0x00118588        0x4 C:/devkitPro/libctru/lib\libcitro3d.a(uniforms.o)
                0x00118588                C3D_BoolUnifs
 .bss.C3D_IVUnif
                0x0011858c       0x20 C:/devkitPro/libctru/lib\libcitro3d.a(uniforms.o)
                0x0011858c                C3D_IVUnif
 .bss.C3D_FVUnif
                0x001185ac      0xc00 C:/devkitPro/libctru/lib\libcitro3d.a(uniforms.o)
                0x001185ac                C3D_FVUnif
 *fill*         0x001191ac        0x4 
 .bss._ZL11sLinearPool
                0x001191b0        0x8 C:/devkitPro/libctru/lib\libctru.a(linear.o)
 .bss._ZL8sAddrMap
                0x001191b8        0xc C:/devkitPro/libctru/lib\libctru.a(linear.o)
 *fill*         0x001191c4        0x4 
 .bss._ZL10sVramPoolB
                0x001191c8        0x8 C:/devkitPro/libctru/lib\libctru.a(vram.o)
 .bss._ZL10sVramPoolA
                0x001191d0        0x8 C:/devkitPro/libctru/lib\libctru.a(vram.o)
 .bss._ZL8sAddrMap
                0x001191d8        0xc C:/devkitPro/libctru/lib\libctru.a(vram.o)
 .bss.sharedFontAddr
                0x001191e4        0x4 C:/devkitPro/libctru/lib\libctru.a(font.o)
 .bss.g_sharedFont
                0x001191e8        0x4 C:/devkitPro/libctru/lib\libctru.a(font.o)
                0x001191e8                g_sharedFont
 .bss.screenAlloc
                0x001191ec        0x4 C:/devkitPro/libctru/lib\libctru.a(gfx.o)
 .bss.screenFree
                0x001191f0        0x4 C:/devkitPro/libctru/lib\libctru.a(gfx.o)
 .bss.gfxIsDoubleBuf
                0x001191f4        0x2 C:/devkitPro/libctru/lib\libctru.a(gfx.o)