Archive member included to satisfy reference by file (symbol)

/opt/devkitpro/libctru/lib/libcitro2d.a(base.o)
                              main.o (C2D_Init)
/opt/devkitpro/libctru/lib/libcitro2d.a(text.o)
                              main.o (C2D_TextBufNew)
/opt/devkitpro/libctru/lib/libcitro2d.a(font.o)
                              main.o (C2D_FontLoad)
/opt/devkitpro/libctru/lib/libcitro2d.a(render2d.shbin.o)
                              /opt/devkitpro/libctru/lib/libcitro2d.a(base.o) (render2d_shbin)
/opt/devkitpro/libctru/lib/libcitro3d.a(attribs.o)
                              /opt/devkitpro/libctru/lib/libcitro2d.a(base.o) (AttrInfo_Init)
/opt/devkitpro/libctru/lib/libcitro3d.a(base.o)
                              /opt/devkitpro/libctru/lib/libcitro3d.a(attribs.o) (__C3D_Context)
/opt/devkitpro/libctru/lib/libcitro3d.a(buffers.o)
                              /opt/devkitpro/libctru/lib/libcitro2d.a(base.o) (BufInfo_Init)
/opt/devkitpro/libctru/lib/libcitro3d.a(drawElements.o)
                              /opt/devkitpro/libctru/lib/libcitro2d.a(base.o) (C3D_DrawElements)
/opt/devkitpro/libctru/lib/libcitro3d.a(effect.o)
                              /opt/devkitpro/libctru/lib/libcitro3d.a(base.o) (C3D_DepthMap)
/opt/devkitpro/libctru/lib/libcitro3d.a(framebuffer.o)
                              /opt/devkitpro/libctru/lib/libcitro3d.a(base.o) (C3Di_FrameBufBind)
/opt/devkitpro/libctru/lib/libcitro3d.a(immediate.o)
                              /opt/devkitpro/libctru/lib/libcitro3d.a(base.o) (C3D_ImmSendAttrib)
/opt/devkitpro/libctru/lib/libcitro3d.a(proctex.o)
                              /opt/devkitpro/libctru/lib/libcitro2d.a(base.o) (C3D_ProcTexInit)
/opt/devkitpro/libctru/lib/libcitro3d.a(renderqueue.o)
                              /opt/devkitpro/libctru/lib/libcitro3d.a(base.o) (C3Di_RenderQueueEnableVBlank)
/opt/devkitpro/libctru/lib/libcitro3d.a(texenv.o)
                              /opt/devkitpro/libctru/lib/libcitro2d.a(base.o) (C3D_GetTexEnv)
/opt/devkitpro/libctru/lib/libcitro3d.a(texture.o)
                              /opt/devkitpro/libctru/lib/libcitro2d.a(base.o) (C3D_TexBind)
/opt/devkitpro/libctru/lib/libcitro3d.a(uniforms.o)
                              /opt/devkitpro/libctru/lib/libcitro3d.a(base.o) (C3D_UpdateUniforms)
/opt/devkitpro/libctru/lib/libcitro3d.a(mtx_multiply.o)
                              /opt/devkitpro/libctru/lib/libcitro2d.a(base.o) (Mtx_Multiply)
/opt/devkitpro/libctru/lib/libcitro3d.a(mtx_ortho.o)
                              /opt/devkitpro/libctru/lib/libcitro2d.a(base.o) (Mtx_Ortho)
/opt/devkitpro/libctru/lib/libcitro3d.a(mtx_orthotilt.o)
                              /opt/devkitpro/libctru/lib/libcitro2d.a(base.o) (Mtx_OrthoTilt)
/opt/devkitpro/libctru/lib/libcitro3d.a(mtx_rotatez.o)
                              /opt/devkitpro/libctru/lib/libcitro2d.a(base.o) (Mtx_RotateZ)
/opt/devkitpro/libctru/lib/libcitro3d.a(mtx_scale.o)
                              /opt/devkitpro/libctru/lib/libcitro2d.a(base.o) (Mtx_Scale)
/opt/devkitpro/libctru/lib/libcitro3d.a(mtx_translate.o)
                              /opt/devkitpro/libctru/lib/libcitro2d.a(base.o) (Mtx_Translate)
/opt/devkitpro/libctru/lib/libctru.a(linear.o)
                              /opt/devkitpro/libctru/lib/libcitro2d.a(base.o) (linearAlloc)
/opt/devkitpro/libctru/lib/libctru.a(mem_pool.o)
                              /opt/devkitpro/libctru/lib/libctru.a(linear.o) (MemPool::Allocate(MemChunk&, unsigned long, int))
/opt/devkitpro/libctru/lib/libctru.a(vram.o)
                              /opt/devkitpro/libctru/lib/libcitro3d.a(renderqueue.o) (vramAlloc)
/opt/devkitpro/libctru/lib/libctru.a(font.o)
                              /opt/devkitpro/libctru/lib/libcitro2d.a(text.o) (fontEnsureMapped)
/opt/devkitpro/libctru/lib/libctru.a(gfx.o)
                              /opt/devkitpro/libctru/lib/libcitro2d.a(base.o) (gfxIsWide)
/opt/devkitpro/libctru/lib/libctru.a(os.o)
                              /opt/devkitpro/libctru/lib/libcitro3d.a(buffers.o) (osConvertVirtToPhys)
/opt/devkitpro/libctru/lib/libctru.a(romfs_dev.o)
                              /opt/devkitpro/libctru/lib/libcitro2d.a(font.o) (romfsMountFromTitle)
/opt/devkitpro/libctru/lib/libctru.a(gpu.o)
                              /opt/devkitpro/libctru/lib/libcitro3d.a(base.o) (gpuCmdBufOffset)
/opt/devkitpro/libctru/lib/libctru.a(gx.o)
                              /opt/devkitpro/libctru/lib/libcitro3d.a(renderqueue.o) (GX_BindQueue)
/opt/devkitpro/libctru/lib/libctru.a(gxqueue.o)
                              /opt/devkitpro/libctru/lib/libcitro3d.a(renderqueue.o) (gxCmdQueueClear)
/opt/devkitpro/libctru/lib/libctru.a(shaderProgram.o)
                              /opt/devkitpro/libctru/lib/libcitro2d.a(base.o) (shaderInstanceGetUniformLocation)
/opt/devkitpro/libctru/lib/libctru.a(shbin.o)
                              /opt/devkitpro/libctru/lib/libcitro2d.a(base.o) (DVLB_ParseFile)
/opt/devkitpro/libctru/lib/libctru.a(apt.o)
[...]
Memory Configuration

Name             Origin             Length             Attributes
*default*        0x00000000         0xffffffff

Linker script and memory map

                0x00100000                        PROVIDE (__start__ = 0x100000)
                0x00100000                        . = __start__

.text           0x00100000    0x160b0
 *(.crt0)
 .crt0          0x00100000       0x94 /opt/devkitpro/devkitARM/bin/../lib/gcc/arm-none-eabi/13.2.0/../../../../arm-none-eabi/lib/armv6k/fpu/3dsx_crt0.o
                0x00100000                _start
                0x00100008                __service_ptr
                0x0010000c                __apt_appid
                0x00100010                __heap_size
                0x00100014                __linear_heap_size
                0x00100018                __system_arglist
                0x0010001c                __system_runflags
 *(.init)
 .init          0x00100094        0xc /opt/devkitpro/devkitARM/bin/../lib/gcc/arm-none-eabi/13.2.0/armv6k/fpu/crti.o
                0x00100094                _init
 .init          0x001000a0        0xc /opt/devkitpro/devkitARM/bin/../lib/gcc/arm-none-eabi/13.2.0/armv6k/fpu/crtn.o
                0x001000ac                        . = ALIGN (0x4)
 *(.text)
 .text          0x001000ac      0x20c /opt/devkitpro/devkitARM/bin/../lib/gcc/arm-none-eabi/13.2.0/armv6k/fpu/libgcc.a(_udivsi3.o)
                0x001000ac                __udivsi3
                0x001000ac                __aeabi_uidiv
                0x00100298                __aeabi_uidivmod
 .text          0x001002b8      0x240 /opt/devkitpro/devkitARM/bin/../lib/gcc/arm-none-eabi/13.2.0/armv6k/fpu/libgcc.a(_divsi3.o)
                0x001002b8                __aeabi_idiv
                0x001002b8                __divsi3
                0x001004d8                __aeabi_idivmod
 .text          0x001004f8        0x4 /opt/devkitpro/devkitARM/bin/../lib/gcc/arm-none-eabi/13.2.0/armv6k/fpu/libgcc.a(_dvmd_tls.o)
                0x001004f8                __aeabi_ldiv0
                0x001004f8                __aeabi_idiv0
 *fill*         0x001004fc        0x4 
 .text          0x00100500      0x390 /opt/devkitpro/devkitARM/bin/../lib/gcc/arm-none-eabi/13.2.0/../../../../arm-none-eabi/lib/armv6k/fpu/libg.a(libc_a-strcmp.o)
                0x00100508                strcmp
 *(.text.*)
 .text.__do_global_dtors_aux
                0x00100890       0x40 /opt/devkitpro/devkitARM/bin/../lib/gcc/arm-none-eabi/13.2.0/armv6k/fpu/crtbegin.o
 .text.frame_dummy
                0x001008d0       0x2c /opt/devkitpro/devkitARM/bin/../lib/gcc/arm-none-eabi/13.2.0/armv6k/fpu/crtbegin.o
 .text.renderBlockShadow
                0x001008fc      0x304 main.o
 .text.renderBlock.isra.0
                0x00100c00      0x18c main.o
 .text.renderScreen.isra.0
                0x00100d8c      0xa24 main.o
 .text.startup.main
                0x001017b0      0x220 main.o
                0x001017b0                main
 .text.C2Di_FrameEndHook
                0x001019d0       0x44 /opt/devkitpro/libctru/lib/libcitro2d.a(base.o)
 *fill*         0x00101a14        0x4 
 .text.C2D_Init
                0x00101a18      0x36c /opt/devkitpro/libctru/lib/libcitro2d.a(base.o)
                0x00101a18                C2D_Init
 .text.C2D_Fini
                0x00101d84       0x4c /opt/devkitpro/libctru/lib/libcitro2d.a(base.o)
                0x00101d84                C2D_Fini
 .text.C2D_Prepare
                0x00101dd0       0xb8 /opt/devkitpro/libctru/lib/libcitro2d.a(base.o)
                0x00101dd0                C2D_Prepare
 .text.C2D_Flush
                0x00101e88       0x48 /opt/devkitpro/libctru/lib/libcitro2d.a(base.o)
                0x00101e88                C2D_Flush
 .text.C2D_SceneSize
                0x00101ed0      0x104 /opt/devkitpro/libctru/lib/libcitro2d.a(base.o)
                0x00101ed0                C2D_SceneSize
 .text.C2D_CreateScreenTarget
                0x00101fd4       0x58 /opt/devkitpro/libctru/lib/libcitro2d.a(base.o)
                0x00101fd4                C2D_CreateScreenTarget
 .text.C2D_TargetClear
                0x0010202c       0x64 /opt/devkitpro/libctru/lib/libcitro2d.a(base.o)
                0x0010202c                C2D_TargetClear
 .text.C2Di_AppendQuad
                0x00102090       0x58 /opt/devkitpro/libctru/lib/libcitro2d.a(base.o)
                0x00102090                C2Di_AppendQuad
 .text.C2Di_AppendVtx
                0x001020e8       0x40 /opt/devkitpro/libctru/lib/libcitro2d.a(base.o)
                0x001020e8                C2Di_AppendVtx
 .text.C2Di_Update
                0x00102128      0x550 /opt/devkitpro/libctru/lib/libcitro2d.a(base.o)
                0x00102128                C2Di_Update
 .text.C2D_DrawTriangle
                0x00102678      0x15c /opt/devkitpro/libctru/lib/libcitro2d.a(base.o)
                0x00102678                C2D_DrawTriangle
 .text.C2D_DrawRectangle
                0x001027d4      0x158 /opt/devkitpro/libctru/lib/libcitro2d.a(base.o)
                0x001027d4                C2D_DrawRectangle
 .text.C2D_DrawEllipse
                0x0010292c      0x16c /opt/devkitpro/libctru/lib/libcitro2d.a(base.o)
                0x0010292c                C2D_DrawEllipse
 .text.C2Di_GlyphComp
                0x00102a98       0x18 /opt/devkitpro/libctru/lib/libcitro2d.a(text.o)
 .text.C2Di_CalcLineWidths
                0x00102ab0      0x140 /opt/devkitpro/libctru/lib/libcitro2d.a(text.o)
 .text.C2D_TextBufNew
                0x00102bf0      0x1dc /opt/devkitpro/libctru/lib/libcitro2d.a(text.o)
                0x00102bf0                C2D_TextBufNew
 .text.C2D_TextBufClear
                0x00102dcc        0xc /opt/devkitpro/libctru/lib/libcitro2d.a(text.o)
                0x00102dcc                C2D_TextBufClear
 .text.C2D_TextFontParseLine
                0x00102dd8      0x1c8 /opt/devkitpro/libctru/lib/libcitro2d.a(text.o)
                0x00102dd8                C2D_TextFontParseLine
 .text.C2D_TextFontParse
                0x00102fa0       0xa8 /opt/devkitpro/libctru/lib/libcitro2d.a(text.o)
                0x00102fa0                C2D_TextFontParse
 .text.C2D_TextOptimize
                0x00103048       0x30 /opt/devkitpro/libctru/lib/libcitro2d.a(text.o)
                0x00103048                C2D_TextOptimize
 .text.C2D_TextGetDimensions
                0x00103078       0xc0 /opt/devkitpro/libctru/lib/libcitro2d.a(text.o)
                0x00103078                C2D_TextGetDimensions
 .text.C2D_DrawText
                0x00103138      0xf6c /opt/devkitpro/libctru/lib/libcitro2d.a(text.o)
                0x00103138                C2D_DrawText
 .text.C2D_FontFree
                0x001040a4       0x28 /opt/devkitpro/libctru/lib/libcitro2d.a(font.o)
                0x001040a4                C2D_FontFree
 .text.C2Di_PostLoadFont
                0x001040cc       0xe8 /opt/devkitpro/libctru/lib/libcitro2d.a(font.o)
 .text.C2D_FontLoadFromHandle
                0x001041b4       0xb4 /opt/devkitpro/libctru/lib/libcitro2d.a(font.o)
                0x001041b4                C2D_FontLoadFromHandle
 .text.C2D_FontLoad
                0x00104268       0x34 /opt/devkitpro/libctru/lib/libcitro2d.a(font.o)
                0x00104268                C2D_FontLoad
 .text.C2D_FontGlyphIndexFromCodePoint
                0x0010429c       0x44 /opt/devkitpro/libctru/lib/libcitro2d.a(font.o)
                0x0010429c                C2D_FontGlyphIndexFromCodePoint
 .text.C2D_FontCalcGlyphPos
                0x001042e0       0x78 /opt/devkitpro/libctru/lib/libcitro2d.a(font.o)
                0x001042e0                C2D_FontCalcGlyphPos
 .text.AttrInfo_Init
                0x00104358       0x28 /opt/devkitpro/libctru/lib/libcitro3d.a(attribs.o)
                0x00104358                AttrInfo_Init
 .text.AttrInfo_AddLoader
                0x00104380       0x94 /opt/devkitpro/libctru/lib/libcitro3d.a(attribs.o)
                0x00104380                AttrInfo_AddLoader
 .text.C3D_SetAttrInfo
                0x00104414       0x54 /opt/devkitpro/libctru/lib/libcitro3d.a(attribs.o)
                0x00104414                C3D_SetAttrInfo
 .text.C3Di_AttrInfoBind
                0x00104468       0x80 /opt/devkitpro/libctru/lib/libcitro3d.a(attribs.o)
                0x00104468                C3Di_AttrInfoBind
 .text.C3Di_LightEnvUpdate
                0x001044e8        0x4 /opt/devkitpro/libctru/lib/libcitro3d.a(base.o)
                0x001044e8                C3Di_LightEnvUpdate
 .text.C3Di_LightEnvDirty
                0x001044ec        0x4 /opt/devkitpro/libctru/lib/libcitro3d.a(base.o)
                0x001044ec                C3Di_LightEnvDirty
 .text.C3Di_AptEventHook
                0x001044f0       0xb4 /opt/devkitpro/libctru/lib/libcitro3d.a(base.o)
 .text.C3Di_GasUpdate
                0x001045a4        0x4 /opt/devkitpro/libctru/lib/libcitro3d.a(base.o)
                0x001045a4                C3Di_GasUpdate
 .text.C3D_Init
                0x001045a8      0x1d0 /opt/devkitpro/libctru/lib/libcitro3d.a(base.o)
                0x001045a8                C3D_Init
 .text.C3D_SetViewport
                0x00104778       0x98 /opt/devkitpro/libctru/lib/libcitro3d.a(base.o)
                0x00104778                C3D_SetViewport
 .text.C3Di_UpdateContext
                0x00104810      0x4e8 /opt/devkitpro/libctru/lib/libcitro3d.a(base.o)
                0x00104810                C3Di_UpdateContext
 .text.C3Di_SplitFrame
                0x00104cf8       0xe0 /opt/devkitpro/libctru/lib/libcitro3d.a(base.o)
                0x00104cf8                C3Di_SplitFrame
 .text.C3D_Fini
                0x00104dd8       0x44 /opt/devkitpro/libctru/lib/libcitro3d.a(base.o)
                0x00104dd8                C3D_Fini
 .text.C3D_BindProgram
                0x00104e1c      0x194 /opt/devkitpro/libctru/lib/libcitro3d.a(base.o)
                0x00104e1c                C3D_BindProgram
 .text.BufInfo_Init
                0x00104fb0       0x24 /opt/devkitpro/libctru/lib/libcitro3d.a(buffers.o)
                0x00104fb0                BufInfo_Init
 .text.BufInfo_Add
                0x00104fd4       0x80 /opt/devkitpro/libctru/lib/libcitro3d.a(buffers.o)
                0x00104fd4                BufInfo_Add
 .text.C3D_SetBufInfo
                0x00105054       0x3c /opt/devkitpro/libctru/lib/libcitro3d.a(buffers.o)
                0x00105054                C3D_SetBufInfo
 .text.C3Di_BufInfoBind
                0x00105090       0x48 /opt/devkitpro/libctru/lib/libcitro3d.a(buffers.o)
                0x00105090                C3Di_BufInfoBind
 .text.C3D_DrawElements
                0x001050d8      0x21c /opt/devkitpro/libctru/lib/libcitro3d.a(drawElements.o)
                0x001050d8                C3D_DrawElements
 .text.C3D_DepthMap
                0x001052f4       0x40 /opt/devkitpro/libctru/lib/libcitro3d.a(effect.o)
                0x001052f4                C3D_DepthMap
 .text.C3D_CullFace
                0x00105334       0x1c /opt/devkitpro/libctru/lib/libcitro3d.a(effect.o)
                0x00105334                C3D_CullFace
 .text.C3D_StencilTest
                0x00105350       0x40 /opt/devkitpro/libctru/lib/libcitro3d.a(effect.o)
                0x00105350                C3D_StencilTest
 .text.C3D_StencilOp
                0x00105390       0x24 /opt/devkitpro/libctru/lib/libcitro3d.a(effect.o)
                0x00105390                C3D_StencilOp
 .text.C3D_BlendingColor
                0x001053b4       0x1c /opt/devkitpro/libctru/lib/libcitro3d.a(effect.o)
                0x001053b4                C3D_BlendingColor
 .text.C3D_EarlyDepthTest
                0x001053d0       0x24 /opt/devkitpro/libctru/lib/libcitro3d.a(effect.o)
                0x001053d0                C3D_EarlyDepthTest
 .text.C3D_DepthTest
                0x001053f4       0x2c /opt/devkitpro/libctru/lib/libcitro3d.a(effect.o)
                0x001053f4                C3D_DepthTest
 .text.C3D_AlphaTest
                0x00105420       0x2c /opt/devkitpro/libctru/lib/libcitro3d.a(effect.o)
                0x00105420                C3D_AlphaTest
 .text.C3D_AlphaBlend
                0x0010544c       0x50 /opt/devkitpro/libctru/lib/libcitro3d.a(effect.o)
                0x0010544c                C3D_AlphaBlend
 .text.C3D_FragOpMode
                0x0010549c       0x30 /opt/devkitpro/libctru/lib/libcitro3d.a(effect.o)
                0x0010549c                C3D_FragOpMode
 .text.C3D_FragOpShadow
                0x001054cc       0x44 /opt/devkitpro/libctru/lib/libcitro3d.a(effect.o)
                0x001054cc                C3D_FragOpShadow
 .text.C3Di_EffectBind
                0x00105510      0x1ac /opt/devkitpro/libctru/lib/libcitro3d.a(effect.o)
                0x00105510                C3Di_EffectBind
 .text.C3D_CalcColorBufSize
                0x001056bc       0x1c /opt/devkitpro/libctru/lib/libcitro3d.a(framebuffer.o)
                0x001056bc                C3D_CalcColorBufSize
 .text.C3D_CalcDepthBufSize
                0x001056d8       0x1c /opt/devkitpro/libctru/lib/libcitro3d.a(framebuffer.o)
                0x001056d8                C3D_CalcDepthBufSize
 .text.C3D_SetFrameBuf
                0x001056f4       0x44 /opt/devkitpro/libctru/lib/libcitro3d.a(framebuffer.o)
                0x001056f4                C3D_SetFrameBuf
 .text.C3Di_FrameBufBind
                0x00105738      0x16c /opt/devkitpro/libctru/lib/libcitro3d.a(framebuffer.o)
                0x00105738                C3Di_FrameBufBind
 .text.C3D_FrameBufClear
                0x001058a4       0xc8 /opt/devkitpro/libctru/lib/libcitro3d.a(framebuffer.o)
                0x001058a4                C3D_FrameBufClear
 .text.C3D_FrameBufTransfer
                0x0010596c       0x44 /opt/devkitpro/libctru/lib/libcitro3d.a(framebuffer.o)
                0x0010596c                C3D_FrameBufTransfer
 .text.C3D_ImmSendAttrib
                0x001059b0       0xa8 /opt/devkitpro/libctru/lib/libcitro3d.a(immediate.o)
                0x001059b0                C3D_ImmSendAttrib
 .text.C3D_ProcTexInit
                0x00105a58       0x70 /opt/devkitpro/libctru/lib/libcitro3d.a(proctex.o)
                0x00105a58                C3D_ProcTexInit
 .text.C3D_ProcTexBind
                0x00105ac8       0x54 /opt/devkitpro/libctru/lib/libcitro3d.a(proctex.o)
                0x00105ac8                C3D_ProcTexBind
 .text.C3D_ProcTexLutBind
                0x00105b1c       0x5c /opt/devkitpro/libctru/lib/libcitro3d.a(proctex.o)
                0x00105b1c                C3D_ProcTexLutBind
 .text.ProcTexLut_FromArray
                0x00105b78       0xa4 /opt/devkitpro/libctru/lib/libcitro3d.a(proctex.o)
                0x00105b78                ProcTexLut_FromArray
 .text.C3Di_ProcTexUpdate
                0x00105c1c      0x178 /opt/devkitpro/libctru/lib/libcitro3d.a(proctex.o)
                0x00105c1c                C3Di_ProcTexUpdate
 .text.C3Di_ProcTexDirty
                0x00105d94       0x68 /opt/devkitpro/libctru/lib/libcitro3d.a(proctex.o)
                0x00105d94                C3Di_ProcTexDirty
 .text.onVBlank0
                0x00105dfc       0x4c /opt/devkitpro/libctru/lib/libcitro3d.a(renderqueue.o)
 .text.onVBlank1
                0x00105e48       0x4c /opt/devkitpro/libctru/lib/libcitro3d.a(renderqueue.o)
 .text.C3Di_RenderTargetDestroy
                0x00105e94       0x80 /opt/devkitpro/libctru/lib/libcitro3d.a(renderqueue.o)
 .text.onQueueFinish
                0x00105f14       0xf4 /opt/devkitpro/libctru/lib/libcitro3d.a(renderqueue.o)
 .text.C3Di_RenderQueueEnableVBlank
                0x00106008       0x38 /opt/devkitpro/libctru/lib/libcitro3d.a(renderqueue.o)
                0x00106008                C3Di_RenderQueueEnableVBlank
 .text.C3Di_RenderQueueDisableVBlank
                0x00106040       0x30 /opt/devkitpro/libctru/lib/libcitro3d.a(renderqueue.o)
                0x00106040                C3Di_RenderQueueDisableVBlank
 .text.C3Di_RenderQueueInit
                0x00106070       0x60 /opt/devkitpro/libctru/lib/libcitro3d.a(renderqueue.o)
                0x00106070                C3Di_RenderQueueInit
 .text.C3Di_RenderQueueExit
                0x001060d0       0xb4 /opt/devkitpro/libctru/lib/libcitro3d.a(renderqueue.o)
                0x001060d0                C3Di_RenderQueueExit
 .text.C3Di_RenderQueueWaitDone
                0x00106184       0x34 /opt/devkitpro/libctru/lib/libcitro3d.a(renderqueue.o)
                0x00106184                C3Di_RenderQueueWaitDone
 .text.C3D_FrameBegin
                0x001061b8       0xe8 /opt/devkitpro/libctru/lib/libcitro3d.a(renderqueue.o)
                0x001061b8                C3D_FrameBegin
 .text.C3D_FrameDrawOn
                0x001062a0       0x48 /opt/devkitpro/libctru/lib/libcitro3d.a(renderqueue.o)
                0x001062a0                C3D_FrameDrawOn
 .text.C3D_FrameSplit
                0x001062e8       0x58 /opt/devkitpro/libctru/lib/libcitro3d.a(renderqueue.o)
                0x001062e8                C3D_FrameSplit
 .text.C3D_FrameEnd
                0x00106340      0x1d0 /opt/devkitpro/libctru/lib/libcitro3d.a(renderqueue.o)
                0x00106340                C3D_FrameEnd
 .text.C3D_FrameEndHook
                0x00106510       0x1c /opt/devkitpro/libctru/lib/libcitro3d.a(renderqueue.o)
                0x00106510                C3D_FrameEndHook
 .text.C3D_RenderTargetCreate
                0x0010652c      0x170 /opt/devkitpro/libctru/lib/libcitro3d.a(renderqueue.o)
                0x0010652c                C3D_RenderTargetCreate
 .text.C3D_RenderTargetSetOutput
                0x0010669c       0xa8 /opt/devkitpro/libctru/lib/libcitro3d.a(renderqueue.o)
                0x0010669c                C3D_RenderTargetSetOutput
 .text.C3D_GetTexEnv
                0x00106744       0x34 /opt/devkitpro/libctru/lib/libcitro3d.a(texenv.o)
                0x00106744                C3D_GetTexEnv
 .text.C3Di_TexEnvBind
                0x00106778       0x24 /opt/devkitpro/libctru/lib/libcitro3d.a(texenv.o)
                0x00106778                C3Di_TexEnvBind
 .text.C3D_TexBind
                0x0010679c       0x44 /opt/devkitpro/libctru/lib/libcitro3d.a(texture.o)
                0x0010679c                C3D_TexBind
 .text.C3Di_SetTex
                0x001067e0      0x14c /opt/devkitpro/libctru/lib/libcitro3d.a(texture.o)
                0x001067e0                C3Di_SetTex
 .text.C3D_UpdateUniforms
                0x0010692c      0x290 /opt/devkitpro/libctru/lib/libcitro3d.a(uniforms.o)
                0x0010692c                C3D_UpdateUniforms
 .text.C3Di_DirtyUniforms
                0x00106bbc       0xc0 /opt/devkitpro/libctru/lib/libcitro3d.a(uniforms.o)
                0x00106bbc                C3Di_DirtyUniforms
 .text.C3Di_LoadShaderUniforms
                0x00106c7c       0xd8 /opt/devkitpro/libctru/lib/libcitro3d.a(uniforms.o)
                0x00106c7c                C3Di_LoadShaderUniforms
 .text.C3Di_ClearShaderUniforms
                0x00106d54       0x28 /opt/devkitpro/libctru/lib/libcitro3d.a(uniforms.o)
                0x00106d54                C3Di_ClearShaderUniforms
 .text.Mtx_Ortho
                0x00106d7c       0xcc /opt/devkitpro/libctru/lib/libcitro3d.a(mtx_ortho.o)
                0x00106d7c                Mtx_Ortho
 .text.Mtx_OrthoTilt
                0x00106e48       0xcc /opt/devkitpro/libctru/lib/libcitro3d.a(mtx_orthotilt.o)
                0x00106e48                Mtx_OrthoTilt
 .text._ZL21addrMapNodeComparatorPK11rbtree_nodeS1_
                0x00106f14       0x24 /opt/devkitpro/libctru/lib/libctru.a(linear.o)
 .text._ZL21addrMapNodeDestructorP11rbtree_node
                0x00106f38        0x4 /opt/devkitpro/libctru/lib/libctru.a(linear.o)
 .text.linearMemAlign
                0x00106f3c      0x120 /opt/devkitpro/libctru/lib/libctru.a(linear.o)
                0x00106f3c                linearMemAlign
 .text.linearAlloc
                0x0010705c        0x8 /opt/devkitpro/libctru/lib/libctru.a(linear.o)
                0x0010705c                linearAlloc
 .text.linearFree
                0x00107064       0x5c /opt/devkitpro/libctru/lib/libctru.a(linear.o)
                0x00107064                linearFree
 .text._ZN7MemPool13CoalesceRightEP8MemBlock
                0x001070c0       0x80 /opt/devkitpro/libctru/lib/libctru.a(mem_pool.o)
                0x001070c0                MemPool::CoalesceRight(MemBlock*)
 .text._ZN7MemPool8AllocateER8MemChunkmi
                0x00107140      0x16c /opt/devkitpro/libctru/lib/libctru.a(mem_pool.o)
                0x00107140                MemPool::Allocate(MemChunk&, unsigned long, int)
 .text._ZN7MemPool10DeallocateERK8MemChunk
                0x001072ac       0xfc /opt/devkitpro/libctru/lib/libctru.a(mem_pool.o)
                0x001072ac                MemPool::Deallocate(MemChunk const&)
 .text._ZN7MemPool12GetFreeSpaceEv
                0x001073a8       0x30 /opt/devkitpro/libctru/lib/libctru.a(mem_pool.o)
                0x001073a8                MemPool::GetFreeSpace()
 .text._ZL21addrMapNodeComparatorPK11rbtree_nodeS1_
                0x001073d8       0x24 /opt/devkitpro/libctru/lib/libctru.a(vram.o)
 .text._ZL21addrMapNodeDestructorP11rbtree_node
                0x001073fc        0x4 /opt/devkitpro/libctru/lib/libctru.a(vram.o)
 .text.vramMemAlignAt
                0x00107400      0x24c /opt/devkitpro/libctru/lib/libctru.a(vram.o)
                0x00107400                vramMemAlignAt
 .text.vramAlloc
                0x0010764c        0xc /opt/devkitpro/libctru/lib/libctru.a(vram.o)
                0x0010764c                vramAlloc
 .text.vramAllocAt
                0x00107658        0xc /opt/devkitpro/libctru/lib/libctru.a(vram.o)
                0x00107658                vramAllocAt
 .text.vramFree
                0x00107664       0x90 /opt/devkitpro/libctru/lib/libctru.a(vram.o)
                0x00107664                vramFree
 .text.fontEnsureMapped
                0x001076f4       0x94 /opt/devkitpro/libctru/lib/libctru.a(font.o)
                0x001076f4                fontEnsureMapped
 .text.fontFixPointers
                0x00107788       0x7c /opt/devkitpro/libctru/lib/libctru.a(font.o)
                0x00107788                fontFixPointers
 .text.fontGlyphIndexFromCodePoint
                0x00107804      0x100 /opt/devkitpro/libctru/lib/libctru.a(font.o)
                0x00107804                fontGlyphIndexFromCodePoint
 .text.fontCalcGlyphPos
                0x00107904      0x1ec /opt/devkitpro/libctru/lib/libctru.a(font.o)
                0x00107904                fontCalcGlyphPos
 .text.gfxPresentFramebuffer
                0x00107af0       0xd0 /opt/devkitpro/libctru/lib/libctru.a(gfx.o)
 .text.gfxIsWide
                0x00107bc0       0x1c /opt/devkitpro/libctru/lib/libctru.a(gfx.o)
                0x00107bc0                gfxIsWide
 .text.gfxSetScreenFormat
                0x00107bdc       0xec /opt/devkitpro/libctru/lib/libctru.a(gfx.o)
                0x00107bdc                gfxSetScreenFormat
 .text.gfxInit  0x00107cc8       0xe0 /opt/devkitpro/libctru/lib/libctru.a(gfx.o)
                0x00107cc8                gfxInit
 .text.gfxInitDefault
                0x00107da8       0x10 /opt/devkitpro/libctru/lib/libctru.a(gfx.o)
                0x00107da8                gfxInitDefault
 .text.gfxExit  0x00107db8       0xb4 /opt/devkitpro/libctru/lib/libctru.a(gfx.o)
                0x00107db8                gfxExit
 .text.gfxGetFramebuffer
                0x00107e6c       0xa0 /opt/devkitpro/libctru/lib/libctru.a(gfx.o)
                0x00107e6c                gfxGetFramebuffer
 .text.gfxScreenSwapBuffers
                0x00107f0c       0x30 /opt/devkitpro/libctru/lib/libctru.a(gfx.o)
                0x00107f0c                gfxScreenSwapBuffers
 .text.osConvertVirtToPhys
                0x00107f3c       0x74 /opt/devkitpro/libctru/lib/libctru.a(os.o)
                0x00107f3c                osConvertVirtToPhys
 .text.__ctru_speedup_config
                0x00107fb0       0x34 /opt/devkitpro/libctru/lib/libctru.a(os.o)
                0x00107fb0                __ctru_speedup_config
 .text.GPUCMD_Add
                0x00107fe4      0x13c /opt/devkitpro/libctru/lib/libctru.a(gpu.o)
                0x00107fe4                GPUCMD_Add
 .text.GPUCMD_Split
                0x00108120       0xb0 /opt/devkitpro/libctru/lib/libctru.a(gpu.o)
                0x00108120                GPUCMD_Split
 .text.f32tof16
                0x001081d0       0x34 /opt/devkitpro/libctru/lib/libctru.a(gpu.o)
                0x001081d0                f32tof16
 .text.f32tof24
                0x00108204       0x34 /opt/devkitpro/libctru/lib/libctru.a(gpu.o)
                0x00108204                f32tof24
 .text.f32tof31
                0x00108238       0x38 /opt/devkitpro/libctru/lib/libctru.a(gpu.o)
                0x00108238                f32tof31
 .text.GX_BindQueue
                0x00108270       0x10 /opt/devkitpro/libctru/lib/libctru.a(gx.o)
                0x00108270                GX_BindQueue
 .text.GX_ProcessCommandList
                0x00108280       0x78 /opt/devkitpro/libctru/lib/libctru.a(gx.o)
                0x00108280                GX_ProcessCommandList
 .text.GX_MemoryFill
                0x001082f8       0x74 /opt/devkitpro/libctru/lib/libctru.a(gx.o)
                0x001082f8                GX_MemoryFill
 .text.GX_DisplayTransfer
                0x0010836c       0x70 /opt/devkitpro/libctru/lib/libctru.a(gx.o)
                0x0010836c                GX_DisplayTransfer
 .text.gxCmdQueueDoCommands.part.0
                0x001083dc       0x68 /opt/devkitpro/libctru/lib/libctru.a(gxqueue.o)
 .text.gxCmdQueueInterrupt
                0x00108444       0xc8 /opt/devkitpro/libctru/lib/libctru.a(gxqueue.o)
                0x00108444                gxCmdQueueInterrupt
 .text.gxCmdQueueClear
                0x0010850c       0x4c /opt/devkitpro/libctru/lib/libctru.a(gxqueue.o)
                0x0010850c                gxCmdQueueClear
 .text.gxCmdQueueAdd
                0x00108558       0xf8 /opt/devkitpro/libctru/lib/libctru.a(gxqueue.o)
                0x00108558                gxCmdQueueAdd
 .text.gxCmdQueueRun
                0x00108650       0x80 /opt/devkitpro/libctru/lib/libctru.a(gxqueue.o)
                0x00108650                gxCmdQueueRun
 .text.gxCmdQueueStop
                0x001086d0       0x60 /opt/devkitpro/libctru/lib/libctru.a(gxqueue.o)
                0x001086d0                gxCmdQueueStop
 .text.gxCmdQueueWait
                0x00108730       0x8c /opt/devkitpro/libctru/lib/libctru.a(gxqueue.o)
                0x00108730                gxCmdQueueWait
 .text.shaderInstanceInit
                0x001087bc      0x1d0 /opt/devkitpro/libctru/lib/libctru.a(shaderProgram.o)
                0x001087bc                shaderInstanceInit
 .text.shaderInstanceGetUniformLocation
                0x0010898c       0x18 /opt/devkitpro/libctru/lib/libctru.a(shaderProgram.o)
                0x0010898c                shaderInstanceGetUniformLocation
 .text.shaderProgramInit
                0x001089a4       0x1c /opt/devkitpro/libctru/lib/libctru.a(shaderProgram.o)
                0x001089a4                shaderProgramInit
 .text.shaderProgramFree
                0x001089c0       0x64 /opt/devkitpro/libctru/lib/libctru.a(shaderProgram.o)
                0x001089c0                shaderProgramFree
 .text.shaderProgramSetVsh
                0x00108a24       0x80 /opt/devkitpro/libctru/lib/libctru.a(shaderProgram.o)
                0x00108a24                shaderProgramSetVsh
 .text.shaderProgramConfigure
                0x00108aa4      0x8e0 /opt/devkitpro/libctru/lib/libctru.a(shaderProgram.o)
                0x00108aa4                shaderProgramConfigure
 .text.DVLE_GenerateOutmap.part.0
                0x00109384      0x1cc /opt/devkitpro/libctru/lib/libctru.a(shbin.o)
 .text.DVLB_ParseFile
                0x00109550      0x1b4 /opt/devkitpro/libctru/lib/libctru.a(shbin.o)
                0x00109550                DVLB_ParseFile
 .text.DVLB_Free
                0x00109704       0x38 /opt/devkitpro/libctru/lib/libctru.a(shbin.o)
                0x00109704                DVLB_Free
 .text.DVLE_GetUniformRegister
                0x0010973c       0x74 /opt/devkitpro/libctru/lib/libctru.a(shbin.o)
                0x0010973c                DVLE_GetUniformRegister
 .text.aptConvertScreenForCapture
                0x001097b0      0x1ac /opt/devkitpro/libctru/lib/libctru.a(apt.o)
 .text.aptDspSleep
                0x0010995c        0x8 /opt/devkitpro/libctru/lib/libctru.a(apt.o)
                0x0010995c                aptDspSleep
 .text.aptDspWakeup
                0x00109964        0x4 /opt/devkitpro/libctru/lib/libctru.a(apt.o)
                0x00109964                aptDspWakeup
 .text.aptDspCancel
                0x00109968        0x4 /opt/devkitpro/libctru/lib/libctru.a(apt.o)
                0x00109968                aptDspCancel
 .text.aptSendCommand
                0x0010996c      0x158 /opt/devkitpro/libctru/lib/libctru.a(apt.o)
                0x0010996c                aptSendCommand
 *fill*         0x00109ac4        0x4 
 .text.aptExitProcess
                0x00109ac8       0x44 /opt/devkitpro/libctru/lib/libctru.a(apt.o)
 .text.aptExit  0x00109b0c      0x38c /opt/devkitpro/libctru/lib/libctru.a(apt.o)
                0x00109b0c                aptExit
 .text.aptHandleSleep
                0x00109e98       0xe0 /opt/devkitpro/libctru/lib/libctru.a(apt.o)
                0x00109e98                aptHandleSleep
 .text.aptHook  0x00109f78       0x30 /opt/devkitpro/libctru/lib/libctru.a(apt.o)
                0x00109f78                aptHook
 .text.aptUnhook
                0x00109fa8       0x30 /opt/devkitpro/libctru/lib/libctru.a(apt.o)
                0x00109fa8                aptUnhook
 .text.APT_SleepIfShellClosed
                0x00109fd8       0x84 /opt/devkitpro/libctru/lib/libctru.a(apt.o)
                0x00109fd8                APT_SleepIfShellClosed
 .text.aptSetSleepAllowed
                0x0010a05c       0x84 /opt/devkitpro/libctru/lib/libctru.a(apt.o)
                0x0010a05c                aptSetSleepAllowed
 .text.APT_UnlockTransition
                0x0010a0e0       0x84 /opt/devkitpro/libctru/lib/libctru.a(apt.o)
                0x0010a0e0                APT_UnlockTransition
 *fill*         0x0010a164        0x4 
 .text.aptEventHandler
                0x0010a168      0x4a4 /opt/devkitpro/libctru/lib/libctru.a(apt.o)
 .text.APT_ReceiveParameter
                0x0010a60c       0xb0 /opt/devkitpro/libctru/lib/libctru.a(apt.o)
                0x0010a60c                APT_ReceiveParameter
 .text.aptReceiveParameter.constprop.0
                0x0010a6bc       0xac /opt/devkitpro/libctru/lib/libctru.a(apt.o)
 .text.aptScreenTransfer
                0x0010a768      0x2ac /opt/devkitpro/libctru/lib/libctru.a(apt.o)
 .text.aptWaitForWakeUp.isra.0
                0x0010aa14      0x320 /opt/devkitpro/libctru/lib/libctru.a(apt.o)
 .text.aptJumpToHomeMenu
                0x0010ad34       0xf8 /opt/devkitpro/libctru/lib/libctru.a(apt.o)
                0x0010ad34                aptJumpToHomeMenu
 .text.aptMainLoop
                0x0010ae2c       0x48 /opt/devkitpro/libctru/lib/libctru.a(apt.o)
                0x0010ae2c                aptMainLoop
 .text.aptInit  0x0010ae74      0x22c /opt/devkitpro/libctru/lib/libctru.a(apt.o)
                0x0010ae74                aptInit
 .text.APT_CheckNew3DS
                0x0010b0a0       0x7c /opt/devkitpro/libctru/lib/libctru.a(apt.o)
                0x0010b0a0                APT_CheckNew3DS
 .text.APT_GetSharedFont
                0x0010b11c       0x48 /opt/devkitpro/libctru/lib/libctru.a(apt.o)
                0x0010b11c                APT_GetSharedFont
 .text.fsInit   0x0010b164       0xcc /opt/devkitpro/libctru/lib/libctru.a(fs.o)
                0x0010b164                fsInit
 .text.fsExit   0x0010b230       0x3c /opt/devkitpro/libctru/lib/libctru.a(fs.o)
                0x0010b230                fsExit
 .text.fsExemptFromSession
                0x0010b26c       0x60 /opt/devkitpro/libctru/lib/libctru.a(fs.o)
                0x0010b26c                fsExemptFromSession
 .text.fsUnexemptFromSession
                0x0010b2cc       0x50 /opt/devkitpro/libctru/lib/libctru.a(fs.o)
                0x0010b2cc                fsUnexemptFromSession
 .text.FSUSER_OpenFile
                0x0010b31c       0xcc /opt/devkitpro/libctru/lib/libctru.a(fs.o)
                0x0010b31c                FSUSER_OpenFile
 .text.FSUSER_DeleteFile
                0x0010b3e8       0xbc /opt/devkitpro/libctru/lib/libctru.a(fs.o)
                0x0010b3e8                FSUSER_DeleteFile
 .text.FSUSER_RenameFile
                0x0010b4a4       0xf8 /opt/devkitpro/libctru/lib/libctru.a(fs.o)
                0x0010b4a4                FSUSER_RenameFile
 .text.FSUSER_DeleteDirectory
                0x0010b59c       0xbc /opt/devkitpro/libctru/lib/libctru.a(fs.o)
                0x0010b59c                FSUSER_DeleteDirectory
 .text.FSUSER_CreateFile
                0x0010b658       0xd4 /opt/devkitpro/libctru/lib/libctru.a(fs.o)
                0x0010b658                FSUSER_CreateFile
 .text.FSUSER_CreateDirectory
                0x0010b72c       0xc4 /opt/devkitpro/libctru/lib/libctru.a(fs.o)
                0x0010b72c                FSUSER_CreateDirectory
 .text.FSUSER_RenameDirectory
                0x0010b7f0       0xf8 /opt/devkitpro/libctru/lib/libctru.a(fs.o)
                0x0010b7f0                FSUSER_RenameDirectory
 .text.FSUSER_OpenDirectory
                0x0010b8e8       0xb4 /opt/devkitpro/libctru/lib/libctru.a(fs.o)
                0x0010b8e8                FSUSER_OpenDirectory
 .text.FSUSER_OpenArchive
                0x0010b99c       0x94 /opt/devkitpro/libctru/lib/libctru.a(fs.o)
                0x0010b99c                FSUSER_OpenArchive
 .text.FSUSER_CloseArchive
                0x0010ba30       0x8c /opt/devkitpro/libctru/lib/libctru.a(fs.o)
                0x0010ba30                FSUSER_CloseArchive
 .text.FSUSER_GetSdmcArchiveResource
                0x0010babc       0x74 /opt/devkitpro/libctru/lib/libctru.a(fs.o)
                0x0010babc                FSUSER_GetSdmcArchiveResource
 .text.FSUSER_IsSdmcWritable
                0x0010bb30       0x64 /opt/devkitpro/libctru/lib/libctru.a(fs.o)
                0x0010bb30                FSUSER_IsSdmcWritable
 .text.FSFILE_Read
                0x0010bb94       0x58 /opt/devkitpro/libctru/lib/libctru.a(fs.o)
                0x0010bb94                FSFILE_Read
 .text.FSFILE_Write
                0x0010bbec       0x60 /opt/devkitpro/libctru/lib/libctru.a(fs.o)
                0x0010bbec                FSFILE_Write
 .text.FSFILE_GetSize
                0x0010bc4c       0x38 /opt/devkitpro/libctru/lib/libctru.a(fs.o)
                0x0010bc4c                FSFILE_GetSize
 .text.FSFILE_SetSize
                0x0010bc84       0x28 /opt/devkitpro/libctru/lib/libctru.a(fs.o)
                0x0010bc84                FSFILE_SetSize
 .text.FSFILE_Close
                0x0010bcac       0x3c /opt/devkitpro/libctru/lib/libctru.a(fs.o)
                0x0010bcac                FSFILE_Close
 .text.FSFILE_Flush
                0x0010bce8       0x24 /opt/devkitpro/libctru/lib/libctru.a(fs.o)
                0x0010bce8                FSFILE_Flush
 .text.FSDIR_Read
                0x0010bd0c       0x50 /opt/devkitpro/libctru/lib/libctru.a(fs.o)
                0x0010bd0c                FSDIR_Read
 .text.FSDIR_Close
                0x0010bd5c       0x3c /opt/devkitpro/libctru/lib/libctru.a(fs.o)
                0x0010bd5c                FSDIR_Close
 .text.gspHardwareInit
                0x0010bd98      0xc64 /opt/devkitpro/libctru/lib/libctru.a(gspgpu.o)
 .text.gspInit  0x0010c9fc      0x248 /opt/devkitpro/libctru/lib/libctru.a(gspgpu.o)
                0x0010c9fc                gspInit
 .text.gspExit  0x0010cc44       0xf0 /opt/devkitpro/libctru/lib/libctru.a(gspgpu.o)
                0x0010cc44                gspExit
 .text.gspHasGpuRight
                0x0010cd34       0x10 /opt/devkitpro/libctru/lib/libctru.a(gspgpu.o)
                0x0010cd34                gspHasGpuRight
 .text.gspPresentBuffer
                0x0010cd44       0xa0 /opt/devkitpro/libctru/lib/libctru.a(gspgpu.o)
                0x0010cd44                gspPresentBuffer
 .text.gspSetEventCallback
                0x0010cde4       0x30 /opt/devkitpro/libctru/lib/libctru.a(gspgpu.o)
                0x0010cde4                gspSetEventCallback
 .text.gspWaitForEvent
                0x0010ce14       0x44 /opt/devkitpro/libctru/lib/libctru.a(gspgpu.o)
                0x0010ce14                gspWaitForEvent
 .text.gspWaitForAnyEvent
                0x0010ce58       0x4c /opt/devkitpro/libctru/lib/libctru.a(gspgpu.o)
                0x0010ce58                gspWaitForAnyEvent
 .text.gspEventThreadMain
                0x0010cea4      0x158 /opt/devkitpro/libctru/lib/libctru.a(gspgpu.o)
 .text.gspSubmitGxCommand
                0x0010cffc      0x130 /opt/devkitpro/libctru/lib/libctru.a(gspgpu.o)
                0x0010cffc                gspSubmitGxCommand
 .text.GSPGPU_FlushDataCache
                0x0010d12c       0x50 /opt/devkitpro/libctru/lib/libctru.a(gspgpu.o)
                0x0010d12c                GSPGPU_FlushDataCache
 .text.GSPGPU_SetLcdForceBlack
                0x0010d17c       0x34 /opt/devkitpro/libctru/lib/libctru.a(gspgpu.o)
                0x0010d17c                GSPGPU_SetLcdForceBlack
 .text.GSPGPU_AcquireRight
                0x0010d1b0       0x68 /opt/devkitpro/libctru/lib/libctru.a(gspgpu.o)
                0x0010d1b0                GSPGPU_AcquireRight
 .text.GSPGPU_ReleaseRight
                0x0010d218       0x48 /opt/devkitpro/libctru/lib/libctru.a(gspgpu.o)
                0x0010d218                GSPGPU_ReleaseRight
 .text.GSPGPU_ImportDisplayCaptureInfo
                0x0010d260       0x7c /opt/devkitpro/libctru/lib/libctru.a(gspgpu.o)
                0x0010d260                GSPGPU_ImportDisplayCaptureInfo
 .text.GSPGPU_SaveVramSysArea
                0x0010d2dc       0x2c /opt/devkitpro/libctru/lib/libctru.a(gspgpu.o)
                0x0010d2dc                GSPGPU_SaveVramSysArea
 .text.GSPGPU_RestoreVramSysArea
                0x0010d308       0x2c /opt/devkitpro/libctru/lib/libctru.a(gspgpu.o)
                0x0010d308                GSPGPU_RestoreVramSysArea
 .text.hidShouldUseIrrst
                0x0010d334       0x24 /opt/devkitpro/libctru/lib/libctru.a(hid.o)
                0x0010d334                hidShouldUseIrrst
 .text.hidInit  0x0010d358      0x18c /opt/devkitpro/libctru/lib/libctru.a(hid.o)
                0x0010d358                hidInit
 .text.hidExit  0x0010d4e4       0xe8 /opt/devkitpro/libctru/lib/libctru.a(hid.o)
                0x0010d4e4                hidExit
 .text.hidScanInput
                0x0010d5cc      0x2a4 /opt/devkitpro/libctru/lib/libctru.a(hid.o)
                0x0010d5cc                hidScanInput
 .text.hidKeysHeld
                0x0010d870       0x10 /opt/devkitpro/libctru/lib/libctru.a(hid.o)
                0x0010d870                hidKeysHeld
 .text.hidKeysDown
                0x0010d880       0x10 /opt/devkitpro/libctru/lib/libctru.a(hid.o)
                0x0010d880                hidKeysDown
 .text.hidTouchRead
                0x0010d890       0x18 /opt/devkitpro/libctru/lib/libctru.a(hid.o)
                0x0010d890                hidTouchRead
 .text.hidCircleRead
                0x0010d8a8       0x18 /opt/devkitpro/libctru/lib/libctru.a(hid.o)
                0x0010d8a8                hidCircleRead
 .text.irrstInit
                0x0010d8c0      0x160 /opt/devkitpro/libctru/lib/libctru.a(irrst.o)
                0x0010d8c0                irrstInit
 .text.irrstExit
                0x0010da20       0xcc /opt/devkitpro/libctru/lib/libctru.a(irrst.o)
                0x0010da20                irrstExit
 .text.irrstScanInput
                0x0010daec       0xb4 /opt/devkitpro/libctru/lib/libctru.a(irrst.o)
                0x0010daec                irrstScanInput
 .text.irrstKeysHeld
                0x0010dba0       0x24 /opt/devkitpro/libctru/lib/libctru.a(irrst.o)
                0x0010dba0                irrstKeysHeld
 .text.ptmSysmInit
                0x0010dbc4       0x74 /opt/devkitpro/libctru/lib/libctru.a(ptmsysm.o)
                0x0010dbc4                ptmSysmInit
 .text.ptmSysmExit
                0x0010dc38       0x3c /opt/devkitpro/libctru/lib/libctru.a(ptmsysm.o)
                0x0010dc38                ptmSysmExit
 .text.PTMSYSM_ConfigureNew3DSCPU
                0x0010dc74       0x34 /opt/devkitpro/libctru/lib/libctru.a(ptmsysm.o)
                0x0010dc74                PTMSYSM_ConfigureNew3DSCPU
 .text.rbtree_find
                0x0010dca8       0x74 /opt/devkitpro/libctru/lib/libctru.a(rbtree_find.o)
                0x0010dca8                rbtree_find
 .text.rbtree_init
                0x0010dd1c       0x10 /opt/devkitpro/libctru/lib/libctru.a(rbtree_init.o)
                0x0010dd1c                rbtree_init
 .text.do_insert
                0x0010dd2c      0x1b0 /opt/devkitpro/libctru/lib/libctru.a(rbtree_insert.o)
 .text.rbtree_insert
                0x0010dedc        0x8 /opt/devkitpro/libctru/lib/libctru.a(rbtree_insert.o)
                0x0010dedc                rbtree_insert
 .text.rbtree_remove
                0x0010dee4      0x318 /opt/devkitpro/libctru/lib/libctru.a(rbtree_remove.o)
                0x0010dee4                rbtree_remove
 .text.rbtree_rotate
                0x0010e1fc       0x90 /opt/devkitpro/libctru/lib/libctru.a(rbtree_rotate.o)
                0x0010e1fc                rbtree_rotate
 .text.decode_utf8
                0x0010e28c      0x13c /opt/devkitpro/libctru/lib/libctru.a(decode_utf8.o)
                0x0010e28c                decode_utf8
 .text.utf16_to_utf8
                0x0010e3c8       0xe8 /opt/devkitpro/libctru/lib/libctru.a(utf16_to_utf8.o)
                0x0010e3c8                utf16_to_utf8
 .text.utf8_to_utf16
                0x0010e4b0       0xc0 /opt/devkitpro/libctru/lib/libctru.a(utf8_to_utf16.o)
                0x0010e4b0                utf8_to_utf16
 .text.__system_allocateHeaps
                0x0010e570      0x1e0 /opt/devkitpro/libctru/lib/libctru.a(allocateHeaps.o)
                0x0010e570                __system_allocateHeaps
 .text.__libctru_init
                0x0010e750       0x38 /opt/devkitpro/libctru/lib/libctru.a(ctru_init.o)
                0x0010e750                __libctru_init
 .text.__system_initArgv
                0x0010e788      0x170 /opt/devkitpro/libctru/lib/libctru.a(initArgv.o)
                0x0010e788                __system_initArgv
 .text.__syscall_getreent
                0x0010e8f8       0x30 /opt/devkitpro/libctru/lib/libctru.a(syscalls.o)
                0x0010e8f8                __syscall_getreent
 .text.__syscall_lock_acquire
                0x0010e928        0x4 /opt/devkitpro/libctru/lib/libctru.a(syscalls.o)
                0x0010e928                __syscall_lock_acquire
 .text.__syscall_lock_release
                0x0010e92c        0x4 /opt/devkitpro/libctru/lib/libctru.a(syscalls.o)
                0x0010e92c                __syscall_lock_release
 .text.__syscall_lock_acquire_recursive
                0x0010e930        0x4 /opt/devkitpro/libctru/lib/libctru.a(syscalls.o)
                0x0010e930                __syscall_lock_acquire_recursive
 .text.__syscall_lock_release_recursive
                0x0010e934        0x4 /opt/devkitpro/libctru/lib/libctru.a(syscalls.o)
                0x0010e934                __syscall_lock_release_recursive
 .text.__syscall_exit
                0x0010e938        0x4 /opt/devkitpro/libctru/lib/libctru.a(syscalls.o)
                0x0010e938                __syscall_exit
 .text.initThreadVars
                0x0010e93c       0x50 /opt/devkitpro/libctru/lib/libctru.a(syscalls.o)
                0x0010e93c                initThreadVars
 .text.__system_initSyscalls
                0x0010e98c       0x80 /opt/devkitpro/libctru/lib/libctru.a(syscalls.o)
                0x0010e98c                __system_initSyscalls
 .text.svcControlMemory
                0x0010ea0c       0x20 /opt/devkitpro/libctru/lib/libctru.a(svc.o)
                0x0010ea0c                svcControlMemory
 .text.svcQueryMemory
                0x0010ea2c       0x30 /opt/devkitpro/libctru/lib/libctru.a(svc.o)
                0x0010ea2c                svcQueryMemory
 .text.svcExitProcess
                0x0010ea5c        0x8 /opt/devkitpro/libctru/lib/libctru.a(svc.o)
                0x0010ea5c                svcExitProcess
 .text.svcCreateThread
                0x0010ea64       0x20 /opt/devkitpro/libctru/lib/libctru.a(svc.o)
                0x0010ea64                svcCreateThread
 .text.svcExitThread
                0x0010ea84        0x8 /opt/devkitpro/libctru/lib/libctru.a(svc.o)
                0x0010ea84                svcExitThread
 .text.svcSleepThread
                0x0010ea8c        0x8 /opt/devkitpro/libctru/lib/libctru.a(svc.o)
                0x0010ea8c                svcSleepThread
 .text.svcReleaseMutex
                0x0010ea94        0x8 /opt/devkitpro/libctru/lib/libctru.a(svc.o)
                0x0010ea94                svcReleaseMutex
 .text.svcCreateEvent
                0x0010ea9c       0x14 /opt/devkitpro/libctru/lib/libctru.a(svc.o)
                0x0010ea9c                svcCreateEvent
 .text.svcSignalEvent
                0x0010eab0        0x8 /opt/devkitpro/libctru/lib/libctru.a(svc.o)
                0x0010eab0                svcSignalEvent
 .text.svcClearEvent
                0x0010eab8        0x8 /opt/devkitpro/libctru/lib/libctru.a(svc.o)
                0x0010eab8                svcClearEvent
 .text.svcMapMemoryBlock
                0x0010eac0        0x8 /opt/devkitpro/libctru/lib/libctru.a(svc.o)
                0x0010eac0                svcMapMemoryBlock
 .text.svcUnmapMemoryBlock
                0x0010eac8        0x8 /opt/devkitpro/libctru/lib/libctru.a(svc.o)
                0x0010eac8                svcUnmapMemoryBlock
 .text.svcCreateAddressArbiter
                0x0010ead0       0x14 /opt/devkitpro/libctru/lib/libctru.a(svc.o)
                0x0010ead0                svcCreateAddressArbiter
 .text.svcArbitrateAddressNoTimeout
                0x0010eae4        0x8 /opt/devkitpro/libctru/lib/libctru.a(svc.o)
                0x0010eae4                svcArbitrateAddressNoTimeout
 .text.svcCloseHandle
                0x0010eaec        0x8 /opt/devkitpro/libctru/lib/libctru.a(svc.o)
                0x0010eaec                svcCloseHandle
 .text.svcWaitSynchronization
                0x0010eaf4        0x8 /opt/devkitpro/libctru/lib/libctru.a(svc.o)
                0x0010eaf4                svcWaitSynchronization
 .text.svcWaitSynchronizationN
                0x0010eafc       0x28 /opt/devkitpro/libctru/lib/libctru.a(svc.o)
                0x0010eafc                svcWaitSynchronizationN
 .text.svcDuplicateHandle
                0x0010eb24       0x14 /opt/devkitpro/libctru/lib/libctru.a(svc.o)
                0x0010eb24                svcDuplicateHandle
 .text.svcGetSystemTick
                0x0010eb38        0x8 /opt/devkitpro/libctru/lib/libctru.a(svc.o)
                0x0010eb38                svcGetSystemTick
 .text.svcConnectToPort
                0x0010eb40       0x14 /opt/devkitpro/libctru/lib/libctru.a(svc.o)
                0x0010eb40                svcConnectToPort
 .text.svcSendSyncRequest
                0x0010eb54        0x8 /opt/devkitpro/libctru/lib/libctru.a(svc.o)
                0x0010eb54                svcSendSyncRequest
 .text.svcGetResourceLimit
                0x0010eb5c       0x14 /opt/devkitpro/libctru/lib/libctru.a(svc.o)
                0x0010eb5c                svcGetResourceLimit
 .text.svcGetResourceLimitLimitValues
                0x0010eb70        0x8 /opt/devkitpro/libctru/lib/libctru.a(svc.o)
                0x0010eb70                svcGetResourceLimitLimitValues
 .text.svcGetResourceLimitCurrentValues
                0x0010eb78        0x8 /opt/devkitpro/libctru/lib/libctru.a(svc.o)
                0x0010eb78                svcGetResourceLimitCurrentValues
 .text.svcBreak
                0x0010eb80        0x8 /opt/devkitpro/libctru/lib/libctru.a(svc.o)
                0x0010eb80                svcBreak
 .text.__aeabi_read_tp
                0x0010eb88        0xc /opt/devkitpro/libctru/lib/libctru.a(readtp.o)
                0x0010eb88                __aeabi_read_tp
 .text.initSystem
                0x0010eb94       0x50 /opt/devkitpro/libctru/lib/libctru.a(stack_adjust.o)
                0x0010eb94                initSystem
 .text.__ctru_exit
                0x0010ebe4       0x14 /opt/devkitpro/libctru/lib/libctru.a(stack_adjust.o)
                0x0010ebe4                __ctru_exit
 .text.envGetHandle
                0x0010ebf8       0x84 /opt/devkitpro/libctru/lib/libctru.a(env.o)
                0x0010ebf8                envGetHandle
 .text.envDestroyHandles
                0x0010ec7c       0x50 /opt/devkitpro/libctru/lib/libctru.a(env.o)
                0x0010ec7c                envDestroyHandles
 .text.srvInit  0x0010eccc      0x12c /opt/devkitpro/libctru/lib/libctru.a(srv.o)
                0x0010eccc                srvInit
 .text.srvExit  0x0010edf8       0x58 /opt/devkitpro/libctru/lib/libctru.a(srv.o)
                0x0010edf8                srvExit
 .text.srvEnableNotification
                0x0010ee50       0x60 /opt/devkitpro/libctru/lib/libctru.a(srv.o)
                0x0010ee50                srvEnableNotification
 .text.srvGetServiceHandleDirect
                0x0010eeb0       0xa0 /opt/devkitpro/libctru/lib/libctru.a(srv.o)
                0x0010eeb0                srvGetServiceHandleDirect
 .text.srvGetServiceHandle
                0x0010ef50       0x38 /opt/devkitpro/libctru/lib/libctru.a(srv.o)
                0x0010ef50                srvGetServiceHandle
 .text.srvSubscribe
                0x0010ef88       0x34 /opt/devkitpro/libctru/lib/libctru.a(srv.o)
                0x0010ef88                srvSubscribe
 .text.srvReceiveNotification
                0x0010efbc       0x60 /opt/devkitpro/libctru/lib/libctru.a(srv.o)
                0x0010efbc                srvReceiveNotification
 .text.srvPublishToSubscriber
                0x0010f01c       0x38 /opt/devkitpro/libctru/lib/libctru.a(srv.o)
                0x0010f01c                srvPublishToSubscriber
 .text.__sync_init
                0x0010f054        0xc /opt/devkitpro/libctru/lib/libctru.a(synchronization.o)
                0x0010f054                __sync_init
 .text.__sync_fini
                0x0010f060       0x18 /opt/devkitpro/libctru/lib/libctru.a(synchronization.o)
                0x0010f060                __sync_fini
 .text.syncArbitrateAddress
                0x0010f078       0x2c /opt/devkitpro/libctru/lib/libctru.a(synchronization.o)
                0x0010f078                syncArbitrateAddress
 .text.LightLock_Lock
                0x0010f0a4       0xac /opt/devkitpro/libctru/lib/libctru.a(synchronization.o)
                0x0010f0a4                LightLock_Lock
 .text.LightLock_Unlock
                0x0010f150       0x40 /opt/devkitpro/libctru/lib/libctru.a(synchronization.o)
                0x0010f150                LightLock_Unlock
 .text.RecursiveLock_Lock
                0x0010f190       0x30 /opt/devkitpro/libctru/lib/libctru.a(synchronization.o)
                0x0010f190                RecursiveLock_Lock
 .text.RecursiveLock_Unlock
                0x0010f1c0       0x54 /opt/devkitpro/libctru/lib/libctru.a(synchronization.o)
                0x0010f1c0                RecursiveLock_Unlock
 .text.LightEvent_Init
                0x0010f214       0x40 /opt/devkitpro/libctru/lib/libctru.a(synchronization.o)
                0x0010f214                LightEvent_Init
 .text.LightEvent_Clear
                0x0010f254       0xa4 /opt/devkitpro/libctru/lib/libctru.a(synchronization.o)
                0x0010f254                LightEvent_Clear
 .text.LightEvent_Signal
                0x0010f2f8       0xc8 /opt/devkitpro/libctru/lib/libctru.a(synchronization.o)
                0x0010f2f8                LightEvent_Signal
 .text.LightEvent_TryWait
                0x0010f3c0       0x50 /opt/devkitpro/libctru/lib/libctru.a(synchronization.o)
                0x0010f3c0                LightEvent_TryWait
 .text.LightEvent_Wait
                0x0010f410       0xa0 /opt/devkitpro/libctru/lib/libctru.a(synchronization.o)
                0x0010f410                LightEvent_Wait
 .text.threadCreate
                0x0010f4b0      0x1d8 /opt/devkitpro/libctru/lib/libctru.a(thread.o)
                0x0010f4b0                threadCreate
 .text.threadFree
                0x0010f688       0x2c /opt/devkitpro/libctru/lib/libctru.a(thread.o)
                0x0010f688                threadFree
 .text.threadJoin
                0x0010f6b4       0x24 /opt/devkitpro/libctru/lib/libctru.a(thread.o)
                0x0010f6b4                threadJoin
 .text.threadGetCurrent
                0x0010f6d8       0x30 /opt/devkitpro/libctru/lib/libctru.a(thread.o)
                0x0010f6d8                threadGetCurrent
 .text.threadExit
                0x0010f708       0x40 /opt/devkitpro/libctru/lib/libctru.a(thread.o)
                0x0010f708                threadExit
 .text._thread_begin
                0x0010f748       0x20 /opt/devkitpro/libctru/lib/libctru.a(thread.o)
 .text.mappableFindAddressWithin
                0x0010f768       0xb4 /opt/devkitpro/libctru/lib/libctru.a(mappable.o)
 .text.mappableInit
                0x0010f81c       0x28 /opt/devkitpro/libctru/lib/libctru.a(mappable.o)
                0x0010f81c                mappableInit
 .text.mappableAlloc
                0x0010f844       0x80 /opt/devkitpro/libctru/lib/libctru.a(mappable.o)
                0x0010f844                mappableAlloc
 .text.mappableFree
                0x0010f8c4        0x4 /opt/devkitpro/libctru/lib/libctru.a(mappable.o)
                0x0010f8c4                mappableFree
 .text.srvPmGetSessionHandle
                0x0010f8c8        0xc /opt/devkitpro/libctru/lib/libctru.a(srvpm.o)
                0x0010f8c8                srvPmGetSessionHandle
 .text.rbtree_node_next
                0x0010f8d4       0x5c /opt/devkitpro/libctru/lib/libctru.a(rbtree_iterator.o)
                0x0010f8d4                rbtree_node_next
 .text.decode_utf16
                0x0010f930       0x64 /opt/devkitpro/libctru/lib/libctru.a(decode_utf16.o)
                0x0010f930                decode_utf16
 .text.encode_utf16
                0x0010f994       0x54 /opt/devkitpro/libctru/lib/libctru.a(encode_utf16.o)
                0x0010f994                encode_utf16
 .text.encode_utf8
                0x0010f9e8       0xe0 /opt/devkitpro/libctru/lib/libctru.a(encode_utf8.o)
                0x0010f9e8                encode_utf8
 .text.__appExit
                0x0010fac8       0x30 /opt/devkitpro/libctru/lib/libctru.a(appExit.o)
                0x0010fac8                __appExit
 .text.__appInit
                0x0010faf8       0x30 /opt/devkitpro/libctru/lib/libctru.a(appInit.o)
                0x0010faf8                __appInit
 .text.__libctru_exit
                0x0010fb28       0x90 /opt/devkitpro/libctru/lib/libctru.a(ctru_exit.o)
                0x0010fb28                __libctru_exit
 .text.archive_link
                0x0010fbb8       0x14 /opt/devkitpro/libctru/lib/libctru.a(archive_dev.o)
 .text.archive_dirreset
                0x0010fbcc       0x14 /opt/devkitpro/libctru/lib/libctru.a(archive_dev.o)
 .text.archive_chmod
                0x0010fbe0       0x14 /opt/devkitpro/libctru/lib/libctru.a(archive_dev.o)
 .text.error_cmp
                0x0010fbf4       0x24 /opt/devkitpro/libctru/lib/libctru.a(archive_dev.o)
 .text.archive_translate_error
                0x0010fc18       0x50 /opt/devkitpro/libctru/lib/libctru.a(archive_dev.o)
 .text.archive_seek
                0x0010fc68       0xc8 /opt/devkitpro/libctru/lib/libctru.a(archive_dev.o)
 .text._archiveInit.part.0
                0x0010fd30       0x7c /opt/devkitpro/libctru/lib/libctru.a(archive_dev.o)
 .text.archiveFindDevice.part.0
                0x0010fdac       0xc4 /opt/devkitpro/libctru/lib/libctru.a(archive_dev.o)
 .text.archive_utf16path
                0x0010fe70      0x280 /opt/devkitpro/libctru/lib/libctru.a(archive_dev.o)
 .text._archiveUnmountDeviceStruct.part.0
                0x001100f0       0x9c /opt/devkitpro/libctru/lib/libctru.a(archive_dev.o)
 .text.archive_fchmod
                0x0011018c       0x14 /opt/devkitpro/libctru/lib/libctru.a(archive_dev.o)
 .text.archive_statvfs
                0x001101a0       0x14 /opt/devkitpro/libctru/lib/libctru.a(archive_dev.o)
 .text._archiveMountDevice
                0x001101b4      0x164 /opt/devkitpro/libctru/lib/libctru.a(archive_dev.o)
 .text.archive_diropen
                0x00110318       0xe8 /opt/devkitpro/libctru/lib/libctru.a(archive_dev.o)
 .text.archive_fstat
                0x00110400       0xa4 /opt/devkitpro/libctru/lib/libctru.a(archive_dev.o)
 .text.archive_fsync
                0x001104a4       0x6c /opt/devkitpro/libctru/lib/libctru.a(archive_dev.o)
 .text.archive_close
                0x00110510       0x6c /opt/devkitpro/libctru/lib/libctru.a(archive_dev.o)
 .text.archive_dirclose
                0x0011057c       0x70 /opt/devkitpro/libctru/lib/libctru.a(archive_dev.o)
 .text.sdmc_statvfs
                0x001105ec       0xe8 /opt/devkitpro/libctru/lib/libctru.a(archive_dev.o)
 .text.archive_chdir
                0x001106d4       0xec /opt/devkitpro/libctru/lib/libctru.a(archive_dev.o)
 .text.archive_ftruncate
                0x001107c0       0x7c /opt/devkitpro/libctru/lib/libctru.a(archive_dev.o)
 .text.archive_read
                0x0011083c       0xac /opt/devkitpro/libctru/lib/libctru.a(archive_dev.o)
 .text.archive_unlink
                0x001108e8       0xa4 /opt/devkitpro/libctru/lib/libctru.a(archive_dev.o)
 .text.archive_rmdir
                0x0011098c       0xbc /opt/devkitpro/libctru/lib/libctru.a(archive_dev.o)
 .text.archive_mkdir
                0x00110a48       0xdc /opt/devkitpro/libctru/lib/libctru.a(archive_dev.o)
 .text.archive_stat
                0x00110b24      0x194 /opt/devkitpro/libctru/lib/libctru.a(archive_dev.o)
 .text.archive_dirnext
                0x00110cb8      0x160 /opt/devkitpro/libctru/lib/libctru.a(archive_dev.o)
 .text.archive_write
                0x00110e18      0x124 /opt/devkitpro/libctru/lib/libctru.a(archive_dev.o)
 .text.archive_open
                0x00110f3c      0x20c /opt/devkitpro/libctru/lib/libctru.a(archive_dev.o)
 .text.archive_rename
                0x00111148      0x278 /opt/devkitpro/libctru/lib/libctru.a(archive_dev.o)
 .text.archiveMountSdmc
                0x001113c0      0x19c /opt/devkitpro/libctru/lib/libctru.a(archive_dev.o)
                0x001113c0                archiveMountSdmc
 .text.archiveUnmountAll
                0x0011155c       0x54 /opt/devkitpro/libctru/lib/libctru.a(archive_dev.o)
                0x0011155c                archiveUnmountAll
 .text.ceilf    0x001115b0       0xc0 /opt/devkitpro/devkitARM/bin/../lib/gcc/arm-none-eabi/13.2.0/../../../../arm-none-eabi/lib/armv6k/fpu/libm.a(libm_a-sf_ceil.o)
                0x001115b0                ceilf
 .text.strncmp  0x00111670       0xe4 /opt/devkitpro/devkitARM/bin/../lib/gcc/arm-none-eabi/13.2.0/../../../../arm-none-eabi/lib/armv6k/fpu/libg.a(libc_a-strncmp.o)
                0x00111670                strncmp
 .text.strchr   0x00111754      0x130 /opt/devkitpro/devkitARM/bin/../lib/gcc/arm-none-eabi/13.2.0/../../../../arm-none-eabi/lib/armv6k/fpu/libg.a(libc_a-strchr.o)
                0x00111754                strchr
 .text.strlen   0x00111884       0x5c /opt/devkitpro/devkitARM/bin/../lib/gcc/arm-none-eabi/13.2.0/../../../../arm-none-eabi/lib/armv6k/fpu/libg.a(libc_a-strlen-stub.o)
                0x00111884                strlen
 .text._strtoul_l.isra.0
                0x001118e0      0x1d8 /opt/devkitpro/devkitARM/bin/../lib/gcc/arm-none-eabi/13.2.0/../../../../arm-none-eabi/lib/armv6k/fpu/libg.a(libc_a-strtoul.o)
 .text.strtoul  0x00111ab8       0x34 /opt/devkitpro/devkitARM/bin/../lib/gcc/arm-none-eabi/13.2.0/../../../../arm-none-eabi/lib/armv6k/fpu/libg.a(libc_a-strtoul.o)
                0x00111ab8                strtoul
 .text.strncat  0x00111aec       0xe4 /opt/devkitpro/devkitARM/bin/../lib/gcc/arm-none-eabi/13.2.0/../../../../arm-none-eabi/lib/armv6k/fpu/libg.a(libc_a-strncat.o)
                0x00111aec                strncat
 .text.bsearch  0x00111bd0       0x78 /opt/devkitpro/devkitARM/bin/../lib/gcc/arm-none-eabi/13.2.0/../../../../arm-none-eabi/lib/armv6k/fpu/libg.a(libc_a-bsearch.o)
                0x00111bd0                bsearch
 .text._fread_r
                0x00111c48      0x344 /opt/devkitpro/devkitARM/bin/../lib/gcc/arm-none-eabi/13.2.0/../../../../arm-none-eabi/lib/armv6k/fpu/libg.a(libc_a-fread.o)
                0x00111c48                _fread_r
 .text.fread    0x00111f8c       0x38 /opt/devkitpro/devkitARM/bin/../lib/gcc/arm-none-eabi/13.2.0/../../../../arm-none-eabi/lib/armv6k/fpu/libg.a(libc_a-fread.o)
                0x00111f8c                fread
 .text.calloc   0x00111fc4       0x20 /opt/devkitpro/devkitARM/bin/../lib/gcc/arm-none-eabi/13.2.0/../../../../arm-none-eabi/lib/armv6k/fpu/libg.a(libc_a-calloc.o)
                0x00111fc4                calloc
 .text.qsort    0x00111fe4      0x974 /opt/devkitpro/devkitARM/bin/../lib/gcc/arm-none-eabi/13.2.0/../../../../arm-none-eabi/lib/armv6k/fpu/libg.a(libc_a-qsort.o)
                0x00111fe4                qsort
 .text.lflush   0x00112958       0x38 /opt/devkitpro/devkitARM/bin/../lib/gcc/arm-none-eabi/13.2.0/../../../../arm-none-eabi/lib/armv6k/fpu/libg.a(libc_a-refill.o)
 .text.__srefill_r
                0x00112990      0x19c /opt/devkitpro/devkitARM/bin/../lib/gcc/arm-none-eabi/13.2.0/../../../../arm-none-eabi/lib/armv6k/fpu/libg.a(libc_a-refill.o)
                0x00112990                __srefill_r
 .text._fclose_r
                0x00112b2c      0x148 /opt/devkitpro/devkitARM/bin/../lib/gcc/arm-none-eabi/13.2.0/../../../../arm-none-eabi/lib/armv6k/fpu/libg.a(libc_a-fclose.o)
                0x00112b2c                _fclose_r
 .text.fclose   0x00112c74       0x18 /opt/devkitpro/devkitARM/bin/../lib/gcc/arm-none-eabi/13.2.0/../../../../arm-none-eabi/lib/armv6k/fpu/libg.a(libc_a-fclose.o)
                0x00112c74                fclose
 .text._calloc_r
                0x00112c8c       0xc0 /opt/devkitpro/devkitARM/bin/../lib/gcc/arm-none-eabi/13.2.0/../../../../arm-none-eabi/lib/armv6k/fpu/libg.a(libc_a-callocr.o)
                0x00112c8c                _calloc_r
 .text.__smakebuf_r
                0x00112d4c      0x12c /opt/devkitpro/devkitARM/bin/../lib/gcc/arm-none-eabi/13.2.0/../../../../arm-none-eabi/lib/armv6k/fpu/libg.a(libc_a-makebuf.o)
                0x00112d4c                __smakebuf_r
 .text.realloc  0x00112e78       0x20 /opt/devkitpro/devkitARM/bin/../lib/gcc/arm-none-eabi/13.2.0/../../../../arm-none-eabi/lib/armv6k/fpu/libg.a(libc_a-realloc.o)
                0x00112e78                realloc
 .text.memalign
                0x00112e98       0x20 /opt/devkitpro/devkitARM/bin/../lib/gcc/arm-none-eabi/13.2.0/../../../../arm-none-eabi/lib/armv6k/fpu/libg.a(libc_a-malign.o)
                0x00112e98                memalign
 .text.stdio_exit_handler
                0x00112eb8       0x1c /opt/devkitpro/devkitARM/bin/../lib/gcc/arm-none-eabi/13.2.0/../../../../arm-none-eabi/lib/armv6k/fpu/libg.a(libc_a-findfp.o)
 .text.cleanup_stdio
                0x00112ed4       0x5c /opt/devkitpro/devkitARM/bin/../lib/gcc/arm-none-eabi/13.2.0/../../../../arm-none-eabi/lib/armv6k/fpu/libg.a(libc_a-findfp.o)
 .text.global_stdio_init.part.0
                0x00112f30      0x154 /opt/devkitpro/devkitARM/bin/../lib/gcc/arm-none-eabi/13.2.0/../../../../arm-none-eabi/lib/armv6k/fpu/libg.a(libc_a-findfp.o)
 .text.__sfp    0x00113084      0x134 /opt/devkitpro/devkitARM/bin/../lib/gcc/arm-none-eabi/13.2.0/../../../../arm-none-eabi/lib/armv6k/fpu/libg.a(libc_a-findfp.o)
                0x00113084                __sfp
 .text.__sinit  0x001131b8       0x5c /opt/devkitpro/devkitARM/bin/../lib/gcc/arm-none-eabi/13.2.0/../../../../arm-none-eabi/lib/armv6k/fpu/libg.a(libc_a-findfp.o)
                0x001131b8                __sinit
 .text.__sfp_lock_acquire
                0x00113214        0xc /opt/devkitpro/devkitARM/bin/../lib/gcc/arm-none-eabi/13.2.0/../../../../arm-none-eabi/lib/armv6k/fpu/libg.a(libc_a-findfp.o)
                0x00113214                __sfp_lock_acquire
 .text.__sfp_lock_release
                0x00113220        0xc /opt/devkitpro/devkitARM/bin/../lib/gcc/arm-none-eabi/13.2.0/../../../../arm-none-eabi/lib/armv6k/fpu/libg.a(libc_a-findfp.o)
                0x00113220                __sfp_lock_release
 .text._malloc_r
                0x0011322c      0x79c /opt/devkitpro/devkitARM/bin/../lib/gcc/arm-none-eabi/13.2.0/../../../../arm-none-eabi/lib/armv6k/fpu/libg.a(libc_a-mallocr.o)
                0x0011322c                _malloc_r
 .text._malloc_trim_r
                0x001139c8       0xf8 /opt/devkitpro/devkitARM/bin/../lib/gcc/arm-none-eabi/13.2.0/../../../../arm-none-eabi/lib/armv6k/fpu/libg.a(libc_a-freer.o)
                0x001139c8                _malloc_trim_r
 .text._free_r  0x00113ac0      0x2e8 /opt/devkitpro/devkitARM/bin/../lib/gcc/arm-none-eabi/13.2.0/../../../../arm-none-eabi/lib/armv6k/fpu/libg.a(libc_a-freer.o)
                0x00113ac0                _free_r
 .text.strnlen  0x00113da8       0x48 /opt/devkitpro/devkitARM/bin/../lib/gcc/arm-none-eabi/13.2.0/../../../../arm-none-eabi/lib/armv6k/fpu/libg.a(libc_a-strnlen.o)
                0x00113da8                strnlen
 .text.__errno  0x00113df0        0xc /opt/devkitpro/devkitARM/bin/../lib/gcc/arm-none-eabi/13.2.0/../../../../arm-none-eabi/lib/armv6k/fpu/libg.a(libc_a-errno.o)
                0x00113df0                __errno
 .text.malloc   0x00113dfc       0x18 /opt/devkitpro/devkitARM/bin/../lib/gcc/arm-none-eabi/13.2.0/../../../../arm-none-eabi/lib/armv6k/fpu/libg.a(libc_a-malloc.o)
                0x00113dfc                malloc
 .text.free     0x00113e14       0x18 /opt/devkitpro/devkitARM/bin/../lib/gcc/arm-none-eabi/13.2.0/../../../../arm-none-eabi/lib/armv6k/fpu/libg.a(libc_a-malloc.o)
                0x00113e14                free
 .text.memcpy   0x00113e2c      0x11c /opt/devkitpro/devkitARM/bin/../lib/gcc/arm-none-eabi/13.2.0/../../../../arm-none-eabi/lib/armv6k/fpu/libg.a(libc_a-memcpy-stub.o)
                0x00113e2c                memcpy
 .text._fopen_r
                0x00113f48      0x12c /opt/devkitpro/devkitARM/bin/../lib/gcc/arm-none-eabi/13.2.0/../../../../arm-none-eabi/lib/armv6k/fpu/libg.a(libc_a-fopen.o)
                0x00113f48                _fopen_r
 .text.fopen    0x00114074       0x20 /opt/devkitpro/devkitARM/bin/../lib/gcc/arm-none-eabi/13.2.0/../../../../arm-none-eabi/lib/armv6k/fpu/libg.a(libc_a-fopen.o)
                0x00114074                fopen
 .text.memset   0x00114094       0xf4 /opt/devkitpro/devkitARM/bin/../lib/gcc/arm-none-eabi/13.2.0/../../../../arm-none-eabi/lib/armv6k/fpu/libg.a(libc_a-memset.o)
                0x00114094                memset
 .text._realloc_r
                0x00114188      0x4a0 /opt/devkitpro/devkitARM/bin/../lib/gcc/arm-none-eabi/13.2.0/../../../../arm-none-eabi/lib/armv6k/fpu/libg.a(libc_a-reallocr.o)
                0x00114188                _realloc_r
 .text._fwalk_sglue
                0x00114628       0x70 /opt/devkitpro/devkitARM/bin/../lib/gcc/arm-none-eabi/13.2.0/../../../../arm-none-eabi/lib/armv6k/fpu/libg.a(libc_a-fwalk.o)
                0x00114628                _fwalk_sglue
 .text.__malloc_lock
                0x00114698        0xc /opt/devkitpro/devkitARM/bin/../lib/gcc/arm-none-eabi/13.2.0/../../../../arm-none-eabi/lib/armv6k/fpu/libg.a(libc_a-mlock.o)
                0x00114698                __malloc_lock
 .text.__malloc_unlock
                0x001146a4        0xc /opt/devkitpro/devkitARM/bin/../lib/gcc/arm-none-eabi/13.2.0/../../../../arm-none-eabi/lib/armv6k/fpu/libg.a(libc_a-mlock.o)
                0x001146a4                __malloc_unlock
 .text.__call_exitprocs
                0x001146b0        0x4 /opt/devkitpro/devkitARM/bin/../lib/gcc/arm-none-eabi/13.2.0/../../../../arm-none-eabi/lib/armv6k/fpu/libg.a(libc_a-exit.o)
                0x001146b0                __call_exitprocs
 .text.exit     0x001146b4       0x30 /opt/devkitpro/devkitARM/bin/../lib/gcc/arm-none-eabi/13.2.0/../../../../arm-none-eabi/lib/armv6k/fpu/libg.a(libc_a-exit.o)
                0x001146b4                exit
 .text._fseek_r
                0x001146e4       0x1c /opt/devkitpro/devkitARM/bin/../lib/gcc/arm-none-eabi/13.2.0/../../../../arm-none-eabi/lib/armv6k/fpu/libg.a(libc_a-fseek.o)
                0x001146e4                _fseek_r
 .text.strncpy  0x00114700       0xc4 /opt/devkitpro/devkitARM/bin/../lib/gcc/arm-none-eabi/13.2.0/../../../../arm-none-eabi/lib/armv6k/fpu/libg.a(libc_a-strncpy.o)
                0x00114700                strncpy
 .text.__sflags
                0x001147c4       0xb4 /opt/devkitpro/devkitARM/bin/../lib/gcc/arm-none-eabi/13.2.0/../../../../arm-none-eabi/lib/armv6k/fpu/libg.a(libc_a-flags.o)
                0x001147c4                __sflags
 .text.__libc_init_array
                0x00114878       0x84 /opt/devkitpro/devkitARM/bin/../lib/gcc/arm-none-eabi/13.2.0/../../../../arm-none-eabi/lib/armv6k/fpu/libg.a(libc_a-init.o)
                0x00114878                __libc_init_array
 .text.__sflush_r
                0x001148fc      0x22c /opt/devkitpro/devkitARM/bin/../lib/gcc/arm-none-eabi/13.2.0/../../../../arm-none-eabi/lib/armv6k/fpu/libg.a(libc_a-fflush.o)
                0x001148fc                __sflush_r
 .text._fflush_r
                0x00114b28       0x94 /opt/devkitpro/devkitARM/bin/../lib/gcc/arm-none-eabi/13.2.0/../../../../arm-none-eabi/lib/armv6k/fpu/libg.a(libc_a-fflush.o)
                0x00114b28                _fflush_r
 .text.memmove  0x00114bbc      0x150 /opt/devkitpro/devkitARM/bin/../lib/gcc/arm-none-eabi/13.2.0/../../../../arm-none-eabi/lib/armv6k/fpu/libg.a(libc_a-memmove.o)
                0x00114bbc                memmove
 .text._memalign_r
                0x00114d0c      0x14c /opt/devkitpro/devkitARM/bin/../lib/gcc/arm-none-eabi/13.2.0/../../../../arm-none-eabi/lib/armv6k/fpu/libg.a(libc_a-malignr.o)
                0x00114d0c                _memalign_r
 .text.__libc_fini_array
                0x00114e58       0x3c /opt/devkitpro/devkitARM/bin/../lib/gcc/arm-none-eabi/13.2.0/../../../../arm-none-eabi/lib/armv6k/fpu/libg.a(libc_a-fini.o)
                0x00114e58                __libc_fini_array
 .text._fseeko_r
                0x00114e94      0x590 /opt/devkitpro/devkitARM/bin/../lib/gcc/arm-none-eabi/13.2.0/../../../../arm-none-eabi/lib/armv6k/fpu/libg.a(libc_a-fseeko.o)
                0x00114e94                _fseeko_r
 .text.__sread  0x00115424       0x44 /opt/devkitpro/devkitARM/bin/../lib/gcc/arm-none-eabi/13.2.0/../../../../arm-none-eabi/lib/armv6k/fpu/libg.a(libc_a-stdio.o)
                0x00115424                __sread
 .text.__swrite
                0x00115468       0x68 /opt/devkitpro/devkitARM/bin/../lib/gcc/arm-none-eabi/13.2.0/../../../../arm-none-eabi/lib/armv6k/fpu/libg.a(libc_a-stdio.o)
                0x00115468                __swrite
 .text.__sseek  0x001154d0       0x44 /opt/devkitpro/devkitARM/bin/../lib/gcc/arm-none-eabi/13.2.0/../../../../arm-none-eabi/lib/armv6k/fpu/libg.a(libc_a-stdio.o)
                0x001154d0                __sseek
 .text.__sclose
                0x00115514        0x8 /opt/devkitpro/devkitARM/bin/../lib/gcc/arm-none-eabi/13.2.0/../../../../arm-none-eabi/lib/armv6k/fpu/libg.a(libc_a-stdio.o)
                0x00115514                __sclose
 .text._exit    0x0011551c       0x20 /opt/devkitpro/devkitARM/bin/../lib/gcc/arm-none-eabi/13.2.0/../../../../arm-none-eabi/lib/armv6k/fpu/libsysbase.a(libsysbase_libsysbase_a-_exit.o)
                0x0011551c                _exit
 .text.chdir    0x0011553c      0x13c /opt/devkitpro/devkitARM/bin/../lib/gcc/arm-none-eabi/13.2.0/../../../../arm-none-eabi/lib/armv6k/fpu/libsysbase.a(libsysbase_libsysbase_a-chdir.o)
                0x0011553c                chdir
 .text._concatenate_path
                0x00115678      0x1cc /opt/devkitpro/devkitARM/bin/../lib/gcc/arm-none-eabi/13.2.0/../../../../arm-none-eabi/lib/armv6k/fpu/libsysbase.a(libsysbase_libsysbase_a-concatenate.o)
                0x00115678                _concatenate_path
 .text._fstat_r
                0x00115844       0x78 /opt/devkitpro/devkitARM/bin/../lib/gcc/arm-none-eabi/13.2.0/../../../../arm-none-eabi/lib/armv6k/fpu/libsysbase.a(libsysbase_libsysbase_a-fstat.o)
                0x00115844                _fstat_r
 .text.__getreent
                0x001158bc       0x2c /opt/devkitpro/devkitARM/bin/../lib/gcc/arm-none-eabi/13.2.0/../../../../arm-none-eabi/lib/armv6k/fpu/libsysbase.a(libsysbase_libsysbase_a-getreent.o)
                0x001158bc                __getreent
 .text.__release_handle
                0x001158e8       0x8c /opt/devkitpro/devkitARM/bin/../lib/gcc/arm-none-eabi/13.2.0/../../../../arm-none-eabi/lib/armv6k/fpu/libsysbase.a(libsysbase_libsysbase_a-handle_manager.o)
                0x001158e8                __release_handle
 .text.__alloc_handle
                0x00115974       0xb0 /opt/devkitpro/devkitARM/bin/../lib/gcc/arm-none-eabi/13.2.0/../../../../arm-none-eabi/lib/armv6k/fpu/libsysbase.a(libsysbase_libsysbase_a-handle_manager.o)
                0x00115974                __alloc_handle
 .text.__get_handle
                0x00115a24       0x3c /opt/devkitpro/devkitARM/bin/../lib/gcc/arm-none-eabi/13.2.0/../../../../arm-none-eabi/lib/armv6k/fpu/libsysbase.a(libsysbase_libsysbase_a-handle_manager.o)
                0x00115a24                __get_handle
 .text._close_r
                0x00115a60       0xf4 /opt/devkitpro/devkitARM/bin/../lib/gcc/arm-none-eabi/13.2.0/../../../../arm-none-eabi/lib/armv6k/fpu/libsysbase.a(libsysbase_libsysbase_a-handle_manager.o)
                0x00115a60                _close_r
 .text.null_write
                0x00115b54        0x8 /opt/devkitpro/devkitARM/bin/../lib/gcc/arm-none-eabi/13.2.0/../../../../arm-none-eabi/lib/armv6k/fpu/libsysbase.a(libsysbase_libsysbase_a-iosupport.o)
 .text.setDefaultDevice
                0x00115b5c       0x18 /opt/devkitpro/devkitARM/bin/../lib/gcc/arm-none-eabi/13.2.0/../../../../arm-none-eabi/lib/armv6k/fpu/libsysbase.a(libsysbase_libsysbase_a-iosupport.o)
                0x00115b5c                setDefaultDevice
 .text.FindDevice
                0x00115b74       0xc8 /opt/devkitpro/devkitARM/bin/../lib/gcc/arm-none-eabi/13.2.0/../../../../arm-none-eabi/lib/armv6k/fpu/libsysbase.a(libsysbase_libsysbase_a-iosupport.o)
                0x00115b74                FindDevice
 .text.RemoveDevice
                0x00115c3c       0x28 /opt/devkitpro/devkitARM/bin/../lib/gcc/arm-none-eabi/13.2.0/../../../../arm-none-eabi/lib/armv6k/fpu/libsysbase.a(libsysbase_libsysbase_a-iosupport.o)
                0x00115c3c                RemoveDevice
 .text.AddDevice
                0x00115c64       0x9c /opt/devkitpro/devkitARM/bin/../lib/gcc/arm-none-eabi/13.2.0/../../../../arm-none-eabi/lib/armv6k/fpu/libsysbase.a(libsysbase_libsysbase_a-iosupport.o)
                0x00115c64                AddDevice
 .text.GetDeviceOpTab
                0x00115d00       0x20 /opt/devkitpro/devkitARM/bin/../lib/gcc/arm-none-eabi/13.2.0/../../../../arm-none-eabi/lib/armv6k/fpu/libsysbase.a(libsysbase_libsysbase_a-iosupport.o)
                0x00115d00                GetDeviceOpTab
 .text._isatty_r
                0x00115d20        0x8 /opt/devkitpro/devkitARM/bin/../lib/gcc/arm-none-eabi/13.2.0/../../../../arm-none-eabi/lib/armv6k/fpu/libsysbase.a(libsysbase_libsysbase_a-isatty.o)
                0x00115d20                _isatty_r
 .text._lseek_r
                0x00115d28       0x84 /opt/devkitpro/devkitARM/bin/../lib/gcc/arm-none-eabi/13.2.0/../../../../arm-none-eabi/lib/armv6k/fpu/libsysbase.a(libsysbase_libsysbase_a-lseek.o)
                0x00115d28                _lseek_r
 .text._open_r  0x00115dac       0xbc /opt/devkitpro/devkitARM/bin/../lib/gcc/arm-none-eabi/13.2.0/../../../../arm-none-eabi/lib/armv6k/fpu/libsysbase.a(libsysbase_libsysbase_a-open.o)
                0x00115dac                _open_r
 .text._read_r  0x00115e68       0x80 /opt/devkitpro/devkitARM/bin/../lib/gcc/arm-none-eabi/13.2.0/../../../../arm-none-eabi/lib/armv6k/fpu/libsysbase.a(libsysbase_libsysbase_a-read.o)
                0x00115e68                _read_r
 .text._sbrk_r  0x00115ee8       0x78 /opt/devkitpro/devkitARM/bin/../lib/gcc/arm-none-eabi/13.2.0/../../../../arm-none-eabi/lib/armv6k/fpu/libsysbase.a(libsysbase_libsysbase_a-sbrk.o)
                0x00115ee8                _sbrk_r
 .text.__libc_lock_acquire
                0x00115f60       0x1c /opt/devkitpro/devkitARM/bin/../lib/gcc/arm-none-eabi/13.2.0/../../../../arm-none-eabi/lib/armv6k/fpu/libsysbase.a(libsysbase_libsysbase_a-syscall_support.o)
                0x00115f60                __libc_lock_acquire
 .text.__libc_lock_release
                0x00115f7c       0x1c /opt/devkitpro/devkitARM/bin/../lib/gcc/arm-none-eabi/13.2.0/../../../../arm-none-eabi/lib/armv6k/fpu/libsysbase.a(libsysbase_libsysbase_a-syscall_support.o)
                0x00115f7c                __libc_lock_release
 .text.__libc_lock_acquire_recursive
                0x00115f98       0x1c /opt/devkitpro/devkitARM/bin/../lib/gcc/arm-none-eabi/13.2.0/../../../../arm-none-eabi/lib/armv6k/fpu/libsysbase.a(libsysbase_libsysbase_a-syscall_support.o)
                0x00115f98                __libc_lock_acquire_recursive
 .text.__libc_lock_release_recursive
                0x00115fb4       0x1c /opt/devkitpro/devkitARM/bin/../lib/gcc/arm-none-eabi/13.2.0/../../../../arm-none-eabi/lib/armv6k/fpu/libsysbase.a(libsysbase_libsysbase_a-syscall_support.o)
                0x00115fb4                __libc_lock_release_recursive
 .text._write_r
                0x00115fd0       0x80 /opt/devkitpro/devkitARM/bin/../lib/gcc/arm-none-eabi/13.2.0/../../../../arm-none-eabi/lib/armv6k/fpu/libsysbase.a(libsysbase_libsysbase_a-write.o)
                0x00115fd0                _write_r
 .text.strrchr  0x00116050       0x48 /opt/devkitpro/devkitARM/bin/../lib/gcc/arm-none-eabi/13.2.0/../../../../arm-none-eabi/lib/armv6k/fpu/libg.a(libc_a-strrchr.o)
                0x00116050                strrchr
 *(.glue_7)
 .glue_7        0x00116098        0x0 linker stubs
 *(.glue_7t)
 .glue_7t       0x00116098        0x0 linker stubs
 *(.stub)
 *(.gnu.warning)
 *(.gnu.linkonce.t*)
                0x00116098                        . = ALIGN (0x4)
 *(.fini)
 .fini          0x00116098        0xc /opt/devkitpro/devkitARM/bin/../lib/gcc/arm-none-eabi/13.2.0/armv6k/fpu/crti.o
                0x00116098                _fini
 .fini          0x001160a4        0xc /opt/devkitpro/devkitARM/bin/../lib/gcc/arm-none-eabi/13.2.0/armv6k/fpu/crtn.o
                0x001160b0                        . = ALIGN (0x4)

.vfp11_veneer   0x001160b0        0x0
 .vfp11_veneer  0x001160b0        0x0 linker stubs

.v4_bx          0x001160b0        0x0
 .v4_bx         0x001160b0        0x0 linker stubs

.iplt           0x001160b0        0x0
 .iplt          0x001160b0        0x0 /opt/devkitpro/devkitARM/bin/../lib/gcc/arm-none-eabi/13.2.0/../../../../arm-none-eabi/lib/armv6k/fpu/3dsx_crt0.o
                0x00117000                        . = ALIGN (0x1000)

.rodata         0x00117000      0x60c
 *(.rodata)
 .rodata        0x00117000      0x150 main.o
 .rodata        0x00117150        0xc /opt/devkitpro/libctru/lib/libctru.a(archive_dev.o)
 *(.roda)
 *(.rodata.*)
 .rodata.str1.4
                0x0011715c       0xb4 main.o
                                 0x12 (size before relaxing)
 .rodata.C2D_Init.str1.4
                0x00117210       0x10 /opt/devkitpro/libctru/lib/libcitro2d.a(base.o)
 .rodata.C2D_FontLoad.str1.4
                0x00117210        0x3 /opt/devkitpro/libctru/lib/libcitro2d.a(font.o)
 .rodata.render2d_shbin
                0x00117210      0x190 /opt/devkitpro/libctru/lib/libcitro2d.a(render2d.shbin.o)
                0x00117210                render2d_shbin
                0x0011739c                render2d_shbin_size
                0x0011739c                render2d_shbin_end
 .rodata.depthFmtSizes
                0x001173a0        0x4 /opt/devkitpro/libctru/lib/libcitro3d.a(framebuffer.o)
 .rodata.colorFmtSizes
                0x001173a4        0x5 /opt/devkitpro/libctru/lib/libcitro3d.a(framebuffer.o)
 *fill*         0x001173a9        0x3 
 .rodata.CSWTCH.11
                0x001173ac       0x10 /opt/devkitpro/libctru/lib/libcitro3d.a(proctex.o)
 .rodata.aptSendCommand.str1.4
                0x001173bc       0x16 /opt/devkitpro/libctru/lib/libctru.a(apt.o)
 .rodata.morton_y.2
                0x001173bc        0x8 /opt/devkitpro/libctru/lib/libctru.a(apt.o)
 .rodata.morton_x.3
                0x001173c4        0x8 /opt/devkitpro/libctru/lib/libctru.a(apt.o)
 .rodata.s_sleepWakeEvents.4
                0x001173cc        0x8 /opt/devkitpro/libctru/lib/libctru.a(apt.o)
 .rodata.fsInit.str1.4
                0x001173d4        0x8 /opt/devkitpro/libctru/lib/libctru.a(fs.o)
 .rodata.gspInit.str1.4
                0x001173d4        0x9 /opt/devkitpro/libctru/lib/libctru.a(gspgpu.o)
 .rodata.hidInit.str1.4
                0x001173d4       0x15 /opt/devkitpro/libctru/lib/libctru.a(hid.o)
 .rodata.irrstInit.str1.4
                0x001173d4        0x7 /opt/devkitpro/libctru/lib/libctru.a(irrst.o)
 .rodata.ptmSysmInit.str1.4
                0x001173d4        0x9 /opt/devkitpro/libctru/lib/libctru.a(ptmsysm.o)
 .rodata.__system_initArgv.str1.4
                0x001173d4        0xa /opt/devkitpro/libctru/lib/libctru.a(initArgv.o)
 .rodata.srvInit.str1.4
                0x001173d4        0x5 /opt/devkitpro/libctru/lib/libctru.a(srv.o)
 .rodata.archive_utf16path.str1.4
                0x001173d4        0x2 /opt/devkitpro/libctru/lib/libctru.a(archive_dev.o)
 .rodata._archiveUnmountDeviceStruct.part.0.str1.4
                0x001173d4        0x2 /opt/devkitpro/libctru/lib/libctru.a(archive_dev.o)
 .rodata._archiveMountDevice.str1.4
                0x001173d4        0xc /opt/devkitpro/libctru/lib/libctru.a(archive_dev.o)
 .rodata.archiveMountSdmc.str1.4
                0x001173d4        0x5 /opt/devkitpro/libctru/lib/libctru.a(archive_dev.o)
 .rodata.error_table
                0x001173d4       0x30 /opt/devkitpro/libctru/lib/libctru.a(archive_dev.o)
 .rodata.str1.4
                0x00117404        0x8 /opt/devkitpro/libctru/lib/libctru.a(archive_dev.o)
 .rodata.archive_devoptab
                0x00117404       0x80 /opt/devkitpro/libctru/lib/libctru.a(archive_dev.o)
 .rodata._ctype_
                0x00117484      0x101 /opt/devkitpro/devkitARM/bin/../lib/gcc/arm-none-eabi/13.2.0/../../../../arm-none-eabi/lib/armv6k/fpu/libg.a(libc_a-ctype_.o)
                0x00117484                _ctype_
 .rodata.AddDevice.str1.4
                0x00117585        0x8 /opt/devkitpro/devkitARM/bin/../lib/gcc/arm-none-eabi/13.2.0/../../../../arm-none-eabi/lib/armv6k/fpu/libsysbase.a(libsysbase_libsysbase_a-iosupport.o)
 *fill*         0x00117585        0x3 
 .rodata.dotab_stdnull
                0x00117588       0x80 /opt/devkitpro/devkitARM/bin/../lib/gcc/arm-none-eabi/13.2.0/../../../../arm-none-eabi/lib/armv6k/fpu/libsysbase.a(libsysbase_libsysbase_a-iosupport.o)
                0x00117588                dotab_stdnull
 *all.rodata*(*)
 *(.gnu.linkonce.r*)
                0x00117608                        . = ALIGN (0x4)
                0x00117608                        __tdata_align = .
                0x00117608        0x4 LONG 0x4 ALIGNOF (.tdata)
                0x0011760c                        . = ALIGN (0x4)

.eh_frame       0x0011760c        0x0
 .eh_frame      0x0011760c        0x0 /opt/devkitpro/devkitARM/bin/../lib/gcc/arm-none-eabi/13.2.0/armv6k/fpu/crtbegin.o

.rel.dyn        0x0011760c        0x0
 .rel.iplt      0x0011760c        0x0 /opt/devkitpro/devkitARM/bin/../lib/gcc/arm-none-eabi/13.2.0/../../../../arm-none-eabi/lib/armv6k/fpu/3dsx_crt0.o
 .rel.got       0x0011760c        0x0 /opt/devkitpro/devkitARM/bin/../lib/gcc/arm-none-eabi/13.2.0/../../../../arm-none-eabi/lib/armv6k/fpu/3dsx_crt0.o

.ARM.extab
 *(.ARM.extab* .gnu.linkonce.armextab.*)
                0x0011760c                        __exidx_start = .

.ARM.exidx
 *(.ARM.exidx* .gnu.linkonce.armexidx.*)
                0x0011760c                        __exidx_end = .
                0x00118000                        . = ALIGN (0x1000)

.data           0x00118000     0x28f4
 *(.data)
 .data          0x00118000      0xed8 main.o
 *(.data.*)
 .data.framerateCounter
                0x00118ed8        0x8 /opt/devkitpro/libctru/lib/libcitro3d.a(renderqueue.o)
 .data.framerate
                0x00118ee0        0x4 /opt/devkitpro/libctru/lib/libcitro3d.a(renderqueue.o)
 .data.queueLock
                0x00118ee4        0x4 /opt/devkitpro/libctru/lib/libctru.a(gxqueue.o)
 .data.aptChainloadDeliverArgSize
                0x00118ee8        0x4 /opt/devkitpro/libctru/lib/libctru.a(apt.o)
 .data.kCount   0x00118eec        0x4 /opt/devkitpro/libctru/lib/libctru.a(hid.o)
 .data.kInterval
                0x00118ef0        0x4 /opt/devkitpro/libctru/lib/libctru.a(hid.o)
 .data.kDelay   0x00118ef4        0x4 /opt/devkitpro/libctru/lib/libctru.a(hid.o)
 .data.__stacksize__
                0x00118ef8        0x4 /opt/devkitpro/libctru/lib/libctru.a(stack_adjust.o)
                0x00118ef8                __stacksize__
 .data._impure_ptr
                0x00118efc        0x4 /opt/devkitpro/devkitARM/bin/../lib/gcc/arm-none-eabi/13.2.0/../../../../arm-none-eabi/lib/armv6k/fpu/libg.a(libc_a-impure.o)
                0x00118efc                _impure_ptr
 .data._impure_data
                0x00118f00      0x120 /opt/devkitpro/devkitARM/bin/../lib/gcc/arm-none-eabi/13.2.0/../../../../arm-none-eabi/lib/armv6k/fpu/libg.a(libc_a-impure.o)
                0x00118f00                _impure_data
 .data.__sglue  0x00119020        0xc /opt/devkitpro/devkitARM/bin/../lib/gcc/arm-none-eabi/13.2.0/../../../../arm-none-eabi/lib/armv6k/fpu/libg.a(libc_a-findfp.o)
                0x00119020                __sglue
 .data.__malloc_sbrk_base
                0x0011902c        0x4 /opt/devkitpro/devkitARM/bin/../lib/gcc/arm-none-eabi/13.2.0/../../../../arm-none-eabi/lib/armv6k/fpu/libg.a(libc_a-mallocr.o)
                0x0011902c                __malloc_sbrk_base
 .data.__malloc_trim_threshold
                0x00119030        0x4 /opt/devkitpro/devkitARM/bin/../lib/gcc/arm-none-eabi/13.2.0/../../../../arm-none-eabi/lib/armv6k/fpu/libg.a(libc_a-mallocr.o)
                0x00119030                __malloc_trim_threshold
 *fill*         0x00119034        0x4 
 .data.__malloc_av_
                0x00119038      0x408 /opt/devkitpro/devkitARM/bin/../lib/gcc/arm-none-eabi/13.2.0/../../../../arm-none-eabi/lib/armv6k/fpu/libg.a(libc_a-mallocr.o)
                0x00119038                __malloc_av_
 .data._current_working_directory
                0x00119440      0x400 /opt/devkitpro/devkitARM/bin/../lib/gcc/arm-none-eabi/13.2.0/../../../../arm-none-eabi/lib/armv6k/fpu/libsysbase.a(libsysbase_libsysbase_a-chdir.o)
 .data.handles  0x00119840     0x1000 /opt/devkitpro/devkitARM/bin/../lib/gcc/arm-none-eabi/13.2.0/../../../../arm-none-eabi/lib/armv6k/fpu/libsysbase.a(libsysbase_libsysbase_a-handle_manager.o)
 .data.__stderr_handle
                0x0011a840        0xc /opt/devkitpro/devkitARM/bin/../lib/gcc/arm-none-eabi/13.2.0/../../../../arm-none-eabi/lib/armv6k/fpu/libsysbase.a(libsysbase_libsysbase_a-handle_manager.o)
 .data.__stdout_handle
                0x0011a84c        0xc /opt/devkitpro/devkitARM/bin/../lib/gcc/arm-none-eabi/13.2.0/../../../../arm-none-eabi/lib/armv6k/fpu/libsysbase.a(libsysbase_libsysbase_a-handle_manager.o)
 .data.__stdin_handle
                0x0011a858        0xc /opt/devkitpro/devkitARM/bin/../lib/gcc/arm-none-eabi/13.2.0/../../../../arm-none-eabi/lib/armv6k/fpu/libsysbase.a(libsysbase_libsysbase_a-handle_manager.o)
 .data.devoptab_list
                0x0011a864       0x8c /opt/devkitpro/devkitARM/bin/../lib/gcc/arm-none-eabi/13.2.0/../../../../arm-none-eabi/lib/armv6k/fpu/libsysbase.a(libsysbase_libsysbase_a-iosupport.o)
                0x0011a864                devoptab_list
 .data.defaultDevice
                0x0011a8f0        0x4 /opt/devkitpro/devkitARM/bin/../lib/gcc/arm-none-eabi/13.2.0/../../../../arm-none-eabi/lib/armv6k/fpu/libsysbase.a(libsysbase_libsysbase_a-iosupport.o)
 *(.gnu.linkonce.d*)
                0x0011a8f4                        . = ALIGN (0x4)

.igot.plt       0x0011a8f4        0x0
 .igot.plt      0x0011a8f4        0x0 /opt/devkitpro/devkitARM/bin/../lib/gcc/arm-none-eabi/13.2.0/../../../../arm-none-eabi/lib/armv6k/fpu/3dsx_crt0.o

.got            0x0011a8f4        0x8
 .got           0x0011a8f4        0x8 /opt/devkitpro/devkitARM/bin/../lib/gcc/arm-none-eabi/13.2.0/../../../../arm-none-eabi/lib/armv6k/fpu/3dsx_crt0.o

.got.plt        0x0011a8fc        0xc
 .got.plt       0x0011a8fc        0xc /opt/devkitpro/devkitARM/bin/../lib/gcc/arm-none-eabi/13.2.0/../../../../arm-none-eabi/lib/armv6k/fpu/3dsx_crt0.o
                0x0011a8fc                _GLOBAL_OFFSET_TABLE_

.tdata          0x0011a908        0x0
                0x0011a908                        __tdata_lma = .
 *(.tdata)
 *(.tdata.*)
 *(.gnu.linkonce.td.*)
                0x0011a908                        . = ALIGN (0x4)
                0x0011a908                        __tdata_lma_end = .

.tbss           0x0011a908      0xc08
 *(.tbss)
 *(.tbss.*)
 .tbss.__ctru_dev_utf16_buf
                0x0011a908      0x802 /opt/devkitpro/libctru/lib/libctru.a(path_buf.o)
                0x0011a908                __ctru_dev_utf16_buf
 *fill*         0x0011b10a        0x2 
 .tbss.__ctru_dev_path_buf
                0x0011b10c      0x401 /opt/devkitpro/libctru/lib/libctru.a(path_buf.o)
                0x0011b10c                __ctru_dev_path_buf
 *(.gnu.linkonce.tb.*)
 *(.tcommon)
                0x0011b510                        . = ALIGN (0x4)
 *fill*         0x0011b50d        0x3 

.preinit_array  0x0011a908        0x0
                0x0011a908                        PROVIDE (__preinit_array_start = .)
 *(.preinit_array)
                0x0011a908                        PROVIDE (__preinit_array_end = .)

.init_array     0x0011a908        0x4
                0x0011a908                        PROVIDE (__init_array_start = .)
 *(SORT_BY_NAME(.init_array.*))
 *(.init_array)
 .init_array    0x0011a908        0x4 /opt/devkitpro/devkitARM/bin/../lib/gcc/arm-none-eabi/13.2.0/armv6k/fpu/crtbegin.o
                0x0011a90c                        PROVIDE (__init_array_end = .)

.fini_array     0x0011a90c        0x4
                0x0011a90c                        PROVIDE (__fini_array_start = .)
 *(.fini_array)
 .fini_array    0x0011a90c        0x4 /opt/devkitpro/devkitARM/bin/../lib/gcc/arm-none-eabi/13.2.0/armv6k/fpu/crtbegin.o
 *(SORT_BY_NAME(.fini_array.*))
                0x0011a910                        PROVIDE (__fini_array_end = .)

.ctors
 *crtbegin.o(.ctors)
 *(EXCLUDE_FILE(*crtend.o) .ctors)
 *(SORT_BY_NAME(.ctors.*))
 *(.ctors)

.dtors
 *crtbegin.o(.dtors)
 *(EXCLUDE_FILE(*crtend.o) .dtors)
 *(SORT_BY_NAME(.dtors.*))
 *(.dtors)
                0x0011a910                        __bss_start__ = .

.bss            0x0011a910     0x453c
 *(.dynbss)
 *(.bss)
 .bss           0x0011a910       0x6d main.o
                0x0011a97c                bsel
 *(.bss.*)
 .bss.completed.1
                0x0011a97d        0x1 /opt/devkitpro/devkitARM/bin/../lib/gcc/arm-none-eabi/13.2.0/armv6k/fpu/crtbegin.o
 *fill*         0x0011a97e        0x2 
 .bss.object.0  0x0011a980       0x18 /opt/devkitpro/devkitARM/bin/../lib/gcc/arm-none-eabi/13.2.0/armv6k/fpu/crtbegin.o
 .bss.__C2Di_Context
                0x0011a998      0x5a8 /opt/devkitpro/libctru/lib/libcitro2d.a(base.o)
                0x0011a998                __C2Di_Context
 .bss.s_projBot
                0x0011af40       0x40 /opt/devkitpro/libctru/lib/libcitro2d.a(base.o)
 .bss.s_projTop
                0x0011af80       0x40 /opt/devkitpro/libctru/lib/libcitro2d.a(base.o)
 .bss.uLoc_mdlvMtx
                0x0011afc0        0x4 /opt/devkitpro/libctru/lib/libcitro2d.a(base.o)
 .bss.uLoc_projMtx
                0x0011afc4        0x4 /opt/devkitpro/libctru/lib/libcitro2d.a(base.o)
 .bss.s_glyphSheets
                0x0011afc8        0x4 /opt/devkitpro/libctru/lib/libcitro2d.a(text.o)
 .bss.s_textScale
                0x0011afcc        0x4 /opt/devkitpro/libctru/lib/libcitro2d.a(text.o)
 .bss.hookCookie
                0x0011afd0        0xc /opt/devkitpro/libctru/lib/libcitro3d.a(base.o)
 *fill*         0x0011afdc        0x4 
 .bss.__C3D_Context
                0x0011afe0      0x2d0 /opt/devkitpro/libctru/lib/libcitro3d.a(base.o)
                0x0011afe0                __C3D_Context
 .bss.frameEndCbData
                0x0011b2b0        0x4 /opt/devkitpro/libctru/lib/libcitro3d.a(renderqueue.o)
 .bss.frameEndCb
                0x0011b2b4        0x4 /opt/devkitpro/libctru/lib/libcitro3d.a(renderqueue.o)
 .bss.frameCounter
                0x0011b2b8        0x8 /opt/devkitpro/libctru/lib/libcitro3d.a(renderqueue.o)
 .bss.isTopStereo
                0x0011b2c0        0x1 /opt/devkitpro/libctru/lib/libcitro3d.a(renderqueue.o)
 .bss.needSwapBot
                0x0011b2c1        0x1 /opt/devkitpro/libctru/lib/libcitro3d.a(renderqueue.o)
 .bss.needSwapTop
                0x0011b2c2        0x1 /opt/devkitpro/libctru/lib/libcitro3d.a(renderqueue.o)
 .bss.measureGpuTime
                0x0011b2c3        0x1 /opt/devkitpro/libctru/lib/libcitro3d.a(renderqueue.o)
 .bss.inSafeTransfer
                0x0011b2c4        0x1 /opt/devkitpro/libctru/lib/libcitro3d.a(renderqueue.o)
 .bss.inFrame   0x0011b2c5        0x1 /opt/devkitpro/libctru/lib/libcitro3d.a(renderqueue.o)
 *fill*         0x0011b2c6        0x2 
 .bss.cpuTime   0x0011b2c8       0x10 /opt/devkitpro/libctru/lib/libcitro3d.a(renderqueue.o)
 .bss.gpuTime   0x0011b2d8       0x10 /opt/devkitpro/libctru/lib/libcitro3d.a(renderqueue.o)
 .bss.linkedTarget
                0x0011b2e8        0xc /opt/devkitpro/libctru/lib/libcitro3d.a(renderqueue.o)
 .bss.lastTarget